Archive member included to satisfy reference by file (symbol)

c:/st/stm32cubeide_1.3.0/stm32cubeide/plugins/com.st.stm32cube.ide.mcu.externaltools.gnu-tools-for-stm32.7-2018-q2-update.win32_1.5.0.202011040924/tools/bin/../lib/gcc/arm-none-eabi/7.3.1/../../../../arm-none-eabi/lib/thumb/v7e-m/fpv5/hard\libc_nano.a(lib_a-errno.o)
                              Core/Src/syscalls.o (__errno)
c:/st/stm32cubeide_1.3.0/stm32cubeide/plugins/com.st.stm32cube.ide.mcu.externaltools.gnu-tools-for-stm32.7-2018-q2-update.win32_1.5.0.202011040924/tools/bin/../lib/gcc/arm-none-eabi/7.3.1/../../../../arm-none-eabi/lib/thumb/v7e-m/fpv5/hard\libc_nano.a(lib_a-exit.o)
                              c:/st/stm32cubeide_1.3.0/stm32cubeide/plugins/com.st.stm32cube.ide.mcu.externaltools.gnu-tools-for-stm32.7-2018-q2-update.win32_1.5.0.202011040924/tools/bin/../lib/gcc/arm-none-eabi/7.3.1/../../../../arm-none-eabi/lib/thumb/v7e-m/fpv5/hard/crt0.o (exit)
c:/st/stm32cubeide_1.3.0/stm32cubeide/plugins/com.st.stm32cube.ide.mcu.externaltools.gnu-tools-for-stm32.7-2018-q2-update.win32_1.5.0.202011040924/tools/bin/../lib/gcc/arm-none-eabi/7.3.1/../../../../arm-none-eabi/lib/thumb/v7e-m/fpv5/hard\libc_nano.a(lib_a-impure.o)
                              c:/st/stm32cubeide_1.3.0/stm32cubeide/plugins/com.st.stm32cube.ide.mcu.externaltools.gnu-tools-for-stm32.7-2018-q2-update.win32_1.5.0.202011040924/tools/bin/../lib/gcc/arm-none-eabi/7.3.1/../../../../arm-none-eabi/lib/thumb/v7e-m/fpv5/hard\libc_nano.a(lib_a-exit.o) (_global_impure_ptr)
c:/st/stm32cubeide_1.3.0/stm32cubeide/plugins/com.st.stm32cube.ide.mcu.externaltools.gnu-tools-for-stm32.7-2018-q2-update.win32_1.5.0.202011040924/tools/bin/../lib/gcc/arm-none-eabi/7.3.1/../../../../arm-none-eabi/lib/thumb/v7e-m/fpv5/hard\libc_nano.a(lib_a-init.o)
                              c:/st/stm32cubeide_1.3.0/stm32cubeide/plugins/com.st.stm32cube.ide.mcu.externaltools.gnu-tools-for-stm32.7-2018-q2-update.win32_1.5.0.202011040924/tools/bin/../lib/gcc/arm-none-eabi/7.3.1/../../../../arm-none-eabi/lib/thumb/v7e-m/fpv5/hard/crt0.o (__libc_init_array)
c:/st/stm32cubeide_1.3.0/stm32cubeide/plugins/com.st.stm32cube.ide.mcu.externaltools.gnu-tools-for-stm32.7-2018-q2-update.win32_1.5.0.202011040924/tools/bin/../lib/gcc/arm-none-eabi/7.3.1/../../../../arm-none-eabi/lib/thumb/v7e-m/fpv5/hard\libc_nano.a(lib_a-memset.o)
                              c:/st/stm32cubeide_1.3.0/stm32cubeide/plugins/com.st.stm32cube.ide.mcu.externaltools.gnu-tools-for-stm32.7-2018-q2-update.win32_1.5.0.202011040924/tools/bin/../lib/gcc/arm-none-eabi/7.3.1/../../../../arm-none-eabi/lib/thumb/v7e-m/fpv5/hard/crt0.o (memset)
c:/st/stm32cubeide_1.3.0/stm32cubeide/plugins/com.st.stm32cube.ide.mcu.externaltools.gnu-tools-for-stm32.7-2018-q2-update.win32_1.5.0.202011040924/tools/bin/../lib/gcc/arm-none-eabi/7.3.1/thumb/v7e-m/fpv5/hard\libgcc.a(_aeabi_uldivmod.o)
                              Drivers/STM32F7xx_HAL_Driver/Src/stm32f7xx_hal_rcc.o (__aeabi_uldivmod)
c:/st/stm32cubeide_1.3.0/stm32cubeide/plugins/com.st.stm32cube.ide.mcu.externaltools.gnu-tools-for-stm32.7-2018-q2-update.win32_1.5.0.202011040924/tools/bin/../lib/gcc/arm-none-eabi/7.3.1/thumb/v7e-m/fpv5/hard\libgcc.a(_udivmoddi4.o)
                              c:/st/stm32cubeide_1.3.0/stm32cubeide/plugins/com.st.stm32cube.ide.mcu.externaltools.gnu-tools-for-stm32.7-2018-q2-update.win32_1.5.0.202011040924/tools/bin/../lib/gcc/arm-none-eabi/7.3.1/thumb/v7e-m/fpv5/hard\libgcc.a(_aeabi_uldivmod.o) (__udivmoddi4)
c:/st/stm32cubeide_1.3.0/stm32cubeide/plugins/com.st.stm32cube.ide.mcu.externaltools.gnu-tools-for-stm32.7-2018-q2-update.win32_1.5.0.202011040924/tools/bin/../lib/gcc/arm-none-eabi/7.3.1/thumb/v7e-m/fpv5/hard\libgcc.a(_dvmd_tls.o)
                              c:/st/stm32cubeide_1.3.0/stm32cubeide/plugins/com.st.stm32cube.ide.mcu.externaltools.gnu-tools-for-stm32.7-2018-q2-update.win32_1.5.0.202011040924/tools/bin/../lib/gcc/arm-none-eabi/7.3.1/thumb/v7e-m/fpv5/hard\libgcc.a(_aeabi_uldivmod.o) (__aeabi_ldiv0)

Allocating common symbols
Common symbol       size              file

_lcd_drivOut        0x2               Core/Src/tft.o
hdma_uart4_rx       0x60              Core/Src/main.o
_MW                 0x2               Core/Src/tft.o
huart3              0x80              Core/Src/main.o
_lcd_capable        0x2               Core/Src/tft.o
_SP                 0x2               Core/Src/tft.o
_lcd_rev            0x2               Core/Src/tft.o
uwTick              0x4               Drivers/STM32F7xx_HAL_Driver/Src/stm32f7xx_hal.o
pFlash              0x1c              Drivers/STM32F7xx_HAL_Driver/Src/stm32f7xx_hal_flash.o
_MP                 0x2               Core/Src/tft.o
hdma_dac1           0x60              Core/Src/main.o
gfxFont             0x4               Core/Src/fonts.o
_MC                 0x2               Core/Src/tft.o
hdac                0x14              Core/Src/main.o
_SC                 0x2               Core/Src/tft.o
[...]
Memory Configuration

Name             Origin             Length             Attributes
RAM              0x0000000020000000 0x0000000000080000 xrw
FLASH            0x0000000008000000 0x0000000000200000 xr
*default*        0x0000000000000000 0xffffffffffffffff

Linker script and memory map

LOAD c:/st/stm32cubeide_1.3.0/stm32cubeide/plugins/com.st.stm32cube.ide.mcu.externaltools.gnu-tools-for-stm32.7-2018-q2-update.win32_1.5.0.202011040924/tools/bin/../lib/gcc/arm-none-eabi/7.3.1/thumb/v7e-m/fpv5/hard/crti.o
LOAD c:/st/stm32cubeide_1.3.0/stm32cubeide/plugins/com.st.stm32cube.ide.mcu.externaltools.gnu-tools-for-stm32.7-2018-q2-update.win32_1.5.0.202011040924/tools/bin/../lib/gcc/arm-none-eabi/7.3.1/thumb/v7e-m/fpv5/hard/crtbegin.o
LOAD c:/st/stm32cubeide_1.3.0/stm32cubeide/plugins/com.st.stm32cube.ide.mcu.externaltools.gnu-tools-for-stm32.7-2018-q2-update.win32_1.5.0.202011040924/tools/bin/../lib/gcc/arm-none-eabi/7.3.1/../../../../arm-none-eabi/lib/thumb/v7e-m/fpv5/hard/crt0.o
LOAD Core/Src/fonts.o
LOAD Core/Src/main.o
LOAD Core/Src/stm32f7xx_hal_msp.o
LOAD Core/Src/stm32f7xx_it.o
LOAD Core/Src/syscalls.o
LOAD Core/Src/sysmem.o
LOAD Core/Src/system_stm32f7xx.o
LOAD Core/Src/tft.o
LOAD Core/Startup/startup_stm32f767zitx.o
LOAD Drivers/STM32F7xx_HAL_Driver/Src/stm32f7xx_hal.o
LOAD Drivers/STM32F7xx_HAL_Driver/Src/stm32f7xx_hal_cortex.o
LOAD Drivers/STM32F7xx_HAL_Driver/Src/stm32f7xx_hal_dac.o
LOAD Drivers/STM32F7xx_HAL_Driver/Src/stm32f7xx_hal_dac_ex.o
LOAD Drivers/STM32F7xx_HAL_Driver/Src/stm32f7xx_hal_dma.o
LOAD Drivers/STM32F7xx_HAL_Driver/Src/stm32f7xx_hal_dma_ex.o
LOAD Drivers/STM32F7xx_HAL_Driver/Src/stm32f7xx_hal_exti.o
LOAD Drivers/STM32F7xx_HAL_Driver/Src/stm32f7xx_hal_flash.o
LOAD Drivers/STM32F7xx_HAL_Driver/Src/stm32f7xx_hal_flash_ex.o
LOAD Drivers/STM32F7xx_HAL_Driver/Src/stm32f7xx_hal_gpio.o
LOAD Drivers/STM32F7xx_HAL_Driver/Src/stm32f7xx_hal_i2c.o
LOAD Drivers/STM32F7xx_HAL_Driver/Src/stm32f7xx_hal_i2c_ex.o
LOAD Drivers/STM32F7xx_HAL_Driver/Src/stm32f7xx_hal_pwr.o
LOAD Drivers/STM32F7xx_HAL_Driver/Src/stm32f7xx_hal_pwr_ex.o
LOAD Drivers/STM32F7xx_HAL_Driver/Src/stm32f7xx_hal_rcc.o
LOAD Drivers/STM32F7xx_HAL_Driver/Src/stm32f7xx_hal_rcc_ex.o
LOAD Drivers/STM32F7xx_HAL_Driver/Src/stm32f7xx_hal_tim.o
LOAD Drivers/STM32F7xx_HAL_Driver/Src/stm32f7xx_hal_tim_ex.o
LOAD Drivers/STM32F7xx_HAL_Driver/Src/stm32f7xx_hal_uart.o
LOAD Drivers/STM32F7xx_HAL_Driver/Src/stm32f7xx_hal_uart_ex.o
START GROUP
LOAD c:/st/stm32cubeide_1.3.0/stm32cubeide/plugins/com.st.stm32cube.ide.mcu.externaltools.gnu-tools-for-stm32.7-2018-q2-update.win32_1.5.0.202011040924/tools/bin/../lib/gcc/arm-none-eabi/7.3.1/../../../../arm-none-eabi/lib/thumb/v7e-m/fpv5/hard\libc_nano.a
LOAD c:/st/stm32cubeide_1.3.0/stm32cubeide/plugins/com.st.stm32cube.ide.mcu.externaltools.gnu-tools-for-stm32.7-2018-q2-update.win32_1.5.0.202011040924/tools/bin/../lib/gcc/arm-none-eabi/7.3.1/../../../../arm-none-eabi/lib/thumb/v7e-m/fpv5/hard\libm.a
END GROUP
START GROUP
LOAD c:/st/stm32cubeide_1.3.0/stm32cubeide/plugins/com.st.stm32cube.ide.mcu.externaltools.gnu-tools-for-stm32.7-2018-q2-update.win32_1.5.0.202011040924/tools/bin/../lib/gcc/arm-none-eabi/7.3.1/thumb/v7e-m/fpv5/hard\libgcc.a
LOAD c:/st/stm32cubeide_1.3.0/stm32cubeide/plugins/com.st.stm32cube.ide.mcu.externaltools.gnu-tools-for-stm32.7-2018-q2-update.win32_1.5.0.202011040924/tools/bin/../lib/gcc/arm-none-eabi/7.3.1/../../../../arm-none-eabi/lib/thumb/v7e-m/fpv5/hard\libc_nano.a
END GROUP
START GROUP
LOAD c:/st/stm32cubeide_1.3.0/stm32cubeide/plugins/com.st.stm32cube.ide.mcu.externaltools.gnu-tools-for-stm32.7-2018-q2-update.win32_1.5.0.202011040924/tools/bin/../lib/gcc/arm-none-eabi/7.3.1/thumb/v7e-m/fpv5/hard\libgcc.a
LOAD c:/st/stm32cubeide_1.3.0/stm32cubeide/plugins/com.st.stm32cube.ide.mcu.externaltools.gnu-tools-for-stm32.7-2018-q2-update.win32_1.5.0.202011040924/tools/bin/../lib/gcc/arm-none-eabi/7.3.1/../../../../arm-none-eabi/lib/thumb/v7e-m/fpv5/hard\libc_nano.a
LOAD c:/st/stm32cubeide_1.3.0/stm32cubeide/plugins/com.st.stm32cube.ide.mcu.externaltools.gnu-tools-for-stm32.7-2018-q2-update.win32_1.5.0.202011040924/tools/bin/../lib/gcc/arm-none-eabi/7.3.1/../../../../arm-none-eabi/lib/thumb/v7e-m/fpv5/hard\libnosys.a
END GROUP
START GROUP
LOAD c:/st/stm32cubeide_1.3.0/stm32cubeide/plugins/com.st.stm32cube.ide.mcu.externaltools.gnu-tools-for-stm32.7-2018-q2-update.win32_1.5.0.202011040924/tools/bin/../lib/gcc/arm-none-eabi/7.3.1/thumb/v7e-m/fpv5/hard\libgcc.a
LOAD c:/st/stm32cubeide_1.3.0/stm32cubeide/plugins/com.st.stm32cube.ide.mcu.externaltools.gnu-tools-for-stm32.7-2018-q2-update.win32_1.5.0.202011040924/tools/bin/../lib/gcc/arm-none-eabi/7.3.1/../../../../arm-none-eabi/lib/thumb/v7e-m/fpv5/hard\libc_nano.a
LOAD c:/st/stm32cubeide_1.3.0/stm32cubeide/plugins/com.st.stm32cube.ide.mcu.externaltools.gnu-tools-for-stm32.7-2018-q2-update.win32_1.5.0.202011040924/tools/bin/../lib/gcc/arm-none-eabi/7.3.1/../../../../arm-none-eabi/lib/thumb/v7e-m/fpv5/hard\libnosys.a
END GROUP
LOAD c:/st/stm32cubeide_1.3.0/stm32cubeide/plugins/com.st.stm32cube.ide.mcu.externaltools.gnu-tools-for-stm32.7-2018-q2-update.win32_1.5.0.202011040924/tools/bin/../lib/gcc/arm-none-eabi/7.3.1/thumb/v7e-m/fpv5/hard/crtend.o
LOAD c:/st/stm32cubeide_1.3.0/stm32cubeide/plugins/com.st.stm32cube.ide.mcu.externaltools.gnu-tools-for-stm32.7-2018-q2-update.win32_1.5.0.202011040924/tools/bin/../lib/gcc/arm-none-eabi/7.3.1/thumb/v7e-m/fpv5/hard/crtn.o
                0x0000000020080000                _estack = (ORIGIN (RAM) + LENGTH (RAM))
                0x0000000000000200                _Min_Heap_Size = 0x200
                0x0000000000000400                _Min_Stack_Size = 0x400

.isr_vector     0x0000000008000000      0x1f8
                0x0000000008000000                . = ALIGN (0x4)
 *(.isr_vector)
 .isr_vector    0x0000000008000000      0x1f8 Core/Startup/startup_stm32f767zitx.o
                0x0000000008000000                g_pfnVectors
                0x00000000080001f8                . = ALIGN (0x4)

.text           0x00000000080001f8     0x9314
                0x00000000080001f8                . = ALIGN (0x4)
 *(.text)
 .text          0x00000000080001f8       0x40 c:/st/stm32cubeide_1.3.0/stm32cubeide/plugins/com.st.stm32cube.ide.mcu.externaltools.gnu-tools-for-stm32.7-2018-q2-update.win32_1.5.0.202011040924/tools/bin/../lib/gcc/arm-none-eabi/7.3.1/thumb/v7e-m/fpv5/hard/crtbegin.o
 .text          0x0000000008000238       0x30 c:/st/stm32cubeide_1.3.0/stm32cubeide/plugins/com.st.stm32cube.ide.mcu.externaltools.gnu-tools-for-stm32.7-2018-q2-update.win32_1.5.0.202011040924/tools/bin/../lib/gcc/arm-none-eabi/7.3.1/thumb/v7e-m/fpv5/hard\libgcc.a(_aeabi_uldivmod.o)
                0x0000000008000238                __aeabi_uldivmod
 .text          0x0000000008000268      0x2cc c:/st/stm32cubeide_1.3.0/stm32cubeide/plugins/com.st.stm32cube.ide.mcu.externaltools.gnu-tools-for-stm32.7-2018-q2-update.win32_1.5.0.202011040924/tools/bin/../lib/gcc/arm-none-eabi/7.3.1/thumb/v7e-m/fpv5/hard\libgcc.a(_udivmoddi4.o)
                0x0000000008000268                __udivmoddi4
 .text          0x0000000008000534        0x4 c:/st/stm32cubeide_1.3.0/stm32cubeide/plugins/com.st.stm32cube.ide.mcu.externaltools.gnu-tools-for-stm32.7-2018-q2-update.win32_1.5.0.202011040924/tools/bin/../lib/gcc/arm-none-eabi/7.3.1/thumb/v7e-m/fpv5/hard\libgcc.a(_dvmd_tls.o)
                0x0000000008000534                __aeabi_idiv0
                0x0000000008000534                __aeabi_ldiv0
 *(.text*)
 .text.main     0x0000000008000538      0x8c0 Core/Src/main.o
                0x0000000008000538                main
 .text.SystemClock_Config
                0x0000000008000df8      0x120 Core/Src/main.o
                0x0000000008000df8                SystemClock_Config
 .text.MX_DAC_Init
                0x0000000008000f18       0x68 Core/Src/main.o
 .text.MX_TIM1_Init
                0x0000000008000f80       0xa8 Core/Src/main.o
 .text.MX_TIM2_Init
                0x0000000008001028       0x9c Core/Src/main.o
 .text.MX_TIM6_Init
                0x00000000080010c4       0x6c Core/Src/main.o
 .text.MX_UART4_Init
                0x0000000008001130       0x60 Core/Src/main.o
 .text.MX_USART3_UART_Init
                0x0000000008001190       0x60 Core/Src/main.o
 .text.MX_DMA_Init
                0x00000000080011f0       0x5c Core/Src/main.o
 .text.MX_GPIO_Init
                0x000000000800124c      0x304 Core/Src/main.o
 .text.HAL_GPIO_EXTI_Callback
                0x0000000008001550       0x50 Core/Src/main.o
                0x0000000008001550                HAL_GPIO_EXTI_Callback
 .text.HAL_TIM_PeriodElapsedCallback
                0x00000000080015a0       0xa4 Core/Src/main.o
                0x00000000080015a0                HAL_TIM_PeriodElapsedCallback
 .text.HAL_UART_RxCpltCallback
                0x0000000008001644      0x3bc Core/Src/main.o
                0x0000000008001644                HAL_UART_RxCpltCallback
 .text.Error_Handler
                0x0000000008001a00        0xe Core/Src/main.o
                0x0000000008001a00                Error_Handler
 *fill*         0x0000000008001a0e        0x2 
 .text.HAL_MspInit
                0x0000000008001a10       0x48 Core/Src/stm32f7xx_hal_msp.o
                0x0000000008001a10                HAL_MspInit
 .text.HAL_DAC_MspInit
                0x0000000008001a58      0x158 Core/Src/stm32f7xx_hal_msp.o
                0x0000000008001a58                HAL_DAC_MspInit
 .text.HAL_TIM_Base_MspInit
                0x0000000008001bb0       0x98 Core/Src/stm32f7xx_hal_msp.o
                0x0000000008001bb0                HAL_TIM_Base_MspInit
 .text.HAL_UART_MspInit
                0x0000000008001c48      0x194 Core/Src/stm32f7xx_hal_msp.o
                0x0000000008001c48                HAL_UART_MspInit
 .text.NMI_Handler
                0x0000000008001ddc        0xe Core/Src/stm32f7xx_it.o
                0x0000000008001ddc                NMI_Handler
 .text.HardFault_Handler
                0x0000000008001dea        0x6 Core/Src/stm32f7xx_it.o
                0x0000000008001dea                HardFault_Handler
 .text.MemManage_Handler
                0x0000000008001df0        0x6 Core/Src/stm32f7xx_it.o
                0x0000000008001df0                MemManage_Handler
 .text.BusFault_Handler
                0x0000000008001df6        0x6 Core/Src/stm32f7xx_it.o
                0x0000000008001df6                BusFault_Handler
 .text.UsageFault_Handler
                0x0000000008001dfc        0x6 Core/Src/stm32f7xx_it.o
                0x0000000008001dfc                UsageFault_Handler
 .text.SVC_Handler
                0x0000000008001e02        0xe Core/Src/stm32f7xx_it.o
                0x0000000008001e02                SVC_Handler
 .text.DebugMon_Handler
                0x0000000008001e10        0xe Core/Src/stm32f7xx_it.o
                0x0000000008001e10                DebugMon_Handler
 .text.PendSV_Handler
                0x0000000008001e1e        0xe Core/Src/stm32f7xx_it.o
                0x0000000008001e1e                PendSV_Handler
 .text.SysTick_Handler
                0x0000000008001e2c        0xc Core/Src/stm32f7xx_it.o
                0x0000000008001e2c                SysTick_Handler
 .text.DMA1_Stream2_IRQHandler
                0x0000000008001e38       0x14 Core/Src/stm32f7xx_it.o
                0x0000000008001e38                DMA1_Stream2_IRQHandler
 .text.DMA1_Stream5_IRQHandler
                0x0000000008001e4c       0x14 Core/Src/stm32f7xx_it.o
                0x0000000008001e4c                DMA1_Stream5_IRQHandler
 .text.DMA1_Stream6_IRQHandler
                0x0000000008001e60       0x14 Core/Src/stm32f7xx_it.o
                0x0000000008001e60                DMA1_Stream6_IRQHandler
 .text.EXTI9_5_IRQHandler
                0x0000000008001e74       0x10 Core/Src/stm32f7xx_it.o
                0x0000000008001e74                EXTI9_5_IRQHandler
 .text.TIM2_IRQHandler
                0x0000000008001e84       0x14 Core/Src/stm32f7xx_it.o
                0x0000000008001e84                TIM2_IRQHandler
 .text.EXTI15_10_IRQHandler
                0x0000000008001e98       0x20 Core/Src/stm32f7xx_it.o
                0x0000000008001e98                EXTI15_10_IRQHandler
 .text.SystemInit
                0x0000000008001eb8       0x2c Core/Src/system_stm32f7xx.o
                0x0000000008001eb8                SystemInit
 .text.delay    0x0000000008001ee4       0x30 Core/Src/tft.o
                0x0000000008001ee4                delay
 .text.PIN_LOW  0x0000000008001f14       0x20 Core/Src/tft.o
                0x0000000008001f14                PIN_LOW
 .text.PIN_HIGH
                0x0000000008001f34       0x20 Core/Src/tft.o
                0x0000000008001f34                PIN_HIGH
 .text.PIN_INPUT
                0x0000000008001f54       0x2c Core/Src/tft.o
                0x0000000008001f54                PIN_INPUT
 .text.PIN_OUTPUT
                0x0000000008001f80       0x30 Core/Src/tft.o
                0x0000000008001f80                PIN_OUTPUT
 .text.width    0x0000000008001fb0       0x18 Core/Src/tft.o
                0x0000000008001fb0                width
 .text.height   0x0000000008001fc8       0x18 Core/Src/tft.o
                0x0000000008001fc8                height
 .text.color565_to_555
                0x0000000008001fe0       0x40 Core/Src/tft.o
 .text.color555_to_565
                0x0000000008002020       0x42 Core/Src/tft.o
 .text.color565_to_r
                0x0000000008002062       0x22 Core/Src/tft.o
 .text.color565_to_g
                0x0000000008002084       0x22 Core/Src/tft.o
 .text.color565_to_b
                0x00000000080020a6       0x1c Core/Src/tft.o
 *fill*         0x00000000080020c2        0x2 
 .text.color565
                0x00000000080020c4       0x4c Core/Src/tft.o
                0x00000000080020c4                color565
 .text.readPixel
                0x0000000008002110       0x30 Core/Src/tft.o
                0x0000000008002110                readPixel
 .text.WriteCmdData
                0x0000000008002140       0x24 Core/Src/tft.o
                0x0000000008002140                WriteCmdData
 .text.pushCommand
                0x0000000008002164       0x26 Core/Src/tft.o
                0x0000000008002164                pushCommand
 *fill*         0x000000000800218a        0x2 
 .text.setReadDir
                0x000000000800218c       0x58 Core/Src/tft.o
                0x000000000800218c                setReadDir
 .text.setWriteDir
                0x00000000080021e4       0x58 Core/Src/tft.o
                0x00000000080021e4                setWriteDir
 .text.write24  0x000000000800223c      0x1e8 Core/Src/tft.o
 .text.writecmddata
                0x0000000008002424      0x298 Core/Src/tft.o
 .text.WriteCmdParamN
                0x00000000080026bc      0x384 Core/Src/tft.o
 .text.WriteCmdParam4
                0x0000000008002a40       0x48 Core/Src/tft.o
 .text.init_table
                0x0000000008002a88       0xb0 Core/Src/tft.o
 .text.init_table16
                0x0000000008002b38       0x5e Core/Src/tft.o
 *fill*         0x0000000008002b96        0x2 
 .text.reset    0x0000000008002b98       0xa8 Core/Src/tft.o
                0x0000000008002b98                reset
 .text.read16bits
                0x0000000008002c40      0x1dc Core/Src/tft.o
 .text.readReg  0x0000000008002e1c      0x1b8 Core/Src/tft.o
                0x0000000008002e1c                readReg
 .text.readReg32
                0x0000000008002fd4       0x36 Core/Src/tft.o
                0x0000000008002fd4                readReg32
 .text.readReg40
                0x000000000800300a       0x4e Core/Src/tft.o
                0x000000000800300a                readReg40
 .text.tft_init
                0x0000000008003058      0x63c Core/Src/tft.o
                0x0000000008003058                tft_init
 .text.readID   0x0000000008003694      0x280 Core/Src/tft.o
                0x0000000008003694                readID
 .text.readGRAM
                0x0000000008003914      0xbbc Core/Src/tft.o
                0x0000000008003914                readGRAM
 .text.setRotation
                0x00000000080044d0      0x500 Core/Src/tft.o
                0x00000000080044d0                setRotation
 .text.drawPixel
                0x00000000080049d0      0x208 Core/Src/tft.o
                0x00000000080049d0                drawPixel
 .text.setAddrWindow
                0x0000000008004bd8      0x248 Core/Src/tft.o
                0x0000000008004bd8                setAddrWindow
 .text.vertScroll
                0x0000000008004e20      0x24c Core/Src/tft.o
                0x0000000008004e20                vertScroll
 .text.fillScreen
                0x000000000800506c       0x34 Core/Src/tft.o
                0x000000000800506c                fillScreen
 .text.invertDisplay
                0x00000000080050a0      0x134 Core/Src/tft.o
                0x00000000080050a0                invertDisplay
 .text.drawFastVLine
                0x00000000080051d4       0x3e Core/Src/tft.o
                0x00000000080051d4                drawFastVLine
 .text.drawFastHLine
                0x0000000008005212       0x3c Core/Src/tft.o
                0x0000000008005212                drawFastHLine
 .text.fillCircle
                0x000000000800524e       0x60 Core/Src/tft.o
                0x000000000800524e                fillCircle
 .text.fillCircleHelper
                0x00000000080052ae      0x19c Core/Src/tft.o
                0x00000000080052ae                fillCircleHelper
 *fill*         0x000000000800544a        0x2 
 .text.fillRect
                0x000000000800544c      0x434 Core/Src/tft.o
                0x000000000800544c                fillRect
 .text.fillTriangle
                0x0000000008005880      0x2be Core/Src/tft.o
                0x0000000008005880                fillTriangle
 *fill*         0x0000000008005b3e        0x2 
 .text.Reset_Handler
                0x0000000008005b40       0x50 Core/Startup/startup_stm32f767zitx.o
                0x0000000008005b40                Reset_Handler
 .text.Default_Handler
                0x0000000008005b90        0x2 Core/Startup/startup_stm32f767zitx.o
                0x0000000008005b90                RTC_Alarm_IRQHandler
                0x0000000008005b90                EXTI2_IRQHandler
                0x0000000008005b90                TIM8_CC_IRQHandler
                0x0000000008005b90                UART8_IRQHandler
                0x0000000008005b90                SPI4_IRQHandler
                0x0000000008005b90                TIM1_CC_IRQHandler
                0x0000000008005b90                DMA2_Stream5_IRQHandler
                0x0000000008005b90                JPEG_IRQHandler
                0x0000000008005b90                CAN3_RX1_IRQHandler
                0x0000000008005b90                PVD_IRQHandler
                0x0000000008005b90                TAMP_STAMP_IRQHandler
                0x0000000008005b90                CAN2_RX1_IRQHandler
                0x0000000008005b90                EXTI3_IRQHandler
                0x0000000008005b90                TIM8_TRG_COM_TIM14_IRQHandler
                0x0000000008005b90                DFSDM1_FLT1_IRQHandler
                0x0000000008005b90                TIM1_UP_TIM10_IRQHandler
                0x0000000008005b90                TIM8_UP_TIM13_IRQHandler
                0x0000000008005b90                I2C3_ER_IRQHandler
                0x0000000008005b90                DFSDM1_FLT2_IRQHandler
                0x0000000008005b90                EXTI0_IRQHandler
                0x0000000008005b90                I2C2_EV_IRQHandler
                0x0000000008005b90                CAN1_RX0_IRQHandler
                0x0000000008005b90                FPU_IRQHandler
                0x0000000008005b90                OTG_HS_WKUP_IRQHandler
                0x0000000008005b90                CAN3_SCE_IRQHandler
                0x0000000008005b90                LTDC_ER_IRQHandler
                0x0000000008005b90                CAN2_SCE_IRQHandler
                0x0000000008005b90                DMA2_Stream2_IRQHandler
                0x0000000008005b90                SPI1_IRQHandler
                0x0000000008005b90                TIM6_DAC_IRQHandler
                0x0000000008005b90                TIM1_BRK_TIM9_IRQHandler
                0x0000000008005b90                DCMI_IRQHandler
                0x0000000008005b90                CAN2_RX0_IRQHandler
                0x0000000008005b90                DMA2_Stream3_IRQHandler
                0x0000000008005b90                SAI2_IRQHandler
                0x0000000008005b90                DFSDM1_FLT3_IRQHandler
                0x0000000008005b90                USART6_IRQHandler
                0x0000000008005b90                CAN3_RX0_IRQHandler
                0x0000000008005b90                USART3_IRQHandler
                0x0000000008005b90                CAN1_RX1_IRQHandler
                0x0000000008005b90                UART5_IRQHandler
                0x0000000008005b90                DMA2_Stream0_IRQHandler
                0x0000000008005b90                TIM4_IRQHandler
                0x0000000008005b90                QUADSPI_IRQHandler
                0x0000000008005b90                I2C1_EV_IRQHandler
                0x0000000008005b90                DMA1_Stream1_IRQHandler
                0x0000000008005b90                UART4_IRQHandler
                0x0000000008005b90                TIM3_IRQHandler
                0x0000000008005b90                RCC_IRQHandler
                0x0000000008005b90                TIM8_BRK_TIM12_IRQHandler
                0x0000000008005b90                Default_Handler
                0x0000000008005b90                CEC_IRQHandler
                0x0000000008005b90                ADC_IRQHandler
                0x0000000008005b90                DMA1_Stream7_IRQHandler
                0x0000000008005b90                SPI5_IRQHandler
                0x0000000008005b90                TIM7_IRQHandler
                0x0000000008005b90                SDMMC1_IRQHandler
                0x0000000008005b90                CAN2_TX_IRQHandler
                0x0000000008005b90                TIM5_IRQHandler
                0x0000000008005b90                DMA2_Stream7_IRQHandler
                0x0000000008005b90                I2C3_EV_IRQHandler
                0x0000000008005b90                RTC_WKUP_IRQHandler
                0x0000000008005b90                LTDC_IRQHandler
                0x0000000008005b90                ETH_WKUP_IRQHandler
                0x0000000008005b90                SPDIF_RX_IRQHandler
                0x0000000008005b90                SPI2_IRQHandler
                0x0000000008005b90                OTG_HS_EP1_IN_IRQHandler
                0x0000000008005b90                DMA1_Stream0_IRQHandler
                0x0000000008005b90                CAN1_TX_IRQHandler
                0x0000000008005b90                EXTI4_IRQHandler
                0x0000000008005b90                RNG_IRQHandler
                0x0000000008005b90                ETH_IRQHandler
                0x0000000008005b90                OTG_HS_EP1_OUT_IRQHandler
                0x0000000008005b90                WWDG_IRQHandler
                0x0000000008005b90                SPI6_IRQHandler
                0x0000000008005b90                MDIOS_IRQHandler
                0x0000000008005b90                I2C4_EV_IRQHandler
                0x0000000008005b90                CAN3_TX_IRQHandler
                0x0000000008005b90                OTG_FS_WKUP_IRQHandler
                0x0000000008005b90                TIM1_TRG_COM_TIM11_IRQHandler
                0x0000000008005b90                OTG_HS_IRQHandler
                0x0000000008005b90                DMA2D_IRQHandler
                0x0000000008005b90                EXTI1_IRQHandler
                0x0000000008005b90                SDMMC2_IRQHandler
                0x0000000008005b90                UART7_IRQHandler
                0x0000000008005b90                USART2_IRQHandler
                0x0000000008005b90                DFSDM1_FLT0_IRQHandler
                0x0000000008005b90                I2C2_ER_IRQHandler
                0x0000000008005b90                DMA2_Stream1_IRQHandler
                0x0000000008005b90                CAN1_SCE_IRQHandler
                0x0000000008005b90                FLASH_IRQHandler
                0x0000000008005b90                DMA2_Stream4_IRQHandler
                0x0000000008005b90                USART1_IRQHandler
                0x0000000008005b90                OTG_FS_IRQHandler
                0x0000000008005b90                SPI3_IRQHandler
                0x0000000008005b90                DMA1_Stream4_IRQHandler
                0x0000000008005b90                I2C1_ER_IRQHandler
                0x0000000008005b90                FMC_IRQHandler
                0x0000000008005b90                LPTIM1_IRQHandler
                0x0000000008005b90                I2C4_ER_IRQHandler
                0x0000000008005b90                DMA2_Stream6_IRQHandler
                0x0000000008005b90                SAI1_IRQHandler
                0x0000000008005b90                DMA1_Stream3_IRQHandler
 .text.HAL_Init
                0x0000000008005b92       0x1a Drivers/STM32F7xx_HAL_Driver/Src/stm32f7xx_hal.o
                0x0000000008005b92                HAL_Init
 .text.HAL_InitTick
                0x0000000008005bac       0x60 Drivers/STM32F7xx_HAL_Driver/Src/stm32f7xx_hal.o
                0x0000000008005bac                HAL_InitTick
 .text.HAL_IncTick
                0x0000000008005c0c       0x28 Drivers/STM32F7xx_HAL_Driver/Src/stm32f7xx_hal.o
                0x0000000008005c0c                HAL_IncTick
 .text.HAL_GetTick
                0x0000000008005c34       0x18 Drivers/STM32F7xx_HAL_Driver/Src/stm32f7xx_hal.o
                0x0000000008005c34                HAL_GetTick
 .text.HAL_Delay
                0x0000000008005c4c       0x44 Drivers/STM32F7xx_HAL_Driver/Src/stm32f7xx_hal.o
                0x0000000008005c4c                HAL_Delay
 .text.__NVIC_SetPriorityGrouping
                0x0000000008005c90       0x48 Drivers/STM32F7xx_HAL_Driver/Src/stm32f7xx_hal_cortex.o
 .text.__NVIC_GetPriorityGrouping
                0x0000000008005cd8       0x1c Drivers/STM32F7xx_HAL_Driver/Src/stm32f7xx_hal_cortex.o
 .text.__NVIC_EnableIRQ
                0x0000000008005cf4       0x3c Drivers/STM32F7xx_HAL_Driver/Src/stm32f7xx_hal_cortex.o
 .text.__NVIC_SetPriority
                0x0000000008005d30       0x54 Drivers/STM32F7xx_HAL_Driver/Src/stm32f7xx_hal_cortex.o
 .text.NVIC_EncodePriority
                0x0000000008005d84       0x66 Drivers/STM32F7xx_HAL_Driver/Src/stm32f7xx_hal_cortex.o
 *fill*         0x0000000008005dea        0x2 
 .text.SysTick_Config
                0x0000000008005dec       0x44 Drivers/STM32F7xx_HAL_Driver/Src/stm32f7xx_hal_cortex.o
 .text.HAL_NVIC_SetPriorityGrouping
                0x0000000008005e30       0x16 Drivers/STM32F7xx_HAL_Driver/Src/stm32f7xx_hal_cortex.o
                0x0000000008005e30                HAL_NVIC_SetPriorityGrouping
 .text.HAL_NVIC_SetPriority
                0x0000000008005e46       0x38 Drivers/STM32F7xx_HAL_Driver/Src/stm32f7xx_hal_cortex.o
                0x0000000008005e46                HAL_NVIC_SetPriority
 .text.HAL_NVIC_EnableIRQ
                0x0000000008005e7e       0x1c Drivers/STM32F7xx_HAL_Driver/Src/stm32f7xx_hal_cortex.o
                0x0000000008005e7e                HAL_NVIC_EnableIRQ
 .text.HAL_SYSTICK_Config
                0x0000000008005e9a       0x18 Drivers/STM32F7xx_HAL_Driver/Src/stm32f7xx_hal_cortex.o
                0x0000000008005e9a                HAL_SYSTICK_Config
 .text.HAL_DAC_Init
                0x0000000008005eb2       0x44 Drivers/STM32F7xx_HAL_Driver/Src/stm32f7xx_hal_dac.o
                0x0000000008005eb2                HAL_DAC_Init
 *fill*         0x0000000008005ef6        0x2 
 .text.HAL_DAC_Start_DMA
                0x0000000008005ef8      0x15c Drivers/STM32F7xx_HAL_Driver/Src/stm32f7xx_hal_dac.o
                0x0000000008005ef8                HAL_DAC_Start_DMA
 .text.HAL_DAC_Stop_DMA
                0x0000000008006054       0x82 Drivers/STM32F7xx_HAL_Driver/Src/stm32f7xx_hal_dac.o
                0x0000000008006054                HAL_DAC_Stop_DMA
 .text.HAL_DAC_ConvCpltCallbackCh1
                0x00000000080060d6       0x14 Drivers/STM32F7xx_HAL_Driver/Src/stm32f7xx_hal_dac.o
                0x00000000080060d6                HAL_DAC_ConvCpltCallbackCh1
 .text.HAL_DAC_ConvHalfCpltCallbackCh1
                0x00000000080060ea       0x14 Drivers/STM32F7xx_HAL_Driver/Src/stm32f7xx_hal_dac.o
                0x00000000080060ea                HAL_DAC_ConvHalfCpltCallbackCh1
 .text.HAL_DAC_ErrorCallbackCh1
                0x00000000080060fe       0x14 Drivers/STM32F7xx_HAL_Driver/Src/stm32f7xx_hal_dac.o
                0x00000000080060fe                HAL_DAC_ErrorCallbackCh1
 .text.HAL_DAC_ConfigChannel
                0x0000000008006112       0x9a Drivers/STM32F7xx_HAL_Driver/Src/stm32f7xx_hal_dac.o
                0x0000000008006112                HAL_DAC_ConfigChannel
 .text.DAC_DMAConvCpltCh1
                0x00000000080061ac       0x22 Drivers/STM32F7xx_HAL_Driver/Src/stm32f7xx_hal_dac.o
 .text.DAC_DMAHalfConvCpltCh1
                0x00000000080061ce       0x1c Drivers/STM32F7xx_HAL_Driver/Src/stm32f7xx_hal_dac.o
 .text.DAC_DMAErrorCh1
                0x00000000080061ea       0x2e Drivers/STM32F7xx_HAL_Driver/Src/stm32f7xx_hal_dac.o
 .text.HAL_DACEx_ConvCpltCallbackCh2
                0x0000000008006218       0x14 Drivers/STM32F7xx_HAL_Driver/Src/stm32f7xx_hal_dac_ex.o
                0x0000000008006218                HAL_DACEx_ConvCpltCallbackCh2
 .text.HAL_DACEx_ConvHalfCpltCallbackCh2
                0x000000000800622c       0x14 Drivers/STM32F7xx_HAL_Driver/Src/stm32f7xx_hal_dac_ex.o
                0x000000000800622c                HAL_DACEx_ConvHalfCpltCallbackCh2
 .text.HAL_DACEx_ErrorCallbackCh2
                0x0000000008006240       0x14 Drivers/STM32F7xx_HAL_Driver/Src/stm32f7xx_hal_dac_ex.o
                0x0000000008006240                HAL_DACEx_ErrorCallbackCh2
 .text.DAC_DMAConvCpltCh2
                0x0000000008006254       0x22 Drivers/STM32F7xx_HAL_Driver/Src/stm32f7xx_hal_dac_ex.o
                0x0000000008006254                DAC_DMAConvCpltCh2
 .text.DAC_DMAHalfConvCpltCh2
                0x0000000008006276       0x1c Drivers/STM32F7xx_HAL_Driver/Src/stm32f7xx_hal_dac_ex.o
                0x0000000008006276                DAC_DMAHalfConvCpltCh2
 .text.DAC_DMAErrorCh2
                0x0000000008006292       0x2e Drivers/STM32F7xx_HAL_Driver/Src/stm32f7xx_hal_dac_ex.o
                0x0000000008006292                DAC_DMAErrorCh2
 .text.HAL_DMA_Init
                0x00000000080062c0      0x15c Drivers/STM32F7xx_HAL_Driver/Src/stm32f7xx_hal_dma.o
                0x00000000080062c0                HAL_DMA_Init
 .text.HAL_DMA_Start_IT
                0x000000000800641c       0xc0 Drivers/STM32F7xx_HAL_Driver/Src/stm32f7xx_hal_dma.o
                0x000000000800641c                HAL_DMA_Start_IT
 .text.HAL_DMA_Abort
                0x00000000080064dc       0xe0 Drivers/STM32F7xx_HAL_Driver/Src/stm32f7xx_hal_dma.o
                0x00000000080064dc                HAL_DMA_Abort
 .text.HAL_DMA_IRQHandler
                0x00000000080065bc      0x314 Drivers/STM32F7xx_HAL_Driver/Src/stm32f7xx_hal_dma.o
                0x00000000080065bc                HAL_DMA_IRQHandler
 .text.DMA_SetConfig
                0x00000000080068d0       0x5c Drivers/STM32F7xx_HAL_Driver/Src/stm32f7xx_hal_dma.o
 .text.DMA_CalcBaseAndBitshift
                0x000000000800692c       0x6c Drivers/STM32F7xx_HAL_Driver/Src/stm32f7xx_hal_dma.o
 .text.DMA_CheckFifoParam
                0x0000000008006998       0xf4 Drivers/STM32F7xx_HAL_Driver/Src/stm32f7xx_hal_dma.o
 .text.HAL_GPIO_Init
                0x0000000008006a8c      0x354 Drivers/STM32F7xx_HAL_Driver/Src/stm32f7xx_hal_gpio.o
                0x0000000008006a8c                HAL_GPIO_Init
 .text.HAL_GPIO_ReadPin
                0x0000000008006de0       0x30 Drivers/STM32F7xx_HAL_Driver/Src/stm32f7xx_hal_gpio.o
                0x0000000008006de0                HAL_GPIO_ReadPin
 .text.HAL_GPIO_WritePin
                0x0000000008006e10       0x32 Drivers/STM32F7xx_HAL_Driver/Src/stm32f7xx_hal_gpio.o
                0x0000000008006e10                HAL_GPIO_WritePin
 *fill*         0x0000000008006e42        0x2 
 .text.HAL_GPIO_EXTI_IRQHandler
                0x0000000008006e44       0x30 Drivers/STM32F7xx_HAL_Driver/Src/stm32f7xx_hal_gpio.o
                0x0000000008006e44                HAL_GPIO_EXTI_IRQHandler
 .text.HAL_PWR_EnableBkUpAccess
                0x0000000008006e74       0x20 Drivers/STM32F7xx_HAL_Driver/Src/stm32f7xx_hal_pwr.o
                0x0000000008006e74                HAL_PWR_EnableBkUpAccess
 .text.HAL_RCC_OscConfig
                0x0000000008006e94      0x55c Drivers/STM32F7xx_HAL_Driver/Src/stm32f7xx_hal_rcc.o
                0x0000000008006e94                HAL_RCC_OscConfig
 .text.HAL_RCC_ClockConfig
                0x00000000080073f0      0x1d8 Drivers/STM32F7xx_HAL_Driver/Src/stm32f7xx_hal_rcc.o
                0x00000000080073f0                HAL_RCC_ClockConfig
 .text.HAL_RCC_GetSysClockFreq
                0x00000000080075c8      0x1b0 Drivers/STM32F7xx_HAL_Driver/Src/stm32f7xx_hal_rcc.o
                0x00000000080075c8                HAL_RCC_GetSysClockFreq
 .text.HAL_RCC_GetHCLKFreq
                0x0000000008007778       0x18 Drivers/STM32F7xx_HAL_Driver/Src/stm32f7xx_hal_rcc.o
                0x0000000008007778                HAL_RCC_GetHCLKFreq
 .text.HAL_RCC_GetPCLK1Freq
                0x0000000008007790       0x28 Drivers/STM32F7xx_HAL_Driver/Src/stm32f7xx_hal_rcc.o
                0x0000000008007790                HAL_RCC_GetPCLK1Freq
 .text.HAL_RCC_GetPCLK2Freq
                0x00000000080077b8       0x28 Drivers/STM32F7xx_HAL_Driver/Src/stm32f7xx_hal_rcc.o
                0x00000000080077b8                HAL_RCC_GetPCLK2Freq
 .text.HAL_RCCEx_PeriphCLKConfig
                0x00000000080077e0      0x84c Drivers/STM32F7xx_HAL_Driver/Src/stm32f7xx_hal_rcc_ex.o
                0x00000000080077e0                HAL_RCCEx_PeriphCLKConfig
 .text.HAL_TIM_Base_Init
                0x000000000800802c       0x56 Drivers/STM32F7xx_HAL_Driver/Src/stm32f7xx_hal_tim.o
                0x000000000800802c                HAL_TIM_Base_Init
 *fill*         0x0000000008008082        0x2 
 .text.HAL_TIM_Base_Start
                0x0000000008008084       0x54 Drivers/STM32F7xx_HAL_Driver/Src/stm32f7xx_hal_tim.o
                0x0000000008008084                HAL_TIM_Base_Start
 .text.HAL_TIM_Base_Stop
                0x00000000080080d8       0x56 Drivers/STM32F7xx_HAL_Driver/Src/stm32f7xx_hal_tim.o
                0x00000000080080d8                HAL_TIM_Base_Stop
 *fill*         0x000000000800812e        0x2 
 .text.HAL_TIM_Base_Start_IT
                0x0000000008008130       0x54 Drivers/STM32F7xx_HAL_Driver/Src/stm32f7xx_hal_tim.o
                0x0000000008008130                HAL_TIM_Base_Start_IT
 .text.HAL_TIM_IRQHandler
                0x0000000008008184      0x23e Drivers/STM32F7xx_HAL_Driver/Src/stm32f7xx_hal_tim.o
                0x0000000008008184                HAL_TIM_IRQHandler
 *fill*         0x00000000080083c2        0x2 
 .text.HAL_TIM_ConfigClockSource
                0x00000000080083c4      0x174 Drivers/STM32F7xx_HAL_Driver/Src/stm32f7xx_hal_tim.o
                0x00000000080083c4                HAL_TIM_ConfigClockSource
 .text.HAL_TIM_OC_DelayElapsedCallback
                0x0000000008008538       0x14 Drivers/STM32F7xx_HAL_Driver/Src/stm32f7xx_hal_tim.o
                0x0000000008008538                HAL_TIM_OC_DelayElapsedCallback
 .text.HAL_TIM_IC_CaptureCallback
                0x000000000800854c       0x14 Drivers/STM32F7xx_HAL_Driver/Src/stm32f7xx_hal_tim.o
                0x000000000800854c                HAL_TIM_IC_CaptureCallback
 .text.HAL_TIM_PWM_PulseFinishedCallback
                0x0000000008008560       0x14 Drivers/STM32F7xx_HAL_Driver/Src/stm32f7xx_hal_tim.o
                0x0000000008008560                HAL_TIM_PWM_PulseFinishedCallback
 .text.HAL_TIM_TriggerCallback
                0x0000000008008574       0x14 Drivers/STM32F7xx_HAL_Driver/Src/stm32f7xx_hal_tim.o
                0x0000000008008574                HAL_TIM_TriggerCallback
 .text.TIM_Base_SetConfig
                0x0000000008008588      0x140 Drivers/STM32F7xx_HAL_Driver/Src/stm32f7xx_hal_tim.o
                0x0000000008008588                TIM_Base_SetConfig
 .text.TIM_TI1_ConfigInputStage
                0x00000000080086c8       0x5e Drivers/STM32F7xx_HAL_Driver/Src/stm32f7xx_hal_tim.o
 .text.TIM_TI2_ConfigInputStage
                0x0000000008008726       0x60 Drivers/STM32F7xx_HAL_Driver/Src/stm32f7xx_hal_tim.o
 .text.TIM_ITRx_SetConfig
                0x0000000008008786       0x36 Drivers/STM32F7xx_HAL_Driver/Src/stm32f7xx_hal_tim.o
 .text.TIM_ETR_SetConfig
                0x00000000080087bc       0x40 Drivers/STM32F7xx_HAL_Driver/Src/stm32f7xx_hal_tim.o
                0x00000000080087bc                TIM_ETR_SetConfig
 .text.HAL_TIMEx_MasterConfigSynchronization
                0x00000000080087fc      0x11c Drivers/STM32F7xx_HAL_Driver/Src/stm32f7xx_hal_tim_ex.o
                0x00000000080087fc                HAL_TIMEx_MasterConfigSynchronization
 .text.HAL_TIMEx_CommutCallback
                0x0000000008008918       0x14 Drivers/STM32F7xx_HAL_Driver/Src/stm32f7xx_hal_tim_ex.o
                0x0000000008008918                HAL_TIMEx_CommutCallback
 .text.HAL_TIMEx_BreakCallback
                0x000000000800892c       0x14 Drivers/STM32F7xx_HAL_Driver/Src/stm32f7xx_hal_tim_ex.o
                0x000000000800892c                HAL_TIMEx_BreakCallback
 .text.HAL_TIMEx_Break2Callback
                0x0000000008008940       0x14 Drivers/STM32F7xx_HAL_Driver/Src/stm32f7xx_hal_tim_ex.o
                0x0000000008008940                HAL_TIMEx_Break2Callback
 .text.HAL_UART_Init
                0x0000000008008954       0x9c Drivers/STM32F7xx_HAL_Driver/Src/stm32f7xx_hal_uart.o
                0x0000000008008954                HAL_UART_Init
 .text.HAL_UART_Receive_DMA
                0x00000000080089f0      0x108 Drivers/STM32F7xx_HAL_Driver/Src/stm32f7xx_hal_uart.o
                0x00000000080089f0                HAL_UART_Receive_DMA
 .text.HAL_UART_RxHalfCpltCallback
                0x0000000008008af8       0x14 Drivers/STM32F7xx_HAL_Driver/Src/stm32f7xx_hal_uart.o
                0x0000000008008af8                HAL_UART_RxHalfCpltCallback
 .text.HAL_UART_ErrorCallback
                0x0000000008008b0c       0x14 Drivers/STM32F7xx_HAL_Driver/Src/stm32f7xx_hal_uart.o
                0x0000000008008b0c                HAL_UART_ErrorCallback
 .text.UART_SetConfig
                0x0000000008008b20      0x554 Drivers/STM32F7xx_HAL_Driver/Src/stm32f7xx_hal_uart.o
                0x0000000008008b20                UART_SetConfig
 .text.UART_AdvFeatureConfig
                0x0000000008009074      0x144 Drivers/STM32F7xx_HAL_Driver/Src/stm32f7xx_hal_uart.o
                0x0000000008009074                UART_AdvFeatureConfig
 .text.UART_CheckIdleState
                0x00000000080091b8       0x8a Drivers/STM32F7xx_HAL_Driver/Src/stm32f7xx_hal_uart.o
                0x00000000080091b8                UART_CheckIdleState
 .text.UART_WaitOnFlagUntilTimeout
                0x0000000008009242       0xf6 Drivers/STM32F7xx_HAL_Driver/Src/stm32f7xx_hal_uart.o
                0x0000000008009242                UART_WaitOnFlagUntilTimeout
 .text.UART_EndTxTransfer
                0x0000000008009338       0x2a Drivers/STM32F7xx_HAL_Driver/Src/stm32f7xx_hal_uart.o
 .text.UART_EndRxTransfer
                0x0000000008009362       0x40 Drivers/STM32F7xx_HAL_Driver/Src/stm32f7xx_hal_uart.o
 .text.UART_DMAReceiveCplt
                0x00000000080093a2       0x64 Drivers/STM32F7xx_HAL_Driver/Src/stm32f7xx_hal_uart.o
 .text.UART_DMARxHalfCplt
                0x0000000008009406       0x1c Drivers/STM32F7xx_HAL_Driver/Src/stm32f7xx_hal_uart.o
 .text.UART_DMAError
                0x0000000008009422       0x78 Drivers/STM32F7xx_HAL_Driver/Src/stm32f7xx_hal_uart.o
 *fill*         0x000000000800949a        0x2 
 .text.__libc_init_array
                0x000000000800949c       0x48 c:/st/stm32cubeide_1.3.0/stm32cubeide/plugins/com.st.stm32cube.ide.mcu.externaltools.gnu-tools-for-stm32.7-2018-q2-update.win32_1.5.0.202011040924/tools/bin/../lib/gcc/arm-none-eabi/7.3.1/../../../../arm-none-eabi/lib/thumb/v7e-m/fpv5/hard\libc_nano.a(lib_a-init.o)
                0x000000000800949c                __libc_init_array
 .text.memset   0x00000000080094e4       0x10 c:/st/stm32cubeide_1.3.0/stm32cubeide/plugins/com.st.stm32cube.ide.mcu.externaltools.gnu-tools-for-stm32.7-2018-q2-update.win32_1.5.0.202011040924/tools/bin/../lib/gcc/arm-none-eabi/7.3.1/../../../../arm-none-eabi/lib/thumb/v7e-m/fpv5/hard\libc_nano.a(lib_a-memset.o)
                0x00000000080094e4                memset
 *(.glue_7)
 .glue_7        0x00000000080094f4        0x0 linker stubs
 *(.glue_7t)
 .glue_7t       0x00000000080094f4        0x0 linker stubs
 *(.eh_frame)
 .eh_frame      0x00000000080094f4        0x0 c:/st/stm32cubeide_1.3.0/stm32cubeide/plugins/com.st.stm32cube.ide.mcu.externaltools.gnu-tools-for-stm32.7-2018-q2-update.win32_1.5.0.202011040924/tools/bin/../lib/gcc/arm-none-eabi/7.3.1/thumb/v7e-m/fpv5/hard/crtbegin.o
 *(.init)
 .init          0x00000000080094f4        0x4 c:/st/stm32cubeide_1.3.0/stm32cubeide/plugins/com.st.stm32cube.ide.mcu.externaltools.gnu-tools-for-stm32.7-2018-q2-update.win32_1.5.0.202011040924/tools/bin/../lib/gcc/arm-none-eabi/7.3.1/thumb/v7e-m/fpv5/hard/crti.o
                0x00000000080094f4                _init
 .init          0x00000000080094f8        0x8 c:/st/stm32cubeide_1.3.0/stm32cubeide/plugins/com.st.stm32cube.ide.mcu.externaltools.gnu-tools-for-stm32.7-2018-q2-update.win32_1.5.0.202011040924/tools/bin/../lib/gcc/arm-none-eabi/7.3.1/thumb/v7e-m/fpv5/hard/crtn.o
 *(.fini)
 .fini          0x0000000008009500        0x4 c:/st/stm32cubeide_1.3.0/stm32cubeide/plugins/com.st.stm32cube.ide.mcu.externaltools.gnu-tools-for-stm32.7-2018-q2-update.win32_1.5.0.202011040924/tools/bin/../lib/gcc/arm-none-eabi/7.3.1/thumb/v7e-m/fpv5/hard/crti.o
                0x0000000008009500                _fini
 .fini          0x0000000008009504        0x8 c:/st/stm32cubeide_1.3.0/stm32cubeide/plugins/com.st.stm32cube.ide.mcu.externaltools.gnu-tools-for-stm32.7-2018-q2-update.win32_1.5.0.202011040924/tools/bin/../lib/gcc/arm-none-eabi/7.3.1/thumb/v7e-m/fpv5/hard/crtn.o
                0x000000000800950c                . = ALIGN (0x4)
                0x000000000800950c                _etext = .

.vfp11_veneer   0x000000000800950c        0x0
 .vfp11_veneer  0x000000000800950c        0x0 linker stubs

.v4_bx          0x000000000800950c        0x0
 .v4_bx         0x000000000800950c        0x0 linker stubs

.iplt           0x000000000800950c        0x0
 .iplt          0x000000000800950c        0x0 c:/st/stm32cubeide_1.3.0/stm32cubeide/plugins/com.st.stm32cube.ide.mcu.externaltools.gnu-tools-for-stm32.7-2018-q2-update.win32_1.5.0.202011040924/tools/bin/../lib/gcc/arm-none-eabi/7.3.1/thumb/v7e-m/fpv5/hard/crtbegin.o

.rodata         0x000000000800950c      0x598
                0x000000000800950c                . = ALIGN (0x4)
 *(.rodata)
 .rodata        0x000000000800950c        0x3 Core/Src/tft.o
 *(.rodata*)
 *fill*         0x000000000800950f        0x1 
 .rodata.AHBPrescTable
                0x0000000008009510       0x10 Core/Src/system_stm32f7xx.o
                0x0000000008009510                AHBPrescTable
 .rodata.APBPrescTable
                0x0000000008009520        0x8 Core/Src/system_stm32f7xx.o
                0x0000000008009520                APBPrescTable
 .rodata.R61511_regValues.10212
                0x0000000008009528        0x3 Core/Src/tft.o
 *fill*         0x000000000800952b        0x1 
 .rodata.R61520_regValues.10215
                0x000000000800952c        0x6 Core/Src/tft.o
 *fill*         0x0000000008009532        0x2 
 .rodata.R61526_regValues.10217
                0x0000000008009534        0xc Core/Src/tft.o
 .rodata.NT35310_regValues.10219
                0x0000000008009540        0x2 Core/Src/tft.o
 *fill*         0x0000000008009542        0x2 
 .rodata.ST7789_regValues.10221
                0x0000000008009544       0x41 Core/Src/tft.o
 *fill*         0x0000000008009585        0x3 
 .rodata.FK8031_regValues.10224
                0x0000000008009588       0x12 Core/Src/tft.o
 *fill*         0x000000000800959a        0x2 
 .rodata.HX8347G_2_regValues.10230
                0x000000000800959c       0x70 Core/Src/tft.o
 .rodata.HX8357C_regValues.10234
                0x000000000800960c        0x2 Core/Src/tft.o
 *fill*         0x000000000800960e        0x2 
 .rodata.HX8357_99_regValues.10236
                0x0000000008009610       0x1d Core/Src/tft.o
 *fill*         0x000000000800962d        0x3 
 .rodata.ILI9320_regValues.10242
                0x0000000008009630       0xd8 Core/Src/tft.o
 .rodata.ILI9325_regValues.10249
                0x0000000008009708       0xcc Core/Src/tft.o
 .rodata.ILI9327_regValues.10251
                0x00000000080097d4       0x1e Core/Src/tft.o
 *fill*         0x00000000080097f2        0x2 
 .rodata.XX1602_regValues.10253
                0x00000000080097f4        0x6 Core/Src/tft.o
 *fill*         0x00000000080097fa        0x2 
 .rodata.ILI9329_regValues.10260
                0x00000000080097fc        0x3 Core/Src/tft.o
 *fill*         0x00000000080097ff        0x1 
 .rodata.ILI9341_regValues_2_4.10264
                0x0000000008009800       0x65 Core/Src/tft.o
 *fill*         0x0000000008009865        0x3 
 .rodata.ILI9481_regValues.10269
                0x0000000008009868       0x45 Core/Src/tft.o
 *fill*         0x00000000080098ad        0x3 
 .rodata.ILI9486_regValues.10276
                0x00000000080098b0       0x3b Core/Src/tft.o
 *fill*         0x00000000080098eb        0x1 
 .rodata.ILI9488_regValues_max.10281
                0x00000000080098ec       0x2b Core/Src/tft.o
 *fill*         0x0000000008009917        0x1 
 .rodata.R61505V_regValues.10284
                0x0000000008009918       0xb0 Core/Src/tft.o
 .rodata.R61509V_regValues.10287
                0x00000000080099c8       0xc0 Core/Src/tft.o
 .rodata.reset_off.10289
                0x0000000008009a88        0x9 Core/Src/tft.o
 *fill*         0x0000000008009a91        0x3 
 .rodata.wake_on.10290
                0x0000000008009a94        0x6 Core/Src/tft.o
 *fill*         0x0000000008009a9a        0x2 
 .rodata.flagBitshiftOffset.9041
                0x0000000008009a9c        0x8 Drivers/STM32F7xx_HAL_Driver/Src/stm32f7xx_hal_dma.o
                0x0000000008009aa4                . = ALIGN (0x4)

.ARM.extab      0x0000000008009aa4        0x0
                0x0000000008009aa4                . = ALIGN (0x4)
 *(.ARM.extab* .gnu.linkonce.armextab.*)
                0x0000000008009aa4                . = ALIGN (0x4)

.ARM            0x0000000008009aa4        0x8
                0x0000000008009aa4                . = ALIGN (0x4)
                0x0000000008009aa4                __exidx_start = .
 *(.ARM.exidx*)
 .ARM.exidx     0x0000000008009aa4        0x8 c:/st/stm32cubeide_1.3.0/stm32cubeide/plugins/com.st.stm32cube.ide.mcu.externaltools.gnu-tools-for-stm32.7-2018-q2-update.win32_1.5.0.202011040924/tools/bin/../lib/gcc/arm-none-eabi/7.3.1/thumb/v7e-m/fpv5/hard\libgcc.a(_udivmoddi4.o)
                0x0000000008009aac                __exidx_end = .
                0x0000000008009aac                . = ALIGN (0x4)

.rel.dyn        0x0000000008009aac        0x0
 .rel.iplt      0x0000000008009aac        0x0 c:/st/stm32cubeide_1.3.0/stm32cubeide/plugins/com.st.stm32cube.ide.mcu.externaltools.gnu-tools-for-stm32.7-2018-q2-update.win32_1.5.0.202011040924/tools/bin/../lib/gcc/arm-none-eabi/7.3.1/thumb/v7e-m/fpv5/hard/crtbegin.o

.preinit_array  0x0000000008009aac        0x0
                0x0000000008009aac                . = ALIGN (0x4)
                0x0000000008009aac                PROVIDE (__preinit_array_start = .)
 *(.preinit_array*)
                0x0000000008009aac                PROVIDE (__preinit_array_end = .)
                0x0000000008009aac                . = ALIGN (0x4)

.init_array     0x0000000008009aac        0x4
                0x0000000008009aac                . = ALIGN (0x4)
                0x0000000008009aac                PROVIDE (__init_array_start = .)
 *(SORT_BY_NAME(.init_array.*))
 *(.init_array*)
 .init_array    0x0000000008009aac        0x4 c:/st/stm32cubeide_1.3.0/stm32cubeide/plugins/com.st.stm32cube.ide.mcu.externaltools.gnu-tools-for-stm32.7-2018-q2-update.win32_1.5.0.202011040924/tools/bin/../lib/gcc/arm-none-eabi/7.3.1/thumb/v7e-m/fpv5/hard/crtbegin.o
                0x0000000008009ab0                PROVIDE (__init_array_end = .)
                0x0000000008009ab0                . = ALIGN (0x4)

.fini_array     0x0000000008009ab0        0x4
                0x0000000008009ab0                . = ALIGN (0x4)
                [!provide]                        PROVIDE (__fini_array_start = .)
 *(SORT_BY_NAME(.fini_array.*))
 *(.fini_array*)
 .fini_array    0x0000000008009ab0        0x4 c:/st/stm32cubeide_1.3.0/stm32cubeide/plugins/com.st.stm32cube.ide.mcu.externaltools.gnu-tools-for-stm32.7-2018-q2-update.win32_1.5.0.202011040924/tools/bin/../lib/gcc/arm-none-eabi/7.3.1/thumb/v7e-m/fpv5/hard/crtbegin.o
                [!provide]                        PROVIDE (__fini_array_end = .)
                0x0000000008009ab4                . = ALIGN (0x4)
                0x0000000008009ab4                _sidata = LOADADDR (.data)

.data           0x0000000020000000     0x3b9c load address 0x0000000008009ab4
                0x0000000020000000                . = ALIGN (0x4)
                0x0000000020000000                _sdata = .
 *(.data)
 *(.data*)
 .data.EXT_BTN_1_state
                0x0000000020000000        0x1 Core/Src/main.o
                0x0000000020000000                EXT_BTN_1_state
 .data.EXT_BTN_2_state
                0x0000000020000001        0x1 Core/Src/main.o
                0x0000000020000001                EXT_BTN_2_state
 .data.EXT_BTN_3_state
                0x0000000020000002        0x1 Core/Src/main.o
                0x0000000020000002                EXT_BTN_3_state
 .data.EXT_BTN_4_state
                0x0000000020000003        0x1 Core/Src/main.o
                0x0000000020000003                EXT_BTN_4_state
 .data.sine_LUT
                0x0000000020000004      0x3e8 Core/Src/main.o
                0x0000000020000004                sine_LUT
 .data.sawtooth_LUT
                0x00000000200003ec      0x3e8 Core/Src/main.o
                0x00000000200003ec                sawtooth_LUT
 .data.triangle_LUT
                0x00000000200007d4      0x3e8 Core/Src/main.o
                0x00000000200007d4                triangle_LUT
 .data.square_LUT
                0x0000000020000bbc      0x3e8 Core/Src/main.o
                0x0000000020000bbc                square_LUT
 .data.PSC_LUT  0x0000000020000fa4       0x78 Core/Src/main.o
                0x0000000020000fa4                PSC_LUT
 .data.ARR_LUT  0x000000002000101c       0x78 Core/Src/main.o
                0x000000002000101c                ARR_LUT
 .data.square_to_sine_modulation
                0x0000000020001094      0x3e8 Core/Src/main.o
                0x0000000020001094                square_to_sine_modulation
 .data.square_to_square_modulation
                0x000000002000147c      0x3e8 Core/Src/main.o
                0x000000002000147c                square_to_square_modulation
 .data.square_to_triangle_modulation
                0x0000000020001864      0x3e8 Core/Src/main.o
                0x0000000020001864                square_to_triangle_modulation
 .data.square_to_sawtooth_modulation
                0x0000000020001c4c      0x3e8 Core/Src/main.o
                0x0000000020001c4c                square_to_sawtooth_modulation
 .data.triangle_to_sine_modulation
                0x0000000020002034      0x3e8 Core/Src/main.o
                0x0000000020002034                triangle_to_sine_modulation
 .data.triangle_to_square_modulation
                0x000000002000241c      0x3e8 Core/Src/main.o
                0x000000002000241c                triangle_to_square_modulation
 .data.triangle_to_triangle_modulation
                0x0000000020002804      0x3e8 Core/Src/main.o
                0x0000000020002804                triangle_to_triangle_modulation
 .data.triangle_to_sawtooth_modulation
                0x0000000020002bec      0x3e8 Core/Src/main.o
                0x0000000020002bec                triangle_to_sawtooth_modulation
 .data.sawtooth_to_sine_modulation
                0x0000000020002fd4      0x3e8 Core/Src/main.o
                0x0000000020002fd4                sawtooth_to_sine_modulation
 .data.sawtooth_to_square_modulation
                0x00000000200033bc      0x3e8 Core/Src/main.o
                0x00000000200033bc                sawtooth_to_square_modulation
 .data.sawtooth_to_triangle_modulation
                0x00000000200037a4      0x3e8 Core/Src/main.o
                0x00000000200037a4                sawtooth_to_triangle_modulation
 .data.SystemCoreClock
                0x0000000020003b8c        0x4 Core/Src/system_stm32f7xx.o
                0x0000000020003b8c                SystemCoreClock
 .data._width   0x0000000020003b90        0x2 Core/Src/tft.o
                0x0000000020003b90                _width
 .data._height  0x0000000020003b92        0x2 Core/Src/tft.o
                0x0000000020003b92                _height
 .data.uwTickPrio
                0x0000000020003b94        0x4 Drivers/STM32F7xx_HAL_Driver/Src/stm32f7xx_hal.o
                0x0000000020003b94                uwTickPrio
 .data.uwTickFreq
                0x0000000020003b98        0x1 Drivers/STM32F7xx_HAL_Driver/Src/stm32f7xx_hal.o
                0x0000000020003b98                uwTickFreq
                0x0000000020003b9c                . = ALIGN (0x4)
 *fill*         0x0000000020003b99        0x3 
                0x0000000020003b9c                _edata = .

.igot.plt       0x0000000020003b9c        0x0 load address 0x000000000800d650
 .igot.plt      0x0000000020003b9c        0x0 c:/st/stm32cubeide_1.3.0/stm32cubeide/plugins/com.st.stm32cube.ide.mcu.externaltools.gnu-tools-for-stm32.7-2018-q2-update.win32_1.5.0.202011040924/tools/bin/../lib/gcc/arm-none-eabi/7.3.1/thumb/v7e-m/fpv5/hard/crtbegin.o
                0x0000000020003b9c                . = ALIGN (0x4)

.bss            0x0000000020003b9c      0x34c load address 0x000000000800d650
                0x0000000020003b9c                _sbss = .
                0x0000000020003b9c                __bss_start__ = _sbss
 *(.bss)
 .bss           0x0000000020003b9c       0x1c c:/st/stm32cubeide_1.3.0/stm32cubeide/plugins/com.st.stm32cube.ide.mcu.externaltools.gnu-tools-for-stm32.7-2018-q2-update.win32_1.5.0.202011040924/tools/bin/../lib/gcc/arm-none-eabi/7.3.1/thumb/v7e-m/fpv5/hard/crtbegin.o
 *(.bss*)
 .bss.ID        0x0000000020003bb8        0x2 Core/Src/main.o
                0x0000000020003bb8                ID
 .bss.current_am_selection
                0x0000000020003bba        0x1 Core/Src/main.o
                0x0000000020003bba                current_am_selection
 .bss.current_fm_selection
                0x0000000020003bbb        0x1 Core/Src/main.o
                0x0000000020003bbb                current_fm_selection
 .bss.current_envelope_selection
                0x0000000020003bbc        0x1 Core/Src/main.o
                0x0000000020003bbc                current_envelope_selection
 .bss.current_signal_selection
                0x0000000020003bbd        0x1 Core/Src/main.o
                0x0000000020003bbd                current_signal_selection
 *fill*         0x0000000020003bbe        0x2 
 .bss.rx_buffer
                0x0000000020003bc0        0x1 Core/Src/main.o
                0x0000000020003bc0                rx_buffer
 *fill*         0x0000000020003bc1        0x3 
 .bss.note_buffer
                0x0000000020003bc4        0x1 Core/Src/main.o
                0x0000000020003bc4                note_buffer
 .bss.note_cnt  0x0000000020003bc5        0x1 Core/Src/main.o
                0x0000000020003bc5                note_cnt
 .bss.received_note_buffer
                0x0000000020003bc6        0x1 Core/Src/main.o
                0x0000000020003bc6                received_note_buffer
 .bss.selected_waveform
                0x0000000020003bc7        0x1 Core/Src/main.o
                0x0000000020003bc7                selected_waveform
 .bss.i         0x0000000020003bc8        0x4 Core/Src/main.o
                0x0000000020003bc8                i
 .bss.done_reset
                0x0000000020003bcc        0x1 Core/Src/tft.o
 .bss.is8347    0x0000000020003bcd        0x1 Core/Src/tft.o
 .bss.is555     0x0000000020003bce        0x1 Core/Src/tft.o
 .bss.is9797    0x0000000020003bcf        0x1 Core/Src/tft.o
 .bss.rotation  0x0000000020003bd0        0x1 Core/Src/tft.o
                0x0000000020003bd0                rotation
 *(COMMON)
 *fill*         0x0000000020003bd1        0x3 
 COMMON         0x0000000020003bd4      0x2f4 Core/Src/main.o
                0x0000000020003bd4                hdma_uart4_rx
                0x0000000020003c34                huart3
                0x0000000020003cb4                hdma_dac1
                0x0000000020003d14                hdac
                0x0000000020003d28                htim6
                0x0000000020003d68                htim1
                0x0000000020003da8                huart4
                0x0000000020003e28                htim2
                0x0000000020003e68                hdma_dac2
 COMMON         0x0000000020003ec8       0x1a Core/Src/tft.o
                0x0000000020003ec8                _lcd_drivOut
                0x0000000020003eca                _MW
                0x0000000020003ecc                _lcd_capable
                0x0000000020003ece                _SP
                0x0000000020003ed0                _lcd_rev
                0x0000000020003ed2                _MP
                0x0000000020003ed4                _MC
                0x0000000020003ed6                _SC
                0x0000000020003ed8                _EP
                0x0000000020003eda                _lcd_ID
                0x0000000020003edc                _lcd_xor
                0x0000000020003ede                _EC
                0x0000000020003ee0                _lcd_madctl
 *fill*         0x0000000020003ee2        0x2 
 COMMON         0x0000000020003ee4        0x4 Drivers/STM32F7xx_HAL_Driver/Src/stm32f7xx_hal.o
                0x0000000020003ee4                uwTick
                0x0000000020003ee8                . = ALIGN (0x4)
                0x0000000020003ee8                _ebss = .
                0x0000000020003ee8                __bss_end__ = _ebss

._user_heap_stack
                0x0000000020003ee8      0x600 load address 0x000000000800d650
                0x0000000020003ee8                . = ALIGN (0x8)
                [!provide]                        PROVIDE (end = .)
                0x0000000020003ee8                PROVIDE (_end = .)
                0x00000000200040e8                . = (. + _Min_Heap_Size)
 *fill*         0x0000000020003ee8      0x200 
                0x00000000200044e8                . = (. + _Min_Stack_Size)
 *fill*         0x00000000200040e8      0x400 
                0x00000000200044e8                . = ALIGN (0x8)

/DISCARD/
 libc.a(*)
 libm.a(*)
 libgcc.a(*)

.ARM.attributes
                0x0000000000000000       0x2e
 *(.ARM.attributes)
 .ARM.attributes
                0x0000000000000000       0x20 c:/st/stm32cubeide_1.3.0/stm32cubeide/plugins/com.st.stm32cube.ide.mcu.externaltools.gnu-tools-for-stm32.7-2018-q2-update.win32_1.5.0.202011040924/tools/bin/../lib/gcc/arm-none-eabi/7.3.1/thumb/v7e-m/fpv5/hard/crti.o
 .ARM.attributes
                0x0000000000000020       0x32 c:/st/stm32cubeide_1.3.0/stm32cubeide/plugins/com.st.stm32cube.ide.mcu.externaltools.gnu-tools-for-stm32.7-2018-q2-update.win32_1.5.0.202011040924/tools/bin/../lib/gcc/arm-none-eabi/7.3.1/thumb/v7e-m/fpv5/hard/crtbegin.o
 .ARM.attributes
                0x0000000000000052       0x37 Core/Src/main.o
 .ARM.attributes
                0x0000000000000089       0x37 Core/Src/stm32f7xx_hal_msp.o
 .ARM.attributes
                0x00000000000000c0       0x37 Core/Src/stm32f7xx_it.o
 .ARM.attributes
                0x00000000000000f7       0x37 Core/Src/system_stm32f7xx.o
 .ARM.attributes
                0x000000000000012e       0x37 Core/Src/tft.o
 .ARM.attributes
                0x0000000000000165       0x21 Core/Startup/startup_stm32f767zitx.o
 .ARM.attributes
                0x0000000000000186       0x37 Drivers/STM32F7xx_HAL_Driver/Src/stm32f7xx_hal.o
 .ARM.attributes
                0x00000000000001bd       0x37 Drivers/STM32F7xx_HAL_Driver/Src/stm32f7xx_hal_cortex.o
 .ARM.attributes
                0x00000000000001f4       0x37 Drivers/STM32F7xx_HAL_Driver/Src/stm32f7xx_hal_dac.o
 .ARM.attributes
                0x000000000000022b       0x37 Drivers/STM32F7xx_HAL_Driver/Src/stm32f7xx_hal_dac_ex.o
 .ARM.attributes
                0x0000000000000262       0x37 Drivers/STM32F7xx_HAL_Driver/Src/stm32f7xx_hal_dma.o
 .ARM.attributes
                0x0000000000000299       0x37 Drivers/STM32F7xx_HAL_Driver/Src/stm32f7xx_hal_gpio.o
 .ARM.attributes
                0x00000000000002d0       0x37 Drivers/STM32F7xx_HAL_Driver/Src/stm32f7xx_hal_pwr.o
 .ARM.attributes
                0x0000000000000307       0x37 Drivers/STM32F7xx_HAL_Driver/Src/stm32f7xx_hal_rcc.o
 .ARM.attributes
                0x000000000000033e       0x37 Drivers/STM32F7xx_HAL_Driver/Src/stm32f7xx_hal_rcc_ex.o
 .ARM.attributes
                0x0000000000000375       0x37 Drivers/STM32F7xx_HAL_Driver/Src/stm32f7xx_hal_tim.o
 .ARM.attributes
                0x00000000000003ac       0x37 Drivers/STM32F7xx_HAL_Driver/Src/stm32f7xx_hal_tim_ex.o
 .ARM.attributes
                0x00000000000003e3       0x37 Drivers/STM32F7xx_HAL_Driver/Src/stm32f7xx_hal_uart.o
 .ARM.attributes
                0x000000000000041a       0x32 c:/st/stm32cubeide_1.3.0/stm32cubeide/plugins/com.st.stm32cube.ide.mcu.externaltools.gnu-tools-for-stm32.7-2018-q2-update.win32_1.5.0.202011040924/tools/bin/../lib/gcc/arm-none-eabi/7.3.1/../../../../arm-none-eabi/lib/thumb/v7e-m/fpv5/hard\libc_nano.a(lib_a-init.o)
 .ARM.attributes
                0x000000000000044c       0x32 c:/st/stm32cubeide_1.3.0/stm32cubeide/plugins/com.st.stm32cube.ide.mcu.externaltools.gnu-tools-for-stm32.7-2018-q2-update.win32_1.5.0.202011040924/tools/bin/../lib/gcc/arm-none-eabi/7.3.1/../../../../arm-none-eabi/lib/thumb/v7e-m/fpv5/hard\libc_nano.a(lib_a-memset.o)
 .ARM.attributes
                0x000000000000047e       0x20 c:/st/stm32cubeide_1.3.0/stm32cubeide/plugins/com.st.stm32cube.ide.mcu.externaltools.gnu-tools-for-stm32.7-2018-q2-update.win32_1.5.0.202011040924/tools/bin/../lib/gcc/arm-none-eabi/7.3.1/thumb/v7e-m/fpv5/hard\libgcc.a(_aeabi_uldivmod.o)
 .ARM.attributes
                0x000000000000049e       0x32 c:/st/stm32cubeide_1.3.0/stm32cubeide/plugins/com.st.stm32cube.ide.mcu.externaltools.gnu-tools-for-stm32.7-2018-q2-update.win32_1.5.0.202011040924/tools/bin/../lib/gcc/arm-none-eabi/7.3.1/thumb/v7e-m/fpv5/hard\libgcc.a(_udivmoddi4.o)
 .ARM.attributes
                0x00000000000004d0       0x20 c:/st/stm32cubeide_1.3.0/stm32cubeide/plugins/com.st.stm32cube.ide.mcu.externaltools.gnu-tools-for-stm32.7-2018-q2-update.win32_1.5.0.202011040924/tools/bin/../lib/gcc/arm-none-eabi/7.3.1/thumb/v7e-m/fpv5/hard\libgcc.a(_dvmd_tls.o)
 .ARM.attributes
                0x00000000000004f0       0x20 c:/st/stm32cubeide_1.3.0/stm32cubeide/plugins/com.st.stm32cube.ide.mcu.externaltools.gnu-tools-for-stm32.7-2018-q2-update.win32_1.5.0.202011040924/tools/bin/../lib/gcc/arm-none-eabi/7.3.1/thumb/v7e-m/fpv5/hard/crtn.o
OUTPUT(EmbSynth.elf elf32-littlearm)

.debug_info     0x0000000000000000    0x128f7
 .debug_info    0x0000000000000000     0x24ac Core/Src/main.o
 .debug_info    0x00000000000024ac     0x12ff Core/Src/stm32f7xx_hal_msp.o
 .debug_info    0x00000000000037ab      0x7c6 Core/Src/stm32f7xx_it.o
 .debug_info    0x0000000000003f71      0x73d Core/Src/system_stm32f7xx.o
 .debug_info    0x00000000000046ae     0x3935 Core/Src/tft.o
 .debug_info    0x0000000000007fe3       0x22 Core/Startup/startup_stm32f767zitx.o
 .debug_info    0x0000000000008005      0xa46 Drivers/STM32F7xx_HAL_Driver/Src/stm32f7xx_hal.o
 .debug_info    0x0000000000008a4b     0x108c Drivers/STM32F7xx_HAL_Driver/Src/stm32f7xx_hal_cortex.o
 .debug_info    0x0000000000009ad7      0xa3a Drivers/STM32F7xx_HAL_Driver/Src/stm32f7xx_hal_dac.o
 .debug_info    0x000000000000a511      0x7c0 Drivers/STM32F7xx_HAL_Driver/Src/stm32f7xx_hal_dac_ex.o
 .debug_info    0x000000000000acd1      0x968 Drivers/STM32F7xx_HAL_Driver/Src/stm32f7xx_hal_dma.o
 .debug_info    0x000000000000b639      0x7e9 Drivers/STM32F7xx_HAL_Driver/Src/stm32f7xx_hal_gpio.o
 .debug_info    0x000000000000be22      0x9b4 Drivers/STM32F7xx_HAL_Driver/Src/stm32f7xx_hal_pwr.o
 .debug_info    0x000000000000c7d6      0x996 Drivers/STM32F7xx_HAL_Driver/Src/stm32f7xx_hal_rcc.o
 .debug_info    0x000000000000d16c      0x7d1 Drivers/STM32F7xx_HAL_Driver/Src/stm32f7xx_hal_rcc_ex.o
 .debug_info    0x000000000000d93d     0x25bc Drivers/STM32F7xx_HAL_Driver/Src/stm32f7xx_hal_tim.o
 .debug_info    0x000000000000fef9     0x1307 Drivers/STM32F7xx_HAL_Driver/Src/stm32f7xx_hal_tim_ex.o
 .debug_info    0x0000000000011200     0x16f7 Drivers/STM32F7xx_HAL_Driver/Src/stm32f7xx_hal_uart.o

.debug_abbrev   0x0000000000000000     0x23fb
 .debug_abbrev  0x0000000000000000      0x2b0 Core/Src/main.o
 .debug_abbrev  0x00000000000002b0      0x1de Core/Src/stm32f7xx_hal_msp.o
 .debug_abbrev  0x000000000000048e      0x172 Core/Src/stm32f7xx_it.o
 .debug_abbrev  0x0000000000000600      0x147 Core/Src/system_stm32f7xx.o
 .debug_abbrev  0x0000000000000747      0x405 Core/Src/tft.o
 .debug_abbrev  0x0000000000000b4c       0x12 Core/Startup/startup_stm32f767zitx.o
 .debug_abbrev  0x0000000000000b5e      0x1c7 Drivers/STM32F7xx_HAL_Driver/Src/stm32f7xx_hal.o
 .debug_abbrev  0x0000000000000d25      0x2fa Drivers/STM32F7xx_HAL_Driver/Src/stm32f7xx_hal_cortex.o
 .debug_abbrev  0x000000000000101f      0x1e4 Drivers/STM32F7xx_HAL_Driver/Src/stm32f7xx_hal_dac.o
 .debug_abbrev  0x0000000000001203      0x1e8 Drivers/STM32F7xx_HAL_Driver/Src/stm32f7xx_hal_dac_ex.o
 .debug_abbrev  0x00000000000013eb      0x229 Drivers/STM32F7xx_HAL_Driver/Src/stm32f7xx_hal_dma.o
 .debug_abbrev  0x0000000000001614      0x1c9 Drivers/STM32F7xx_HAL_Driver/Src/stm32f7xx_hal_gpio.o
 .debug_abbrev  0x00000000000017dd      0x1b6 Drivers/STM32F7xx_HAL_Driver/Src/stm32f7xx_hal_pwr.o
 .debug_abbrev  0x0000000000001993      0x268 Drivers/STM32F7xx_HAL_Driver/Src/stm32f7xx_hal_rcc.o
 .debug_abbrev  0x0000000000001bfb      0x1ad Drivers/STM32F7xx_HAL_Driver/Src/stm32f7xx_hal_rcc_ex.o
 .debug_abbrev  0x0000000000001da8      0x230 Drivers/STM32F7xx_HAL_Driver/Src/stm32f7xx_hal_tim.o
 .debug_abbrev  0x0000000000001fd8      0x21e Drivers/STM32F7xx_HAL_Driver/Src/stm32f7xx_hal_tim_ex.o
 .debug_abbrev  0x00000000000021f6      0x205 Drivers/STM32F7xx_HAL_Driver/Src/stm32f7xx_hal_uart.o

.debug_aranges  0x0000000000000000     0x1150
 .debug_aranges
                0x0000000000000000       0x88 Core/Src/main.o
 .debug_aranges
                0x0000000000000088       0x50 Core/Src/stm32f7xx_hal_msp.o
 .debug_aranges
                0x00000000000000d8       0x90 Core/Src/stm32f7xx_it.o
 .debug_aranges
                0x0000000000000168       0x28 Core/Src/system_stm32f7xx.o
 .debug_aranges
                0x0000000000000190      0x2a8 Core/Src/tft.o
 .debug_aranges
                0x0000000000000438       0x28 Core/Startup/startup_stm32f767zitx.o
 .debug_aranges
                0x0000000000000460      0x110 Drivers/STM32F7xx_HAL_Driver/Src/stm32f7xx_hal.o
 .debug_aranges
                0x0000000000000570      0x118 Drivers/STM32F7xx_HAL_Driver/Src/stm32f7xx_hal_cortex.o
 .debug_aranges
                0x0000000000000688       0xc0 Drivers/STM32F7xx_HAL_Driver/Src/stm32f7xx_hal_dac.o
 .debug_aranges
                0x0000000000000748       0x70 Drivers/STM32F7xx_HAL_Driver/Src/stm32f7xx_hal_dac_ex.o
 .debug_aranges
                0x00000000000007b8       0x90 Drivers/STM32F7xx_HAL_Driver/Src/stm32f7xx_hal_dma.o
 .debug_aranges
                0x0000000000000848       0x58 Drivers/STM32F7xx_HAL_Driver/Src/stm32f7xx_hal_gpio.o
 .debug_aranges
                0x00000000000008a0       0xa0 Drivers/STM32F7xx_HAL_Driver/Src/stm32f7xx_hal_pwr.o
 .debug_aranges
                0x0000000000000940       0x88 Drivers/STM32F7xx_HAL_Driver/Src/stm32f7xx_hal_rcc.o
 .debug_aranges
                0x00000000000009c8       0x50 Drivers/STM32F7xx_HAL_Driver/Src/stm32f7xx_hal_rcc_ex.o
 .debug_aranges
                0x0000000000000a18      0x3b8 Drivers/STM32F7xx_HAL_Driver/Src/stm32f7xx_hal_tim.o
 .debug_aranges
                0x0000000000000dd0      0x168 Drivers/STM32F7xx_HAL_Driver/Src/stm32f7xx_hal_tim_ex.o
 .debug_aranges
                0x0000000000000f38      0x218 Drivers/STM32F7xx_HAL_Driver/Src/stm32f7xx_hal_uart.o

.debug_ranges   0x0000000000000000     0x1050
 .debug_ranges  0x0000000000000000       0x78 Core/Src/main.o
 .debug_ranges  0x0000000000000078       0x40 Core/Src/stm32f7xx_hal_msp.o
 .debug_ranges  0x00000000000000b8       0x80 Core/Src/stm32f7xx_it.o
 .debug_ranges  0x0000000000000138       0x18 Core/Src/system_stm32f7xx.o
 .debug_ranges  0x0000000000000150      0x2b0 Core/Src/tft.o
 .debug_ranges  0x0000000000000400       0x20 Core/Startup/startup_stm32f767zitx.o
 .debug_ranges  0x0000000000000420      0x100 Drivers/STM32F7xx_HAL_Driver/Src/stm32f7xx_hal.o
 .debug_ranges  0x0000000000000520      0x108 Drivers/STM32F7xx_HAL_Driver/Src/stm32f7xx_hal_cortex.o
 .debug_ranges  0x0000000000000628       0xb0 Drivers/STM32F7xx_HAL_Driver/Src/stm32f7xx_hal_dac.o
 .debug_ranges  0x00000000000006d8       0x60 Drivers/STM32F7xx_HAL_Driver/Src/stm32f7xx_hal_dac_ex.o
 .debug_ranges  0x0000000000000738       0x80 Drivers/STM32F7xx_HAL_Driver/Src/stm32f7xx_hal_dma.o
 .debug_ranges  0x00000000000007b8       0x48 Drivers/STM32F7xx_HAL_Driver/Src/stm32f7xx_hal_gpio.o
 .debug_ranges  0x0000000000000800       0x90 Drivers/STM32F7xx_HAL_Driver/Src/stm32f7xx_hal_pwr.o
 .debug_ranges  0x0000000000000890       0x78 Drivers/STM32F7xx_HAL_Driver/Src/stm32f7xx_hal_rcc.o
 .debug_ranges  0x0000000000000908       0x40 Drivers/STM32F7xx_HAL_Driver/Src/stm32f7xx_hal_rcc_ex.o
 .debug_ranges  0x0000000000000948      0x3a8 Drivers/STM32F7xx_HAL_Driver/Src/stm32f7xx_hal_tim.o
 .debug_ranges  0x0000000000000cf0      0x158 Drivers/STM32F7xx_HAL_Driver/Src/stm32f7xx_hal_tim_ex.o
 .debug_ranges  0x0000000000000e48      0x208 Drivers/STM32F7xx_HAL_Driver/Src/stm32f7xx_hal_uart.o

.debug_macro    0x0000000000000000    0x27708
 .debug_macro   0x0000000000000000      0x302 Core/Src/main.o
 .debug_macro   0x0000000000000302      0x299 Core/Src/main.o
 .debug_macro   0x000000000000059b       0x2e Core/Src/main.o
 .debug_macro   0x00000000000005c9       0x3b Core/Src/main.o
 .debug_macro   0x0000000000000604       0x1c Core/Src/main.o
 .debug_macro   0x0000000000000620       0x22 Core/Src/main.o
 .debug_macro   0x0000000000000642       0xdf Core/Src/main.o
 .debug_macro   0x0000000000000721     0x12cd Core/Src/main.o
 .debug_macro   0x00000000000019ee      0x11f Core/Src/main.o
 .debug_macro   0x0000000000001b0d       0x19 Core/Src/main.o
 .debug_macro   0x0000000000001b26    0x1a9b4 Core/Src/main.o
 .debug_macro   0x000000000001c4da       0x43 Core/Src/main.o
 .debug_macro   0x000000000001c51d     0x36b4 Core/Src/main.o
 .debug_macro   0x000000000001fbd1      0x174 Core/Src/main.o
 .debug_macro   0x000000000001fd45       0x61 Core/Src/main.o
 .debug_macro   0x000000000001fda6     0x1add Core/Src/main.o
 .debug_macro   0x0000000000021883      0x6c4 Core/Src/main.o
 .debug_macro   0x0000000000021f47      0x18b Core/Src/main.o
 .debug_macro   0x00000000000220d2      0x117 Core/Src/main.o
 .debug_macro   0x00000000000221e9      0x26f Core/Src/main.o
 .debug_macro   0x0000000000022458       0x27 Core/Src/main.o
 .debug_macro   0x000000000002247f      0x24f Core/Src/main.o
 .debug_macro   0x00000000000226ce       0x71 Core/Src/main.o
 .debug_macro   0x000000000002273f       0x58 Core/Src/main.o
 .debug_macro   0x0000000000022797      0x236 Core/Src/main.o
 .debug_macro   0x00000000000229cd       0xea Core/Src/main.o
 .debug_macro   0x0000000000022ab7       0xa0 Core/Src/main.o
 .debug_macro   0x0000000000022b57       0x3c Core/Src/main.o
 .debug_macro   0x0000000000022b93      0x14f Core/Src/main.o
 .debug_macro   0x0000000000022ce2      0x3dc Core/Src/main.o
 .debug_macro   0x00000000000230be       0x12 Core/Src/main.o
 .debug_macro   0x00000000000230d0      0x22c Core/Src/main.o
 .debug_macro   0x00000000000232fc       0x61 Core/Src/main.o
 .debug_macro   0x000000000002335d       0xa5 Core/Src/main.o
 .debug_macro   0x0000000000023402      0x12f Core/Src/main.o
 .debug_macro   0x0000000000023531      0x108 Core/Src/main.o
 .debug_macro   0x0000000000023639       0x35 Core/Src/main.o
 .debug_macro   0x000000000002366e      0xa3d Core/Src/main.o
 .debug_macro   0x00000000000240ab       0xa9 Core/Src/main.o
 .debug_macro   0x0000000000024154      0x589 Core/Src/main.o
 .debug_macro   0x00000000000246dd       0x44 Core/Src/main.o
 .debug_macro   0x0000000000024721      0x15c Core/Src/main.o
 .debug_macro   0x000000000002487d      0x178 Core/Src/main.o
 .debug_macro   0x00000000000249f5       0x22 Core/Src/main.o
 .debug_macro   0x0000000000024a17       0x46 Core/Src/main.o
 .debug_macro   0x0000000000024a5d       0x17 Core/Src/main.o
 .debug_macro   0x0000000000024a74       0x3c Core/Src/main.o
 .debug_macro   0x0000000000024ab0       0x34 Core/Src/main.o
 .debug_macro   0x0000000000024ae4       0x52 Core/Src/main.o
 .debug_macro   0x0000000000024b36       0x1f Core/Src/main.o
 .debug_macro   0x0000000000024b55       0x43 Core/Src/main.o
 .debug_macro   0x0000000000024b98       0x20 Core/Src/main.o
 .debug_macro   0x0000000000024bb8      0x1a3 Core/Src/main.o
 .debug_macro   0x0000000000024d5b      0x32a Core/Src/main.o
 .debug_macro   0x0000000000025085      0x1e1 Core/Src/main.o
 .debug_macro   0x0000000000025266       0x64 Core/Src/main.o
 .debug_macro   0x00000000000252ca       0x4c Core/Src/main.o
 .debug_macro   0x0000000000025316      0x20b Core/Src/stm32f7xx_hal_msp.o
 .debug_macro   0x0000000000025521      0x215 Core/Src/stm32f7xx_it.o
 .debug_macro   0x0000000000025736      0x202 Core/Src/system_stm32f7xx.o
 .debug_macro   0x0000000000025938      0x43e Core/Src/tft.o
 .debug_macro   0x0000000000025d76       0x10 Core/Src/tft.o
 .debug_macro   0x0000000000025d86       0x20 Core/Src/tft.o
 .debug_macro   0x0000000000025da6       0xd1 Core/Src/tft.o
 .debug_macro   0x0000000000025e77      0x220 Drivers/STM32F7xx_HAL_Driver/Src/stm32f7xx_hal.o
 .debug_macro   0x0000000000026097      0x1fc Drivers/STM32F7xx_HAL_Driver/Src/stm32f7xx_hal_cortex.o
 .debug_macro   0x0000000000026293      0x1fd Drivers/STM32F7xx_HAL_Driver/Src/stm32f7xx_hal_dac.o
 .debug_macro   0x0000000000026490      0x1fc Drivers/STM32F7xx_HAL_Driver/Src/stm32f7xx_hal_dac_ex.o
 .debug_macro   0x000000000002668c      0x202 Drivers/STM32F7xx_HAL_Driver/Src/stm32f7xx_hal_dma.o
 .debug_macro   0x000000000002688e      0x232 Drivers/STM32F7xx_HAL_Driver/Src/stm32f7xx_hal_gpio.o
 .debug_macro   0x0000000000026ac0      0x21a Drivers/STM32F7xx_HAL_Driver/Src/stm32f7xx_hal_pwr.o
 .debug_macro   0x0000000000026cda      0x220 Drivers/STM32F7xx_HAL_Driver/Src/stm32f7xx_hal_rcc.o
 .debug_macro   0x0000000000026efa      0x1fc Drivers/STM32F7xx_HAL_Driver/Src/stm32f7xx_hal_rcc_ex.o
 .debug_macro   0x00000000000270f6      0x1fd Drivers/STM32F7xx_HAL_Driver/Src/stm32f7xx_hal_tim.o
 .debug_macro   0x00000000000272f3      0x1fc Drivers/STM32F7xx_HAL_Driver/Src/stm32f7xx_hal_tim_ex.o
 .debug_macro   0x00000000000274ef      0x219 Drivers/STM32F7xx_HAL_Driver/Src/stm32f7xx_hal_uart.o

.debug_line     0x0000000000000000     0xcc82
 .debug_line    0x0000000000000000      0xbb1 Core/Src/main.o
 .debug_line    0x0000000000000bb1      0x806 Core/Src/stm32f7xx_hal_msp.o
 .debug_line    0x00000000000013b7      0x82f Core/Src/stm32f7xx_it.o
 .debug_line    0x0000000000001be6      0x736 Core/Src/system_stm32f7xx.o
 .debug_line    0x000000000000231c     0x1962 Core/Src/tft.o
 .debug_line    0x0000000000003c7e       0x85 Core/Startup/startup_stm32f767zitx.o
 .debug_line    0x0000000000003d03      0x969 Drivers/STM32F7xx_HAL_Driver/Src/stm32f7xx_hal.o
 .debug_line    0x000000000000466c      0xa46 Drivers/STM32F7xx_HAL_Driver/Src/stm32f7xx_hal_cortex.o
 .debug_line    0x00000000000050b2      0x976 Drivers/STM32F7xx_HAL_Driver/Src/stm32f7xx_hal_dac.o
 .debug_line    0x0000000000005a28      0x839 Drivers/STM32F7xx_HAL_Driver/Src/stm32f7xx_hal_dac_ex.o
 .debug_line    0x0000000000006261      0x9f1 Drivers/STM32F7xx_HAL_Driver/Src/stm32f7xx_hal_dma.o
 .debug_line    0x0000000000006c52      0x92a Drivers/STM32F7xx_HAL_Driver/Src/stm32f7xx_hal_gpio.o
 .debug_line    0x000000000000757c      0x88a Drivers/STM32F7xx_HAL_Driver/Src/stm32f7xx_hal_pwr.o
 .debug_line    0x0000000000007e06      0x9cf Drivers/STM32F7xx_HAL_Driver/Src/stm32f7xx_hal_rcc.o
 .debug_line    0x00000000000087d5      0x946 Drivers/STM32F7xx_HAL_Driver/Src/stm32f7xx_hal_rcc_ex.o
 .debug_line    0x000000000000911b     0x1a62 Drivers/STM32F7xx_HAL_Driver/Src/stm32f7xx_hal_tim.o
 .debug_line    0x000000000000ab7d      0xe1c Drivers/STM32F7xx_HAL_Driver/Src/stm32f7xx_hal_tim_ex.o
 .debug_line    0x000000000000b999     0x12e9 Drivers/STM32F7xx_HAL_Driver/Src/stm32f7xx_hal_uart.o

.debug_str      0x0000000000000000    0xfcee4
 .debug_str     0x0000000000000000    0xf84e0 Core/Src/main.o
                                      0xf8df2 (size before relaxing)
 .debug_str     0x00000000000f84e0       0xa8 Core/Src/stm32f7xx_hal_msp.o
                                      0xf4aa5 (size before relaxing)
 .debug_str     0x00000000000f8588      0x13d Core/Src/stm32f7xx_it.o
                                      0xf4065 (size before relaxing)
 .debug_str     0x00000000000f86c5      0x18d Core/Src/system_stm32f7xx.o
                                      0xf3718 (size before relaxing)
 .debug_str     0x00000000000f8852     0x1567 Core/Src/tft.o
                                      0xf80f0 (size before relaxing)
 .debug_str     0x00000000000f9db9       0x36 Core/Startup/startup_stm32f767zitx.o
                                         0x86 (size before relaxing)
 .debug_str     0x00000000000f9def      0x3c7 Drivers/STM32F7xx_HAL_Driver/Src/stm32f7xx_hal.o
                                      0xf40a1 (size before relaxing)
 .debug_str     0x00000000000fa1b6      0x38f Drivers/STM32F7xx_HAL_Driver/Src/stm32f7xx_hal_cortex.o
                                      0xf410d (size before relaxing)
 .debug_str     0x00000000000fa545      0x1cd Drivers/STM32F7xx_HAL_Driver/Src/stm32f7xx_hal_dac.o
                                      0xf3a56 (size before relaxing)
 .debug_str     0x00000000000fa712      0x164 Drivers/STM32F7xx_HAL_Driver/Src/stm32f7xx_hal_dac_ex.o
                                      0xf3986 (size before relaxing)
 .debug_str     0x00000000000fa876      0x328 Drivers/STM32F7xx_HAL_Driver/Src/stm32f7xx_hal_dma.o
                                      0xf3a52 (size before relaxing)
 .debug_str     0x00000000000fab9e      0x21e Drivers/STM32F7xx_HAL_Driver/Src/stm32f7xx_hal_gpio.o
                                      0xf38ee (size before relaxing)
 .debug_str     0x00000000000fadbc      0x2c5 Drivers/STM32F7xx_HAL_Driver/Src/stm32f7xx_hal_pwr.o
                                      0xf39d0 (size before relaxing)
 .debug_str     0x00000000000fb081      0x27f Drivers/STM32F7xx_HAL_Driver/Src/stm32f7xx_hal_rcc.o
                                      0xf3a4c (size before relaxing)
 .debug_str     0x00000000000fb300      0x161 Drivers/STM32F7xx_HAL_Driver/Src/stm32f7xx_hal_rcc_ex.o
                                      0xf3a01 (size before relaxing)
 .debug_str     0x00000000000fb461      0xd06 Drivers/STM32F7xx_HAL_Driver/Src/stm32f7xx_hal_tim.o
                                      0xf47a4 (size before relaxing)
 .debug_str     0x00000000000fc167      0x5a2 Drivers/STM32F7xx_HAL_Driver/Src/stm32f7xx_hal_tim_ex.o
                                      0xf40b7 (size before relaxing)
 .debug_str     0x00000000000fc709      0x7db Drivers/STM32F7xx_HAL_Driver/Src/stm32f7xx_hal_uart.o
                                      0xf4291 (size before relaxing)

.comment        0x0000000000000000       0x7b
 .comment       0x0000000000000000       0x7b Core/Src/main.o
                                         0x7c (size before relaxing)
 .comment       0x000000000000007b       0x7c Core/Src/stm32f7xx_hal_msp.o
 .comment       0x000000000000007b       0x7c Core/Src/stm32f7xx_it.o
 .comment       0x000000000000007b       0x7c Core/Src/system_stm32f7xx.o
 .comment       0x000000000000007b       0x7c Core/Src/tft.o
 .comment       0x000000000000007b       0x7c Drivers/STM32F7xx_HAL_Driver/Src/stm32f7xx_hal.o
 .comment       0x000000000000007b       0x7c Drivers/STM32F7xx_HAL_Driver/Src/stm32f7xx_hal_cortex.o
 .comment       0x000000000000007b       0x7c Drivers/STM32F7xx_HAL_Driver/Src/stm32f7xx_hal_dac.o
 .comment       0x000000000000007b       0x7c Drivers/STM32F7xx_HAL_Driver/Src/stm32f7xx_hal_dac_ex.o
 .comment       0x000000000000007b       0x7c Drivers/STM32F7xx_HAL_Driver/Src/stm32f7xx_hal_dma.o
 .comment       0x000000000000007b       0x7c Drivers/STM32F7xx_HAL_Driver/Src/stm32f7xx_hal_gpio.o
 .comment       0x000000000000007b       0x7c Drivers/STM32F7xx_HAL_Driver/Src/stm32f7xx_hal_pwr.o
 .comment       0x000000000000007b       0x7c Drivers/STM32F7xx_HAL_Driver/Src/stm32f7xx_hal_rcc.o
 .comment       0x000000000000007b       0x7c Drivers/STM32F7xx_HAL_Driver/Src/stm32f7xx_hal_rcc_ex.o
 .comment       0x000000000000007b       0x7c Drivers/STM32F7xx_HAL_Driver/Src/stm32f7xx_hal_tim.o
 .comment       0x000000000000007b       0x7c Drivers/STM32F7xx_HAL_Driver/Src/stm32f7xx_hal_tim_ex.o
 .comment       0x000000000000007b       0x7c Drivers/STM32F7xx_HAL_Driver/Src/stm32f7xx_hal_uart.o

.debug_frame    0x0000000000000000     0x49ac
 .debug_frame   0x0000000000000000      0x1fc Core/Src/main.o
 .debug_frame   0x00000000000001fc      0x110 Core/Src/stm32f7xx_hal_msp.o
 .debug_frame   0x000000000000030c      0x1b4 Core/Src/stm32f7xx_it.o
 .debug_frame   0x00000000000004c0       0x58 Core/Src/system_stm32f7xx.o
 .debug_frame   0x0000000000000518      0xc58 Core/Src/tft.o
 .debug_frame   0x0000000000001170      0x3f4 Drivers/STM32F7xx_HAL_Driver/Src/stm32f7xx_hal.o
 .debug_frame   0x0000000000001564      0x498 Drivers/STM32F7xx_HAL_Driver/Src/stm32f7xx_hal_cortex.o
 .debug_frame   0x00000000000019fc      0x338 Drivers/STM32F7xx_HAL_Driver/Src/stm32f7xx_hal_dac.o
 .debug_frame   0x0000000000001d34      0x1bc Drivers/STM32F7xx_HAL_Driver/Src/stm32f7xx_hal_dac_ex.o
 .debug_frame   0x0000000000001ef0      0x250 Drivers/STM32F7xx_HAL_Driver/Src/stm32f7xx_hal_dma.o
 .debug_frame   0x0000000000002140      0x14c Drivers/STM32F7xx_HAL_Driver/Src/stm32f7xx_hal_gpio.o
 .debug_frame   0x000000000000228c      0x254 Drivers/STM32F7xx_HAL_Driver/Src/stm32f7xx_hal_pwr.o
 .debug_frame   0x00000000000024e0      0x1f4 Drivers/STM32F7xx_HAL_Driver/Src/stm32f7xx_hal_rcc.o
 .debug_frame   0x00000000000026d4      0x118 Drivers/STM32F7xx_HAL_Driver/Src/stm32f7xx_hal_rcc_ex.o
 .debug_frame   0x00000000000027ec     0x1144 Drivers/STM32F7xx_HAL_Driver/Src/stm32f7xx_hal_tim.o
 .debug_frame   0x0000000000003930      0x638 Drivers/STM32F7xx_HAL_Driver/Src/stm32f7xx_hal_tim_ex.o
 .debug_frame   0x0000000000003f68      0x998 Drivers/STM32F7xx_HAL_Driver/Src/stm32f7xx_hal_uart.o
 .debug_frame   0x0000000000004900       0x2c c:/st/stm32cubeide_1.3.0/stm32cubeide/plugins/com.st.stm32cube.ide.mcu.externaltools.gnu-tools-for-stm32.7-2018-q2-update.win32_1.5.0.202011040924/tools/bin/../lib/gcc/arm-none-eabi/7.3.1/../../../../arm-none-eabi/lib/thumb/v7e-m/fpv5/hard\libc_nano.a(lib_a-init.o)
 .debug_frame   0x000000000000492c       0x20 c:/st/stm32cubeide_1.3.0/stm32cubeide/plugins/com.st.stm32cube.ide.mcu.externaltools.gnu-tools-for-stm32.7-2018-q2-update.win32_1.5.0.202011040924/tools/bin/../lib/gcc/arm-none-eabi/7.3.1/../../../../arm-none-eabi/lib/thumb/v7e-m/fpv5/hard\libc_nano.a(lib_a-memset.o)
 .debug_frame   0x000000000000494c       0x2c c:/st/stm32cubeide_1.3.0/stm32cubeide/plugins/com.st.stm32cube.ide.mcu.externaltools.gnu-tools-for-stm32.7-2018-q2-update.win32_1.5.0.202011040924/tools/bin/../lib/gcc/arm-none-eabi/7.3.1/thumb/v7e-m/fpv5/hard\libgcc.a(_aeabi_uldivmod.o)
 .debug_frame   0x0000000000004978       0x34 c:/st/stm32cubeide_1.3.0/stm32cubeide/plugins/com.st.stm32cube.ide.mcu.externaltools.gnu-tools-for-stm32.7-2018-q2-update.win32_1.5.0.202011040924/tools/bin/../lib/gcc/arm-none-eabi/7.3.1/thumb/v7e-m/fpv5/hard\libgcc.a(_udivmoddi4.o)
