Archive member included to satisfy reference by file (symbol)

c:/st/stm32cubeide_1.3.0/stm32cubeide/plugins/com.st.stm32cube.ide.mcu.externaltools.gnu-tools-for-stm32.7-2018-q2-update.win32_1.5.0.202011040924/tools/bin/../lib/gcc/arm-none-eabi/7.3.1/../../../../arm-none-eabi/lib/thumb/v7e-m/fpv5/hard\libc_nano.a(lib_a-errno.o)
                              Core/Src/syscalls.o (__errno)
c:/st/stm32cubeide_1.3.0/stm32cubeide/plugins/com.st.stm32cube.ide.mcu.externaltools.gnu-tools-for-stm32.7-2018-q2-update.win32_1.5.0.202011040924/tools/bin/../lib/gcc/arm-none-eabi/7.3.1/../../../../arm-none-eabi/lib/thumb/v7e-m/fpv5/hard\libc_nano.a(lib_a-exit.o)
                              c:/st/stm32cubeide_1.3.0/stm32cubeide/plugins/com.st.stm32cube.ide.mcu.externaltools.gnu-tools-for-stm32.7-2018-q2-update.win32_1.5.0.202011040924/tools/bin/../lib/gcc/arm-none-eabi/7.3.1/../../../../arm-none-eabi/lib/thumb/v7e-m/fpv5/hard/crt0.o (exit)
c:/st/stm32cubeide_1.3.0/stm32cubeide/plugins/com.st.stm32cube.ide.mcu.externaltools.gnu-tools-for-stm32.7-2018-q2-update.win32_1.5.0.202011040924/tools/bin/../lib/gcc/arm-none-eabi/7.3.1/../../../../arm-none-eabi/lib/thumb/v7e-m/fpv5/hard\libc_nano.a(lib_a-impure.o)
                              c:/st/stm32cubeide_1.3.0/stm32cubeide/plugins/com.st.stm32cube.ide.mcu.externaltools.gnu-tools-for-stm32.7-2018-q2-update.win32_1.5.0.202011040924/tools/bin/../lib/gcc/arm-none-eabi/7.3.1/../../../../arm-none-eabi/lib/thumb/v7e-m/fpv5/hard\libc_nano.a(lib_a-exit.o) (_global_impure_ptr)
c:/st/stm32cubeide_1.3.0/stm32cubeide/plugins/com.st.stm32cube.ide.mcu.externaltools.gnu-tools-for-stm32.7-2018-q2-update.win32_1.5.0.202011040924/tools/bin/../lib/gcc/arm-none-eabi/7.3.1/../../../../arm-none-eabi/lib/thumb/v7e-m/fpv5/hard\libc_nano.a(lib_a-init.o)
                              c:/st/stm32cubeide_1.3.0/stm32cubeide/plugins/com.st.stm32cube.ide.mcu.externaltools.gnu-tools-for-stm32.7-2018-q2-update.win32_1.5.0.202011040924/tools/bin/../lib/gcc/arm-none-eabi/7.3.1/../../../../arm-none-eabi/lib/thumb/v7e-m/fpv5/hard/crt0.o (__libc_init_array)
c:/st/stm32cubeide_1.3.0/stm32cubeide/plugins/com.st.stm32cube.ide.mcu.externaltools.gnu-tools-for-stm32.7-2018-q2-update.win32_1.5.0.202011040924/tools/bin/../lib/gcc/arm-none-eabi/7.3.1/../../../../arm-none-eabi/lib/thumb/v7e-m/fpv5/hard\libc_nano.a(lib_a-memset.o)
                              c:/st/stm32cubeide_1.3.0/stm32cubeide/plugins/com.st.stm32cube.ide.mcu.externaltools.gnu-tools-for-stm32.7-2018-q2-update.win32_1.5.0.202011040924/tools/bin/../lib/gcc/arm-none-eabi/7.3.1/../../../../arm-none-eabi/lib/thumb/v7e-m/fpv5/hard/crt0.o (memset)
c:/st/stm32cubeide_1.3.0/stm32cubeide/plugins/com.st.stm32cube.ide.mcu.externaltools.gnu-tools-for-stm32.7-2018-q2-update.win32_1.5.0.202011040924/tools/bin/../lib/gcc/arm-none-eabi/7.3.1/thumb/v7e-m/fpv5/hard\libgcc.a(_aeabi_uldivmod.o)
                              Drivers/STM32F7xx_HAL_Driver/Src/stm32f7xx_hal_rcc.o (__aeabi_uldivmod)
c:/st/stm32cubeide_1.3.0/stm32cubeide/plugins/com.st.stm32cube.ide.mcu.externaltools.gnu-tools-for-stm32.7-2018-q2-update.win32_1.5.0.202011040924/tools/bin/../lib/gcc/arm-none-eabi/7.3.1/thumb/v7e-m/fpv5/hard\libgcc.a(_udivmoddi4.o)
                              c:/st/stm32cubeide_1.3.0/stm32cubeide/plugins/com.st.stm32cube.ide.mcu.externaltools.gnu-tools-for-stm32.7-2018-q2-update.win32_1.5.0.202011040924/tools/bin/../lib/gcc/arm-none-eabi/7.3.1/thumb/v7e-m/fpv5/hard\libgcc.a(_aeabi_uldivmod.o) (__udivmoddi4)
c:/st/stm32cubeide_1.3.0/stm32cubeide/plugins/com.st.stm32cube.ide.mcu.externaltools.gnu-tools-for-stm32.7-2018-q2-update.win32_1.5.0.202011040924/tools/bin/../lib/gcc/arm-none-eabi/7.3.1/thumb/v7e-m/fpv5/hard\libgcc.a(_dvmd_tls.o)
                              c:/st/stm32cubeide_1.3.0/stm32cubeide/plugins/com.st.stm32cube.ide.mcu.externaltools.gnu-tools-for-stm32.7-2018-q2-update.win32_1.5.0.202011040924/tools/bin/../lib/gcc/arm-none-eabi/7.3.1/thumb/v7e-m/fpv5/hard\libgcc.a(_aeabi_uldivmod.o) (__aeabi_ldiv0)

Allocating common symbols
Common symbol       size              file

_lcd_drivOut        0x2               Core/Src/tft.o
_MW                 0x2               Core/Src/tft.o
huart3              0x80              Core/Src/main.o
_lcd_capable        0x2               Core/Src/tft.o
_SP                 0x2               Core/Src/tft.o
_lcd_rev            0x2               Core/Src/tft.o
uwTick              0x4               Drivers/STM32F7xx_HAL_Driver/Src/stm32f7xx_hal.o
pFlash              0x1c              Drivers/STM32F7xx_HAL_Driver/Src/stm32f7xx_hal_flash.o
_MP                 0x2               Core/Src/tft.o
gfxFont             0x4               Core/Src/fonts.o
_MC                 0x2               Core/Src/tft.o
_SC                 0x2               Core/Src/tft.o
_EP                 0x2               Core/Src/tft.o
htim1               0x40              Core/Src/main.o
_lcd_ID             0x2               Core/Src/tft.o
[...]
Memory Configuration

Name             Origin             Length             Attributes
RAM              0x0000000020000000 0x0000000000080000 xrw
FLASH            0x0000000008000000 0x0000000000200000 xr
*default*        0x0000000000000000 0xffffffffffffffff

Linker script and memory map

LOAD c:/st/stm32cubeide_1.3.0/stm32cubeide/plugins/com.st.stm32cube.ide.mcu.externaltools.gnu-tools-for-stm32.7-2018-q2-update.win32_1.5.0.202011040924/tools/bin/../lib/gcc/arm-none-eabi/7.3.1/thumb/v7e-m/fpv5/hard/crti.o
LOAD c:/st/stm32cubeide_1.3.0/stm32cubeide/plugins/com.st.stm32cube.ide.mcu.externaltools.gnu-tools-for-stm32.7-2018-q2-update.win32_1.5.0.202011040924/tools/bin/../lib/gcc/arm-none-eabi/7.3.1/thumb/v7e-m/fpv5/hard/crtbegin.o
LOAD c:/st/stm32cubeide_1.3.0/stm32cubeide/plugins/com.st.stm32cube.ide.mcu.externaltools.gnu-tools-for-stm32.7-2018-q2-update.win32_1.5.0.202011040924/tools/bin/../lib/gcc/arm-none-eabi/7.3.1/../../../../arm-none-eabi/lib/thumb/v7e-m/fpv5/hard/crt0.o
LOAD Core/Src/fonts.o
LOAD Core/Src/main.o
LOAD Core/Src/stm32f7xx_hal_msp.o
LOAD Core/Src/stm32f7xx_it.o
LOAD Core/Src/syscalls.o
LOAD Core/Src/sysmem.o
LOAD Core/Src/system_stm32f7xx.o
LOAD Core/Src/tft.o
LOAD Core/Startup/startup_stm32f767zitx.o
LOAD Drivers/STM32F7xx_HAL_Driver/Src/stm32f7xx_hal.o
LOAD Drivers/STM32F7xx_HAL_Driver/Src/stm32f7xx_hal_cortex.o
LOAD Drivers/STM32F7xx_HAL_Driver/Src/stm32f7xx_hal_dma.o
LOAD Drivers/STM32F7xx_HAL_Driver/Src/stm32f7xx_hal_dma_ex.o
LOAD Drivers/STM32F7xx_HAL_Driver/Src/stm32f7xx_hal_exti.o
LOAD Drivers/STM32F7xx_HAL_Driver/Src/stm32f7xx_hal_flash.o
LOAD Drivers/STM32F7xx_HAL_Driver/Src/stm32f7xx_hal_flash_ex.o
LOAD Drivers/STM32F7xx_HAL_Driver/Src/stm32f7xx_hal_gpio.o
LOAD Drivers/STM32F7xx_HAL_Driver/Src/stm32f7xx_hal_i2c.o
LOAD Drivers/STM32F7xx_HAL_Driver/Src/stm32f7xx_hal_i2c_ex.o
LOAD Drivers/STM32F7xx_HAL_Driver/Src/stm32f7xx_hal_pwr.o
LOAD Drivers/STM32F7xx_HAL_Driver/Src/stm32f7xx_hal_pwr_ex.o
LOAD Drivers/STM32F7xx_HAL_Driver/Src/stm32f7xx_hal_rcc.o
LOAD Drivers/STM32F7xx_HAL_Driver/Src/stm32f7xx_hal_rcc_ex.o
LOAD Drivers/STM32F7xx_HAL_Driver/Src/stm32f7xx_hal_tim.o
LOAD Drivers/STM32F7xx_HAL_Driver/Src/stm32f7xx_hal_tim_ex.o
LOAD Drivers/STM32F7xx_HAL_Driver/Src/stm32f7xx_hal_uart.o
LOAD Drivers/STM32F7xx_HAL_Driver/Src/stm32f7xx_hal_uart_ex.o
START GROUP
LOAD c:/st/stm32cubeide_1.3.0/stm32cubeide/plugins/com.st.stm32cube.ide.mcu.externaltools.gnu-tools-for-stm32.7-2018-q2-update.win32_1.5.0.202011040924/tools/bin/../lib/gcc/arm-none-eabi/7.3.1/../../../../arm-none-eabi/lib/thumb/v7e-m/fpv5/hard\libc_nano.a
LOAD c:/st/stm32cubeide_1.3.0/stm32cubeide/plugins/com.st.stm32cube.ide.mcu.externaltools.gnu-tools-for-stm32.7-2018-q2-update.win32_1.5.0.202011040924/tools/bin/../lib/gcc/arm-none-eabi/7.3.1/../../../../arm-none-eabi/lib/thumb/v7e-m/fpv5/hard\libm.a
END GROUP
START GROUP
LOAD c:/st/stm32cubeide_1.3.0/stm32cubeide/plugins/com.st.stm32cube.ide.mcu.externaltools.gnu-tools-for-stm32.7-2018-q2-update.win32_1.5.0.202011040924/tools/bin/../lib/gcc/arm-none-eabi/7.3.1/thumb/v7e-m/fpv5/hard\libgcc.a
LOAD c:/st/stm32cubeide_1.3.0/stm32cubeide/plugins/com.st.stm32cube.ide.mcu.externaltools.gnu-tools-for-stm32.7-2018-q2-update.win32_1.5.0.202011040924/tools/bin/../lib/gcc/arm-none-eabi/7.3.1/../../../../arm-none-eabi/lib/thumb/v7e-m/fpv5/hard\libc_nano.a
END GROUP
START GROUP
LOAD c:/st/stm32cubeide_1.3.0/stm32cubeide/plugins/com.st.stm32cube.ide.mcu.externaltools.gnu-tools-for-stm32.7-2018-q2-update.win32_1.5.0.202011040924/tools/bin/../lib/gcc/arm-none-eabi/7.3.1/thumb/v7e-m/fpv5/hard\libgcc.a
LOAD c:/st/stm32cubeide_1.3.0/stm32cubeide/plugins/com.st.stm32cube.ide.mcu.externaltools.gnu-tools-for-stm32.7-2018-q2-update.win32_1.5.0.202011040924/tools/bin/../lib/gcc/arm-none-eabi/7.3.1/../../../../arm-none-eabi/lib/thumb/v7e-m/fpv5/hard\libc_nano.a
LOAD c:/st/stm32cubeide_1.3.0/stm32cubeide/plugins/com.st.stm32cube.ide.mcu.externaltools.gnu-tools-for-stm32.7-2018-q2-update.win32_1.5.0.202011040924/tools/bin/../lib/gcc/arm-none-eabi/7.3.1/../../../../arm-none-eabi/lib/thumb/v7e-m/fpv5/hard\libnosys.a
END GROUP
START GROUP
LOAD c:/st/stm32cubeide_1.3.0/stm32cubeide/plugins/com.st.stm32cube.ide.mcu.externaltools.gnu-tools-for-stm32.7-2018-q2-update.win32_1.5.0.202011040924/tools/bin/../lib/gcc/arm-none-eabi/7.3.1/thumb/v7e-m/fpv5/hard\libgcc.a
LOAD c:/st/stm32cubeide_1.3.0/stm32cubeide/plugins/com.st.stm32cube.ide.mcu.externaltools.gnu-tools-for-stm32.7-2018-q2-update.win32_1.5.0.202011040924/tools/bin/../lib/gcc/arm-none-eabi/7.3.1/../../../../arm-none-eabi/lib/thumb/v7e-m/fpv5/hard\libc_nano.a
LOAD c:/st/stm32cubeide_1.3.0/stm32cubeide/plugins/com.st.stm32cube.ide.mcu.externaltools.gnu-tools-for-stm32.7-2018-q2-update.win32_1.5.0.202011040924/tools/bin/../lib/gcc/arm-none-eabi/7.3.1/../../../../arm-none-eabi/lib/thumb/v7e-m/fpv5/hard\libnosys.a
END GROUP
LOAD c:/st/stm32cubeide_1.3.0/stm32cubeide/plugins/com.st.stm32cube.ide.mcu.externaltools.gnu-tools-for-stm32.7-2018-q2-update.win32_1.5.0.202011040924/tools/bin/../lib/gcc/arm-none-eabi/7.3.1/thumb/v7e-m/fpv5/hard/crtend.o
LOAD c:/st/stm32cubeide_1.3.0/stm32cubeide/plugins/com.st.stm32cube.ide.mcu.externaltools.gnu-tools-for-stm32.7-2018-q2-update.win32_1.5.0.202011040924/tools/bin/../lib/gcc/arm-none-eabi/7.3.1/thumb/v7e-m/fpv5/hard/crtn.o
                0x0000000020080000                _estack = (ORIGIN (RAM) + LENGTH (RAM))
                0x0000000000000200                _Min_Heap_Size = 0x200
                0x0000000000000400                _Min_Stack_Size = 0x400

.isr_vector     0x0000000008000000      0x1f8
                0x0000000008000000                . = ALIGN (0x4)
 *(.isr_vector)
 .isr_vector    0x0000000008000000      0x1f8 Core/Startup/startup_stm32f767zitx.o
                0x0000000008000000                g_pfnVectors
                0x00000000080001f8                . = ALIGN (0x4)

.text           0x00000000080001f8     0x74c8
                0x00000000080001f8                . = ALIGN (0x4)
 *(.text)
 .text          0x00000000080001f8       0x40 c:/st/stm32cubeide_1.3.0/stm32cubeide/plugins/com.st.stm32cube.ide.mcu.externaltools.gnu-tools-for-stm32.7-2018-q2-update.win32_1.5.0.202011040924/tools/bin/../lib/gcc/arm-none-eabi/7.3.1/thumb/v7e-m/fpv5/hard/crtbegin.o
 .text          0x0000000008000238       0x30 c:/st/stm32cubeide_1.3.0/stm32cubeide/plugins/com.st.stm32cube.ide.mcu.externaltools.gnu-tools-for-stm32.7-2018-q2-update.win32_1.5.0.202011040924/tools/bin/../lib/gcc/arm-none-eabi/7.3.1/thumb/v7e-m/fpv5/hard\libgcc.a(_aeabi_uldivmod.o)
                0x0000000008000238                __aeabi_uldivmod
 .text          0x0000000008000268      0x2cc c:/st/stm32cubeide_1.3.0/stm32cubeide/plugins/com.st.stm32cube.ide.mcu.externaltools.gnu-tools-for-stm32.7-2018-q2-update.win32_1.5.0.202011040924/tools/bin/../lib/gcc/arm-none-eabi/7.3.1/thumb/v7e-m/fpv5/hard\libgcc.a(_udivmoddi4.o)
                0x0000000008000268                __udivmoddi4
 .text          0x0000000008000534        0x4 c:/st/stm32cubeide_1.3.0/stm32cubeide/plugins/com.st.stm32cube.ide.mcu.externaltools.gnu-tools-for-stm32.7-2018-q2-update.win32_1.5.0.202011040924/tools/bin/../lib/gcc/arm-none-eabi/7.3.1/thumb/v7e-m/fpv5/hard\libgcc.a(_dvmd_tls.o)
                0x0000000008000534                __aeabi_idiv0
                0x0000000008000534                __aeabi_ldiv0
 *(.text*)
 .text.main     0x0000000008000538      0x10c Core/Src/main.o
                0x0000000008000538                main
 .text.SystemClock_Config
                0x0000000008000644      0x120 Core/Src/main.o
                0x0000000008000644                SystemClock_Config
 .text.MX_TIM1_Init
                0x0000000008000764       0xa8 Core/Src/main.o
 .text.MX_TIM2_Init
                0x000000000800080c       0x9c Core/Src/main.o
 .text.MX_TIM14_Init
                0x00000000080008a8       0x48 Core/Src/main.o
 .text.MX_UART4_Init
                0x00000000080008f0       0x60 Core/Src/main.o
 .text.MX_USART3_UART_Init
                0x0000000008000950       0x60 Core/Src/main.o
 .text.MX_GPIO_Init
                0x00000000080009b0      0x304 Core/Src/main.o
 .text.HAL_GPIO_EXTI_Callback
                0x0000000008000cb4       0x50 Core/Src/main.o
                0x0000000008000cb4                HAL_GPIO_EXTI_Callback
 .text.HAL_TIM_PeriodElapsedCallback
                0x0000000008000d04       0xa4 Core/Src/main.o
                0x0000000008000d04                HAL_TIM_PeriodElapsedCallback
 .text.Error_Handler
                0x0000000008000da8        0xe Core/Src/main.o
                0x0000000008000da8                Error_Handler
 *fill*         0x0000000008000db6        0x2 
 .text.HAL_MspInit
                0x0000000008000db8       0x48 Core/Src/stm32f7xx_hal_msp.o
                0x0000000008000db8                HAL_MspInit
 .text.HAL_TIM_Base_MspInit
                0x0000000008000e00       0x98 Core/Src/stm32f7xx_hal_msp.o
                0x0000000008000e00                HAL_TIM_Base_MspInit
 .text.HAL_UART_MspInit
                0x0000000008000e98      0x12c Core/Src/stm32f7xx_hal_msp.o
                0x0000000008000e98                HAL_UART_MspInit
 .text.NMI_Handler
                0x0000000008000fc4        0xe Core/Src/stm32f7xx_it.o
                0x0000000008000fc4                NMI_Handler
 .text.HardFault_Handler
                0x0000000008000fd2        0x6 Core/Src/stm32f7xx_it.o
                0x0000000008000fd2                HardFault_Handler
 .text.MemManage_Handler
                0x0000000008000fd8        0x6 Core/Src/stm32f7xx_it.o
                0x0000000008000fd8                MemManage_Handler
 .text.BusFault_Handler
                0x0000000008000fde        0x6 Core/Src/stm32f7xx_it.o
                0x0000000008000fde                BusFault_Handler
 .text.UsageFault_Handler
                0x0000000008000fe4        0x6 Core/Src/stm32f7xx_it.o
                0x0000000008000fe4                UsageFault_Handler
 .text.SVC_Handler
                0x0000000008000fea        0xe Core/Src/stm32f7xx_it.o
                0x0000000008000fea                SVC_Handler
 .text.DebugMon_Handler
                0x0000000008000ff8        0xe Core/Src/stm32f7xx_it.o
                0x0000000008000ff8                DebugMon_Handler
 .text.PendSV_Handler
                0x0000000008001006        0xe Core/Src/stm32f7xx_it.o
                0x0000000008001006                PendSV_Handler
 .text.SysTick_Handler
                0x0000000008001014        0xc Core/Src/stm32f7xx_it.o
                0x0000000008001014                SysTick_Handler
 .text.EXTI9_5_IRQHandler
                0x0000000008001020       0x10 Core/Src/stm32f7xx_it.o
                0x0000000008001020                EXTI9_5_IRQHandler
 .text.TIM2_IRQHandler
                0x0000000008001030       0x14 Core/Src/stm32f7xx_it.o
                0x0000000008001030                TIM2_IRQHandler
 .text.EXTI15_10_IRQHandler
                0x0000000008001044       0x20 Core/Src/stm32f7xx_it.o
                0x0000000008001044                EXTI15_10_IRQHandler
 .text.SystemInit
                0x0000000008001064       0x2c Core/Src/system_stm32f7xx.o
                0x0000000008001064                SystemInit
 .text.delay    0x0000000008001090       0x30 Core/Src/tft.o
                0x0000000008001090                delay
 .text.PIN_LOW  0x00000000080010c0       0x20 Core/Src/tft.o
                0x00000000080010c0                PIN_LOW
 .text.PIN_HIGH
                0x00000000080010e0       0x20 Core/Src/tft.o
                0x00000000080010e0                PIN_HIGH
 .text.PIN_INPUT
                0x0000000008001100       0x2c Core/Src/tft.o
                0x0000000008001100                PIN_INPUT
 .text.PIN_OUTPUT
                0x000000000800112c       0x30 Core/Src/tft.o
                0x000000000800112c                PIN_OUTPUT
 .text.width    0x000000000800115c       0x18 Core/Src/tft.o
                0x000000000800115c                width
 .text.height   0x0000000008001174       0x18 Core/Src/tft.o
                0x0000000008001174                height
 .text.color565_to_555
                0x000000000800118c       0x40 Core/Src/tft.o
 .text.color555_to_565
                0x00000000080011cc       0x42 Core/Src/tft.o
 .text.color565_to_r
                0x000000000800120e       0x22 Core/Src/tft.o
 .text.color565_to_g
                0x0000000008001230       0x22 Core/Src/tft.o
 .text.color565_to_b
                0x0000000008001252       0x1c Core/Src/tft.o
 *fill*         0x000000000800126e        0x2 
 .text.color565
                0x0000000008001270       0x4c Core/Src/tft.o
                0x0000000008001270                color565
 .text.readPixel
                0x00000000080012bc       0x30 Core/Src/tft.o
                0x00000000080012bc                readPixel
 .text.WriteCmdData
                0x00000000080012ec       0x24 Core/Src/tft.o
                0x00000000080012ec                WriteCmdData
 .text.pushCommand
                0x0000000008001310       0x26 Core/Src/tft.o
                0x0000000008001310                pushCommand
 *fill*         0x0000000008001336        0x2 
 .text.setReadDir
                0x0000000008001338       0x58 Core/Src/tft.o
                0x0000000008001338                setReadDir
 .text.setWriteDir
                0x0000000008001390       0x58 Core/Src/tft.o
                0x0000000008001390                setWriteDir
 .text.write24  0x00000000080013e8      0x1e8 Core/Src/tft.o
 .text.writecmddata
                0x00000000080015d0      0x298 Core/Src/tft.o
 .text.WriteCmdParamN
                0x0000000008001868      0x384 Core/Src/tft.o
 .text.WriteCmdParam4
                0x0000000008001bec       0x48 Core/Src/tft.o
 .text.init_table
                0x0000000008001c34       0xb0 Core/Src/tft.o
 .text.init_table16
                0x0000000008001ce4       0x5e Core/Src/tft.o
 *fill*         0x0000000008001d42        0x2 
 .text.reset    0x0000000008001d44       0xa8 Core/Src/tft.o
                0x0000000008001d44                reset
 .text.read16bits
                0x0000000008001dec      0x1dc Core/Src/tft.o
 .text.readReg  0x0000000008001fc8      0x1b8 Core/Src/tft.o
                0x0000000008001fc8                readReg
 .text.readReg32
                0x0000000008002180       0x36 Core/Src/tft.o
                0x0000000008002180                readReg32
 .text.readReg40
                0x00000000080021b6       0x4e Core/Src/tft.o
                0x00000000080021b6                readReg40
 .text.tft_init
                0x0000000008002204      0x63c Core/Src/tft.o
                0x0000000008002204                tft_init
 .text.readID   0x0000000008002840      0x280 Core/Src/tft.o
                0x0000000008002840                readID
 .text.readGRAM
                0x0000000008002ac0      0xbbc Core/Src/tft.o
                0x0000000008002ac0                readGRAM
 .text.setRotation
                0x000000000800367c      0x500 Core/Src/tft.o
                0x000000000800367c                setRotation
 .text.drawPixel
                0x0000000008003b7c      0x208 Core/Src/tft.o
                0x0000000008003b7c                drawPixel
 .text.setAddrWindow
                0x0000000008003d84      0x248 Core/Src/tft.o
                0x0000000008003d84                setAddrWindow
 .text.vertScroll
                0x0000000008003fcc      0x24c Core/Src/tft.o
                0x0000000008003fcc                vertScroll
 .text.fillScreen
                0x0000000008004218       0x34 Core/Src/tft.o
                0x0000000008004218                fillScreen
 .text.invertDisplay
                0x000000000800424c      0x134 Core/Src/tft.o
                0x000000000800424c                invertDisplay
 .text.drawFastVLine
                0x0000000008004380       0x3e Core/Src/tft.o
                0x0000000008004380                drawFastVLine
 .text.fillCircle
                0x00000000080043be       0x60 Core/Src/tft.o
                0x00000000080043be                fillCircle
 .text.fillCircleHelper
                0x000000000800441e      0x19c Core/Src/tft.o
                0x000000000800441e                fillCircleHelper
 *fill*         0x00000000080045ba        0x2 
 .text.fillRect
                0x00000000080045bc      0x434 Core/Src/tft.o
                0x00000000080045bc                fillRect
 .text.testFilledCircles
                0x00000000080049f0       0x72 Core/Src/tft.o
                0x00000000080049f0                testFilledCircles
 *fill*         0x0000000008004a62        0x2 
 .text.setFont  0x0000000008004a64       0x54 Core/Src/tft.o
                0x0000000008004a64                setFont
 .text.setTextColor
                0x0000000008004ab8       0x20 Core/Src/tft.o
                0x0000000008004ab8                setTextColor
 .text.setTextSize
                0x0000000008004ad8       0x20 Core/Src/tft.o
                0x0000000008004ad8                setTextSize
 .text.setCursor
                0x0000000008004af8       0x34 Core/Src/tft.o
                0x0000000008004af8                setCursor
 .text.Reset_Handler
                0x0000000008004b2c       0x50 Core/Startup/startup_stm32f767zitx.o
                0x0000000008004b2c                Reset_Handler
 .text.Default_Handler
                0x0000000008004b7c        0x2 Core/Startup/startup_stm32f767zitx.o
                0x0000000008004b7c                RTC_Alarm_IRQHandler
                0x0000000008004b7c                EXTI2_IRQHandler
                0x0000000008004b7c                TIM8_CC_IRQHandler
                0x0000000008004b7c                UART8_IRQHandler
                0x0000000008004b7c                SPI4_IRQHandler
                0x0000000008004b7c                TIM1_CC_IRQHandler
                0x0000000008004b7c                DMA2_Stream5_IRQHandler
                0x0000000008004b7c                JPEG_IRQHandler
                0x0000000008004b7c                DMA1_Stream5_IRQHandler
                0x0000000008004b7c                CAN3_RX1_IRQHandler
                0x0000000008004b7c                PVD_IRQHandler
                0x0000000008004b7c                TAMP_STAMP_IRQHandler
                0x0000000008004b7c                CAN2_RX1_IRQHandler
                0x0000000008004b7c                EXTI3_IRQHandler
                0x0000000008004b7c                TIM8_TRG_COM_TIM14_IRQHandler
                0x0000000008004b7c                DFSDM1_FLT1_IRQHandler
                0x0000000008004b7c                TIM1_UP_TIM10_IRQHandler
                0x0000000008004b7c                TIM8_UP_TIM13_IRQHandler
                0x0000000008004b7c                I2C3_ER_IRQHandler
                0x0000000008004b7c                DFSDM1_FLT2_IRQHandler
                0x0000000008004b7c                EXTI0_IRQHandler
                0x0000000008004b7c                I2C2_EV_IRQHandler
                0x0000000008004b7c                DMA1_Stream2_IRQHandler
                0x0000000008004b7c                CAN1_RX0_IRQHandler
                0x0000000008004b7c                FPU_IRQHandler
                0x0000000008004b7c                OTG_HS_WKUP_IRQHandler
                0x0000000008004b7c                CAN3_SCE_IRQHandler
                0x0000000008004b7c                LTDC_ER_IRQHandler
                0x0000000008004b7c                CAN2_SCE_IRQHandler
                0x0000000008004b7c                DMA2_Stream2_IRQHandler
                0x0000000008004b7c                SPI1_IRQHandler
                0x0000000008004b7c                TIM6_DAC_IRQHandler
                0x0000000008004b7c                TIM1_BRK_TIM9_IRQHandler
                0x0000000008004b7c                DCMI_IRQHandler
                0x0000000008004b7c                CAN2_RX0_IRQHandler
                0x0000000008004b7c                DMA2_Stream3_IRQHandler
                0x0000000008004b7c                SAI2_IRQHandler
                0x0000000008004b7c                DFSDM1_FLT3_IRQHandler
                0x0000000008004b7c                USART6_IRQHandler
                0x0000000008004b7c                CAN3_RX0_IRQHandler
                0x0000000008004b7c                USART3_IRQHandler
                0x0000000008004b7c                CAN1_RX1_IRQHandler
                0x0000000008004b7c                UART5_IRQHandler
                0x0000000008004b7c                DMA2_Stream0_IRQHandler
                0x0000000008004b7c                TIM4_IRQHandler
                0x0000000008004b7c                QUADSPI_IRQHandler
                0x0000000008004b7c                I2C1_EV_IRQHandler
                0x0000000008004b7c                DMA1_Stream6_IRQHandler
                0x0000000008004b7c                DMA1_Stream1_IRQHandler
                0x0000000008004b7c                UART4_IRQHandler
                0x0000000008004b7c                TIM3_IRQHandler
                0x0000000008004b7c                RCC_IRQHandler
                0x0000000008004b7c                TIM8_BRK_TIM12_IRQHandler
                0x0000000008004b7c                Default_Handler
                0x0000000008004b7c                CEC_IRQHandler
                0x0000000008004b7c                ADC_IRQHandler
                0x0000000008004b7c                DMA1_Stream7_IRQHandler
                0x0000000008004b7c                SPI5_IRQHandler
                0x0000000008004b7c                TIM7_IRQHandler
                0x0000000008004b7c                SDMMC1_IRQHandler
                0x0000000008004b7c                CAN2_TX_IRQHandler
                0x0000000008004b7c                TIM5_IRQHandler
                0x0000000008004b7c                DMA2_Stream7_IRQHandler
                0x0000000008004b7c                I2C3_EV_IRQHandler
                0x0000000008004b7c                RTC_WKUP_IRQHandler
                0x0000000008004b7c                LTDC_IRQHandler
                0x0000000008004b7c                ETH_WKUP_IRQHandler
                0x0000000008004b7c                SPDIF_RX_IRQHandler
                0x0000000008004b7c                SPI2_IRQHandler
                0x0000000008004b7c                OTG_HS_EP1_IN_IRQHandler
                0x0000000008004b7c                DMA1_Stream0_IRQHandler
                0x0000000008004b7c                CAN1_TX_IRQHandler
                0x0000000008004b7c                EXTI4_IRQHandler
                0x0000000008004b7c                RNG_IRQHandler
                0x0000000008004b7c                ETH_IRQHandler
                0x0000000008004b7c                OTG_HS_EP1_OUT_IRQHandler
                0x0000000008004b7c                WWDG_IRQHandler
                0x0000000008004b7c                SPI6_IRQHandler
                0x0000000008004b7c                MDIOS_IRQHandler
                0x0000000008004b7c                I2C4_EV_IRQHandler
                0x0000000008004b7c                CAN3_TX_IRQHandler
                0x0000000008004b7c                OTG_FS_WKUP_IRQHandler
                0x0000000008004b7c                TIM1_TRG_COM_TIM11_IRQHandler
                0x0000000008004b7c                OTG_HS_IRQHandler
                0x0000000008004b7c                DMA2D_IRQHandler
                0x0000000008004b7c                EXTI1_IRQHandler
                0x0000000008004b7c                SDMMC2_IRQHandler
                0x0000000008004b7c                UART7_IRQHandler
                0x0000000008004b7c                USART2_IRQHandler
                0x0000000008004b7c                DFSDM1_FLT0_IRQHandler
                0x0000000008004b7c                I2C2_ER_IRQHandler
                0x0000000008004b7c                DMA2_Stream1_IRQHandler
                0x0000000008004b7c                CAN1_SCE_IRQHandler
                0x0000000008004b7c                FLASH_IRQHandler
                0x0000000008004b7c                DMA2_Stream4_IRQHandler
                0x0000000008004b7c                USART1_IRQHandler
                0x0000000008004b7c                OTG_FS_IRQHandler
                0x0000000008004b7c                SPI3_IRQHandler
                0x0000000008004b7c                DMA1_Stream4_IRQHandler
                0x0000000008004b7c                I2C1_ER_IRQHandler
                0x0000000008004b7c                FMC_IRQHandler
                0x0000000008004b7c                LPTIM1_IRQHandler
                0x0000000008004b7c                I2C4_ER_IRQHandler
                0x0000000008004b7c                DMA2_Stream6_IRQHandler
                0x0000000008004b7c                SAI1_IRQHandler
                0x0000000008004b7c                DMA1_Stream3_IRQHandler
 .text.HAL_Init
                0x0000000008004b7e       0x1a Drivers/STM32F7xx_HAL_Driver/Src/stm32f7xx_hal.o
                0x0000000008004b7e                HAL_Init
 .text.HAL_InitTick
                0x0000000008004b98       0x60 Drivers/STM32F7xx_HAL_Driver/Src/stm32f7xx_hal.o
                0x0000000008004b98                HAL_InitTick
 .text.HAL_IncTick
                0x0000000008004bf8       0x28 Drivers/STM32F7xx_HAL_Driver/Src/stm32f7xx_hal.o
                0x0000000008004bf8                HAL_IncTick
 .text.HAL_GetTick
                0x0000000008004c20       0x18 Drivers/STM32F7xx_HAL_Driver/Src/stm32f7xx_hal.o
                0x0000000008004c20                HAL_GetTick
 .text.HAL_Delay
                0x0000000008004c38       0x44 Drivers/STM32F7xx_HAL_Driver/Src/stm32f7xx_hal.o
                0x0000000008004c38                HAL_Delay
 .text.__NVIC_SetPriorityGrouping
                0x0000000008004c7c       0x48 Drivers/STM32F7xx_HAL_Driver/Src/stm32f7xx_hal_cortex.o
 .text.__NVIC_GetPriorityGrouping
                0x0000000008004cc4       0x1c Drivers/STM32F7xx_HAL_Driver/Src/stm32f7xx_hal_cortex.o
 .text.__NVIC_EnableIRQ
                0x0000000008004ce0       0x3c Drivers/STM32F7xx_HAL_Driver/Src/stm32f7xx_hal_cortex.o
 .text.__NVIC_SetPriority
                0x0000000008004d1c       0x54 Drivers/STM32F7xx_HAL_Driver/Src/stm32f7xx_hal_cortex.o
 .text.NVIC_EncodePriority
                0x0000000008004d70       0x66 Drivers/STM32F7xx_HAL_Driver/Src/stm32f7xx_hal_cortex.o
 *fill*         0x0000000008004dd6        0x2 
 .text.SysTick_Config
                0x0000000008004dd8       0x44 Drivers/STM32F7xx_HAL_Driver/Src/stm32f7xx_hal_cortex.o
 .text.HAL_NVIC_SetPriorityGrouping
                0x0000000008004e1c       0x16 Drivers/STM32F7xx_HAL_Driver/Src/stm32f7xx_hal_cortex.o
                0x0000000008004e1c                HAL_NVIC_SetPriorityGrouping
 .text.HAL_NVIC_SetPriority
                0x0000000008004e32       0x38 Drivers/STM32F7xx_HAL_Driver/Src/stm32f7xx_hal_cortex.o
                0x0000000008004e32                HAL_NVIC_SetPriority
 .text.HAL_NVIC_EnableIRQ
                0x0000000008004e6a       0x1c Drivers/STM32F7xx_HAL_Driver/Src/stm32f7xx_hal_cortex.o
                0x0000000008004e6a                HAL_NVIC_EnableIRQ
 .text.HAL_SYSTICK_Config
                0x0000000008004e86       0x18 Drivers/STM32F7xx_HAL_Driver/Src/stm32f7xx_hal_cortex.o
                0x0000000008004e86                HAL_SYSTICK_Config
 *fill*         0x0000000008004e9e        0x2 
 .text.HAL_GPIO_Init
                0x0000000008004ea0      0x354 Drivers/STM32F7xx_HAL_Driver/Src/stm32f7xx_hal_gpio.o
                0x0000000008004ea0                HAL_GPIO_Init
 .text.HAL_GPIO_ReadPin
                0x00000000080051f4       0x30 Drivers/STM32F7xx_HAL_Driver/Src/stm32f7xx_hal_gpio.o
                0x00000000080051f4                HAL_GPIO_ReadPin
 .text.HAL_GPIO_WritePin
                0x0000000008005224       0x32 Drivers/STM32F7xx_HAL_Driver/Src/stm32f7xx_hal_gpio.o
                0x0000000008005224                HAL_GPIO_WritePin
 .text.HAL_GPIO_TogglePin
                0x0000000008005256       0x34 Drivers/STM32F7xx_HAL_Driver/Src/stm32f7xx_hal_gpio.o
                0x0000000008005256                HAL_GPIO_TogglePin
 *fill*         0x000000000800528a        0x2 
 .text.HAL_GPIO_EXTI_IRQHandler
                0x000000000800528c       0x30 Drivers/STM32F7xx_HAL_Driver/Src/stm32f7xx_hal_gpio.o
                0x000000000800528c                HAL_GPIO_EXTI_IRQHandler
 .text.HAL_PWR_EnableBkUpAccess
                0x00000000080052bc       0x20 Drivers/STM32F7xx_HAL_Driver/Src/stm32f7xx_hal_pwr.o
                0x00000000080052bc                HAL_PWR_EnableBkUpAccess
 .text.HAL_RCC_OscConfig
                0x00000000080052dc      0x55c Drivers/STM32F7xx_HAL_Driver/Src/stm32f7xx_hal_rcc.o
                0x00000000080052dc                HAL_RCC_OscConfig
 .text.HAL_RCC_ClockConfig
                0x0000000008005838      0x1d8 Drivers/STM32F7xx_HAL_Driver/Src/stm32f7xx_hal_rcc.o
                0x0000000008005838                HAL_RCC_ClockConfig
 .text.HAL_RCC_GetSysClockFreq
                0x0000000008005a10      0x1b0 Drivers/STM32F7xx_HAL_Driver/Src/stm32f7xx_hal_rcc.o
                0x0000000008005a10                HAL_RCC_GetSysClockFreq
 .text.HAL_RCC_GetHCLKFreq
                0x0000000008005bc0       0x18 Drivers/STM32F7xx_HAL_Driver/Src/stm32f7xx_hal_rcc.o
                0x0000000008005bc0                HAL_RCC_GetHCLKFreq
 .text.HAL_RCC_GetPCLK1Freq
                0x0000000008005bd8       0x28 Drivers/STM32F7xx_HAL_Driver/Src/stm32f7xx_hal_rcc.o
                0x0000000008005bd8                HAL_RCC_GetPCLK1Freq
 .text.HAL_RCC_GetPCLK2Freq
                0x0000000008005c00       0x28 Drivers/STM32F7xx_HAL_Driver/Src/stm32f7xx_hal_rcc.o
                0x0000000008005c00                HAL_RCC_GetPCLK2Freq
 .text.HAL_RCCEx_PeriphCLKConfig
                0x0000000008005c28      0x84c Drivers/STM32F7xx_HAL_Driver/Src/stm32f7xx_hal_rcc_ex.o
                0x0000000008005c28                HAL_RCCEx_PeriphCLKConfig
 .text.HAL_TIM_Base_Init
                0x0000000008006474       0x56 Drivers/STM32F7xx_HAL_Driver/Src/stm32f7xx_hal_tim.o
                0x0000000008006474                HAL_TIM_Base_Init
 *fill*         0x00000000080064ca        0x2 
 .text.HAL_TIM_Base_Start
                0x00000000080064cc       0x54 Drivers/STM32F7xx_HAL_Driver/Src/stm32f7xx_hal_tim.o
                0x00000000080064cc                HAL_TIM_Base_Start
 .text.HAL_TIM_Base_Stop
                0x0000000008006520       0x56 Drivers/STM32F7xx_HAL_Driver/Src/stm32f7xx_hal_tim.o
                0x0000000008006520                HAL_TIM_Base_Stop
 *fill*         0x0000000008006576        0x2 
 .text.HAL_TIM_Base_Start_IT
                0x0000000008006578       0x54 Drivers/STM32F7xx_HAL_Driver/Src/stm32f7xx_hal_tim.o
                0x0000000008006578                HAL_TIM_Base_Start_IT
 .text.HAL_TIM_IRQHandler
                0x00000000080065cc      0x23e Drivers/STM32F7xx_HAL_Driver/Src/stm32f7xx_hal_tim.o
                0x00000000080065cc                HAL_TIM_IRQHandler
 *fill*         0x000000000800680a        0x2 
 .text.HAL_TIM_ConfigClockSource
                0x000000000800680c      0x174 Drivers/STM32F7xx_HAL_Driver/Src/stm32f7xx_hal_tim.o
                0x000000000800680c                HAL_TIM_ConfigClockSource
 .text.HAL_TIM_OC_DelayElapsedCallback
                0x0000000008006980       0x14 Drivers/STM32F7xx_HAL_Driver/Src/stm32f7xx_hal_tim.o
                0x0000000008006980                HAL_TIM_OC_DelayElapsedCallback
 .text.HAL_TIM_IC_CaptureCallback
                0x0000000008006994       0x14 Drivers/STM32F7xx_HAL_Driver/Src/stm32f7xx_hal_tim.o
                0x0000000008006994                HAL_TIM_IC_CaptureCallback
 .text.HAL_TIM_PWM_PulseFinishedCallback
                0x00000000080069a8       0x14 Drivers/STM32F7xx_HAL_Driver/Src/stm32f7xx_hal_tim.o
                0x00000000080069a8                HAL_TIM_PWM_PulseFinishedCallback
 .text.HAL_TIM_TriggerCallback
                0x00000000080069bc       0x14 Drivers/STM32F7xx_HAL_Driver/Src/stm32f7xx_hal_tim.o
                0x00000000080069bc                HAL_TIM_TriggerCallback
 .text.TIM_Base_SetConfig
                0x00000000080069d0      0x140 Drivers/STM32F7xx_HAL_Driver/Src/stm32f7xx_hal_tim.o
                0x00000000080069d0                TIM_Base_SetConfig
 .text.TIM_TI1_ConfigInputStage
                0x0000000008006b10       0x5e Drivers/STM32F7xx_HAL_Driver/Src/stm32f7xx_hal_tim.o
 .text.TIM_TI2_ConfigInputStage
                0x0000000008006b6e       0x60 Drivers/STM32F7xx_HAL_Driver/Src/stm32f7xx_hal_tim.o
 .text.TIM_ITRx_SetConfig
                0x0000000008006bce       0x36 Drivers/STM32F7xx_HAL_Driver/Src/stm32f7xx_hal_tim.o
 .text.TIM_ETR_SetConfig
                0x0000000008006c04       0x40 Drivers/STM32F7xx_HAL_Driver/Src/stm32f7xx_hal_tim.o
                0x0000000008006c04                TIM_ETR_SetConfig
 .text.HAL_TIMEx_MasterConfigSynchronization
                0x0000000008006c44      0x11c Drivers/STM32F7xx_HAL_Driver/Src/stm32f7xx_hal_tim_ex.o
                0x0000000008006c44                HAL_TIMEx_MasterConfigSynchronization
 .text.HAL_TIMEx_CommutCallback
                0x0000000008006d60       0x14 Drivers/STM32F7xx_HAL_Driver/Src/stm32f7xx_hal_tim_ex.o
                0x0000000008006d60                HAL_TIMEx_CommutCallback
 .text.HAL_TIMEx_BreakCallback
                0x0000000008006d74       0x14 Drivers/STM32F7xx_HAL_Driver/Src/stm32f7xx_hal_tim_ex.o
                0x0000000008006d74                HAL_TIMEx_BreakCallback
 .text.HAL_TIMEx_Break2Callback
                0x0000000008006d88       0x14 Drivers/STM32F7xx_HAL_Driver/Src/stm32f7xx_hal_tim_ex.o
                0x0000000008006d88                HAL_TIMEx_Break2Callback
 .text.HAL_UART_Init
                0x0000000008006d9c       0x9c Drivers/STM32F7xx_HAL_Driver/Src/stm32f7xx_hal_uart.o
                0x0000000008006d9c                HAL_UART_Init
 .text.UART_SetConfig
                0x0000000008006e38      0x554 Drivers/STM32F7xx_HAL_Driver/Src/stm32f7xx_hal_uart.o
                0x0000000008006e38                UART_SetConfig
 .text.UART_AdvFeatureConfig
                0x000000000800738c      0x144 Drivers/STM32F7xx_HAL_Driver/Src/stm32f7xx_hal_uart.o
                0x000000000800738c                UART_AdvFeatureConfig
 .text.UART_CheckIdleState
                0x00000000080074d0       0x8a Drivers/STM32F7xx_HAL_Driver/Src/stm32f7xx_hal_uart.o
                0x00000000080074d0                UART_CheckIdleState
 .text.UART_WaitOnFlagUntilTimeout
                0x000000000800755a       0xf6 Drivers/STM32F7xx_HAL_Driver/Src/stm32f7xx_hal_uart.o
                0x000000000800755a                UART_WaitOnFlagUntilTimeout
 .text.__libc_init_array
                0x0000000008007650       0x48 c:/st/stm32cubeide_1.3.0/stm32cubeide/plugins/com.st.stm32cube.ide.mcu.externaltools.gnu-tools-for-stm32.7-2018-q2-update.win32_1.5.0.202011040924/tools/bin/../lib/gcc/arm-none-eabi/7.3.1/../../../../arm-none-eabi/lib/thumb/v7e-m/fpv5/hard\libc_nano.a(lib_a-init.o)
                0x0000000008007650                __libc_init_array
 .text.memset   0x0000000008007698       0x10 c:/st/stm32cubeide_1.3.0/stm32cubeide/plugins/com.st.stm32cube.ide.mcu.externaltools.gnu-tools-for-stm32.7-2018-q2-update.win32_1.5.0.202011040924/tools/bin/../lib/gcc/arm-none-eabi/7.3.1/../../../../arm-none-eabi/lib/thumb/v7e-m/fpv5/hard\libc_nano.a(lib_a-memset.o)
                0x0000000008007698                memset
 *(.glue_7)
 .glue_7        0x00000000080076a8        0x0 linker stubs
 *(.glue_7t)
 .glue_7t       0x00000000080076a8        0x0 linker stubs
 *(.eh_frame)
 .eh_frame      0x00000000080076a8        0x0 c:/st/stm32cubeide_1.3.0/stm32cubeide/plugins/com.st.stm32cube.ide.mcu.externaltools.gnu-tools-for-stm32.7-2018-q2-update.win32_1.5.0.202011040924/tools/bin/../lib/gcc/arm-none-eabi/7.3.1/thumb/v7e-m/fpv5/hard/crtbegin.o
 *(.init)
 .init          0x00000000080076a8        0x4 c:/st/stm32cubeide_1.3.0/stm32cubeide/plugins/com.st.stm32cube.ide.mcu.externaltools.gnu-tools-for-stm32.7-2018-q2-update.win32_1.5.0.202011040924/tools/bin/../lib/gcc/arm-none-eabi/7.3.1/thumb/v7e-m/fpv5/hard/crti.o
                0x00000000080076a8                _init
 .init          0x00000000080076ac        0x8 c:/st/stm32cubeide_1.3.0/stm32cubeide/plugins/com.st.stm32cube.ide.mcu.externaltools.gnu-tools-for-stm32.7-2018-q2-update.win32_1.5.0.202011040924/tools/bin/../lib/gcc/arm-none-eabi/7.3.1/thumb/v7e-m/fpv5/hard/crtn.o
 *(.fini)
 .fini          0x00000000080076b4        0x4 c:/st/stm32cubeide_1.3.0/stm32cubeide/plugins/com.st.stm32cube.ide.mcu.externaltools.gnu-tools-for-stm32.7-2018-q2-update.win32_1.5.0.202011040924/tools/bin/../lib/gcc/arm-none-eabi/7.3.1/thumb/v7e-m/fpv5/hard/crti.o
                0x00000000080076b4                _fini
 .fini          0x00000000080076b8        0x8 c:/st/stm32cubeide_1.3.0/stm32cubeide/plugins/com.st.stm32cube.ide.mcu.externaltools.gnu-tools-for-stm32.7-2018-q2-update.win32_1.5.0.202011040924/tools/bin/../lib/gcc/arm-none-eabi/7.3.1/thumb/v7e-m/fpv5/hard/crtn.o
                0x00000000080076c0                . = ALIGN (0x4)
                0x00000000080076c0                _etext = .

.vfp11_veneer   0x00000000080076c0        0x0
 .vfp11_veneer  0x00000000080076c0        0x0 linker stubs

.v4_bx          0x00000000080076c0        0x0
 .v4_bx         0x00000000080076c0        0x0 linker stubs

.iplt           0x00000000080076c0        0x0
 .iplt          0x00000000080076c0        0x0 c:/st/stm32cubeide_1.3.0/stm32cubeide/plugins/com.st.stm32cube.ide.mcu.externaltools.gnu-tools-for-stm32.7-2018-q2-update.win32_1.5.0.202011040924/tools/bin/../lib/gcc/arm-none-eabi/7.3.1/thumb/v7e-m/fpv5/hard/crtbegin.o

.rodata         0x00000000080076c0      0xf58
                0x00000000080076c0                . = ALIGN (0x4)
 *(.rodata)
 .rodata        0x00000000080076c0        0x3 Core/Src/tft.o
 *(.rodata*)
 *fill*         0x00000000080076c3        0x1 
 .rodata.FreeMonoBold12pt7bBitmaps
                0x00000000080076c4      0x6c2 Core/Src/fonts.o
                0x00000000080076c4                FreeMonoBold12pt7bBitmaps
 *fill*         0x0000000008007d86        0x2 
 .rodata.FreeMonoBold12pt7bGlyphs
                0x0000000008007d88      0x2f8 Core/Src/fonts.o
                0x0000000008007d88                FreeMonoBold12pt7bGlyphs
 .rodata.mono12x7bold
                0x0000000008008080        0xc Core/Src/fonts.o
                0x0000000008008080                mono12x7bold
 .rodata.AHBPrescTable
                0x000000000800808c       0x10 Core/Src/system_stm32f7xx.o
                0x000000000800808c                AHBPrescTable
 .rodata.APBPrescTable
                0x000000000800809c        0x8 Core/Src/system_stm32f7xx.o
                0x000000000800809c                APBPrescTable
 .rodata.R61511_regValues.10115
                0x00000000080080a4        0x3 Core/Src/tft.o
 *fill*         0x00000000080080a7        0x1 
 .rodata.R61520_regValues.10118
                0x00000000080080a8        0x6 Core/Src/tft.o
 *fill*         0x00000000080080ae        0x2 
 .rodata.R61526_regValues.10120
                0x00000000080080b0        0xc Core/Src/tft.o
 .rodata.NT35310_regValues.10122
                0x00000000080080bc        0x2 Core/Src/tft.o
 *fill*         0x00000000080080be        0x2 
 .rodata.ST7789_regValues.10124
                0x00000000080080c0       0x41 Core/Src/tft.o
 *fill*         0x0000000008008101        0x3 
 .rodata.FK8031_regValues.10127
                0x0000000008008104       0x12 Core/Src/tft.o
 *fill*         0x0000000008008116        0x2 
 .rodata.HX8347G_2_regValues.10133
                0x0000000008008118       0x70 Core/Src/tft.o
 .rodata.HX8357C_regValues.10137
                0x0000000008008188        0x2 Core/Src/tft.o
 *fill*         0x000000000800818a        0x2 
 .rodata.HX8357_99_regValues.10139
                0x000000000800818c       0x1d Core/Src/tft.o
 *fill*         0x00000000080081a9        0x3 
 .rodata.ILI9320_regValues.10145
                0x00000000080081ac       0xd8 Core/Src/tft.o
 .rodata.ILI9325_regValues.10152
                0x0000000008008284       0xcc Core/Src/tft.o
 .rodata.ILI9327_regValues.10154
                0x0000000008008350       0x1e Core/Src/tft.o
 *fill*         0x000000000800836e        0x2 
 .rodata.XX1602_regValues.10156
                0x0000000008008370        0x6 Core/Src/tft.o
 *fill*         0x0000000008008376        0x2 
 .rodata.ILI9329_regValues.10163
                0x0000000008008378        0x3 Core/Src/tft.o
 *fill*         0x000000000800837b        0x1 
 .rodata.ILI9341_regValues_2_4.10167
                0x000000000800837c       0x65 Core/Src/tft.o
 *fill*         0x00000000080083e1        0x3 
 .rodata.ILI9481_regValues.10172
                0x00000000080083e4       0x45 Core/Src/tft.o
 *fill*         0x0000000008008429        0x3 
 .rodata.ILI9486_regValues.10179
                0x000000000800842c       0x3b Core/Src/tft.o
 *fill*         0x0000000008008467        0x1 
 .rodata.ILI9488_regValues_max.10184
                0x0000000008008468       0x2b Core/Src/tft.o
 *fill*         0x0000000008008493        0x1 
 .rodata.R61505V_regValues.10187
                0x0000000008008494       0xb0 Core/Src/tft.o
 .rodata.R61509V_regValues.10190
                0x0000000008008544       0xc0 Core/Src/tft.o
 .rodata.reset_off.10192
                0x0000000008008604        0x9 Core/Src/tft.o
 *fill*         0x000000000800860d        0x3 
 .rodata.wake_on.10193
                0x0000000008008610        0x6 Core/Src/tft.o
                0x0000000008008618                . = ALIGN (0x4)
 *fill*         0x0000000008008616        0x2 

.ARM.extab      0x0000000008008618        0x0
                0x0000000008008618                . = ALIGN (0x4)
 *(.ARM.extab* .gnu.linkonce.armextab.*)
                0x0000000008008618                . = ALIGN (0x4)

.ARM            0x0000000008008618        0x8
                0x0000000008008618                . = ALIGN (0x4)
                0x0000000008008618                __exidx_start = .
 *(.ARM.exidx*)
 .ARM.exidx     0x0000000008008618        0x8 c:/st/stm32cubeide_1.3.0/stm32cubeide/plugins/com.st.stm32cube.ide.mcu.externaltools.gnu-tools-for-stm32.7-2018-q2-update.win32_1.5.0.202011040924/tools/bin/../lib/gcc/arm-none-eabi/7.3.1/thumb/v7e-m/fpv5/hard\libgcc.a(_udivmoddi4.o)
                0x0000000008008620                __exidx_end = .
                0x0000000008008620                . = ALIGN (0x4)

.rel.dyn        0x0000000008008620        0x0
 .rel.iplt      0x0000000008008620        0x0 c:/st/stm32cubeide_1.3.0/stm32cubeide/plugins/com.st.stm32cube.ide.mcu.externaltools.gnu-tools-for-stm32.7-2018-q2-update.win32_1.5.0.202011040924/tools/bin/../lib/gcc/arm-none-eabi/7.3.1/thumb/v7e-m/fpv5/hard/crtbegin.o

.preinit_array  0x0000000008008620        0x0
                0x0000000008008620                . = ALIGN (0x4)
                0x0000000008008620                PROVIDE (__preinit_array_start = .)
 *(.preinit_array*)
                0x0000000008008620                PROVIDE (__preinit_array_end = .)
                0x0000000008008620                . = ALIGN (0x4)

.init_array     0x0000000008008620        0x4
                0x0000000008008620                . = ALIGN (0x4)
                0x0000000008008620                PROVIDE (__init_array_start = .)
 *(SORT_BY_NAME(.init_array.*))
 *(.init_array*)
 .init_array    0x0000000008008620        0x4 c:/st/stm32cubeide_1.3.0/stm32cubeide/plugins/com.st.stm32cube.ide.mcu.externaltools.gnu-tools-for-stm32.7-2018-q2-update.win32_1.5.0.202011040924/tools/bin/../lib/gcc/arm-none-eabi/7.3.1/thumb/v7e-m/fpv5/hard/crtbegin.o
                0x0000000008008624                PROVIDE (__init_array_end = .)
                0x0000000008008624                . = ALIGN (0x4)

.fini_array     0x0000000008008624        0x4
                0x0000000008008624                . = ALIGN (0x4)
                [!provide]                        PROVIDE (__fini_array_start = .)
 *(SORT_BY_NAME(.fini_array.*))
 *(.fini_array*)
 .fini_array    0x0000000008008624        0x4 c:/st/stm32cubeide_1.3.0/stm32cubeide/plugins/com.st.stm32cube.ide.mcu.externaltools.gnu-tools-for-stm32.7-2018-q2-update.win32_1.5.0.202011040924/tools/bin/../lib/gcc/arm-none-eabi/7.3.1/thumb/v7e-m/fpv5/hard/crtbegin.o
                [!provide]                        PROVIDE (__fini_array_end = .)
                0x0000000008008628                . = ALIGN (0x4)
                0x0000000008008628                _sidata = LOADADDR (.data)

.data           0x0000000020000000       0x18 load address 0x0000000008008628
                0x0000000020000000                . = ALIGN (0x4)
                0x0000000020000000                _sdata = .
 *(.data)
 *(.data*)
 .data.EXT_BTN_1_state
                0x0000000020000000        0x1 Core/Src/main.o
                0x0000000020000000                EXT_BTN_1_state
 .data.EXT_BTN_2_state
                0x0000000020000001        0x1 Core/Src/main.o
                0x0000000020000001                EXT_BTN_2_state
 .data.EXT_BTN_3_state
                0x0000000020000002        0x1 Core/Src/main.o
                0x0000000020000002                EXT_BTN_3_state
 .data.EXT_BTN_4_state
                0x0000000020000003        0x1 Core/Src/main.o
                0x0000000020000003                EXT_BTN_4_state
 .data.SystemCoreClock
                0x0000000020000004        0x4 Core/Src/system_stm32f7xx.o
                0x0000000020000004                SystemCoreClock
 .data._width   0x0000000020000008        0x2 Core/Src/tft.o
                0x0000000020000008                _width
 .data._height  0x000000002000000a        0x2 Core/Src/tft.o
                0x000000002000000a                _height
 .data.textsize
                0x000000002000000c        0x1 Core/Src/tft.o
                0x000000002000000c                textsize
 *fill*         0x000000002000000d        0x1 
 .data.textcolor
                0x000000002000000e        0x2 Core/Src/tft.o
                0x000000002000000e                textcolor
 .data.uwTickPrio
                0x0000000020000010        0x4 Drivers/STM32F7xx_HAL_Driver/Src/stm32f7xx_hal.o
                0x0000000020000010                uwTickPrio
 .data.uwTickFreq
                0x0000000020000014        0x1 Drivers/STM32F7xx_HAL_Driver/Src/stm32f7xx_hal.o
                0x0000000020000014                uwTickFreq
                0x0000000020000018                . = ALIGN (0x4)
 *fill*         0x0000000020000015        0x3 
                0x0000000020000018                _edata = .

.igot.plt       0x0000000020000018        0x0 load address 0x0000000008008640
 .igot.plt      0x0000000020000018        0x0 c:/st/stm32cubeide_1.3.0/stm32cubeide/plugins/com.st.stm32cube.ide.mcu.externaltools.gnu-tools-for-stm32.7-2018-q2-update.win32_1.5.0.202011040924/tools/bin/../lib/gcc/arm-none-eabi/7.3.1/thumb/v7e-m/fpv5/hard/crtbegin.o
                0x0000000020000018                . = ALIGN (0x4)

.bss            0x0000000020000018      0x20c load address 0x0000000008008640
                0x0000000020000018                _sbss = .
                0x0000000020000018                __bss_start__ = _sbss
 *(.bss)
 .bss           0x0000000020000018       0x1c c:/st/stm32cubeide_1.3.0/stm32cubeide/plugins/com.st.stm32cube.ide.mcu.externaltools.gnu-tools-for-stm32.7-2018-q2-update.win32_1.5.0.202011040924/tools/bin/../lib/gcc/arm-none-eabi/7.3.1/thumb/v7e-m/fpv5/hard/crtbegin.o
 *(.bss*)
 .bss.ID        0x0000000020000034        0x2 Core/Src/main.o
                0x0000000020000034                ID
 .bss.done_reset
                0x0000000020000036        0x1 Core/Src/tft.o
 .bss.is8347    0x0000000020000037        0x1 Core/Src/tft.o
 .bss.is555     0x0000000020000038        0x1 Core/Src/tft.o
 .bss.is9797    0x0000000020000039        0x1 Core/Src/tft.o
 .bss.cursor_y  0x000000002000003a        0x1 Core/Src/tft.o
                0x000000002000003a                cursor_y
 .bss.cursor_x  0x000000002000003b        0x1 Core/Src/tft.o
                0x000000002000003b                cursor_x
 .bss.rotation  0x000000002000003c        0x1 Core/Src/tft.o
                0x000000002000003c                rotation
 *(COMMON)
 *fill*         0x000000002000003d        0x3 
 COMMON         0x0000000020000040        0x4 Core/Src/fonts.o
                0x0000000020000040                gfxFont
 COMMON         0x0000000020000044      0x1c0 Core/Src/main.o
                0x0000000020000044                huart3
                0x00000000200000c4                htim1
                0x0000000020000104                huart4
                0x0000000020000184                htim2
                0x00000000200001c4                htim14
 COMMON         0x0000000020000204       0x1a Core/Src/tft.o
                0x0000000020000204                _lcd_drivOut
                0x0000000020000206                _MW
                0x0000000020000208                _lcd_capable
                0x000000002000020a                _SP
                0x000000002000020c                _lcd_rev
                0x000000002000020e                _MP
                0x0000000020000210                _MC
                0x0000000020000212                _SC
                0x0000000020000214                _EP
                0x0000000020000216                _lcd_ID
                0x0000000020000218                _lcd_xor
                0x000000002000021a                _EC
                0x000000002000021c                _lcd_madctl
 *fill*         0x000000002000021e        0x2 
 COMMON         0x0000000020000220        0x4 Drivers/STM32F7xx_HAL_Driver/Src/stm32f7xx_hal.o
                0x0000000020000220                uwTick
                0x0000000020000224                . = ALIGN (0x4)
                0x0000000020000224                _ebss = .
                0x0000000020000224                __bss_end__ = _ebss

._user_heap_stack
                0x0000000020000224      0x604 load address 0x0000000008008640
                0x0000000020000228                . = ALIGN (0x8)
 *fill*         0x0000000020000224        0x4 
                [!provide]                        PROVIDE (end = .)
                0x0000000020000228                PROVIDE (_end = .)
                0x0000000020000428                . = (. + _Min_Heap_Size)
 *fill*         0x0000000020000228      0x200 
                0x0000000020000828                . = (. + _Min_Stack_Size)
 *fill*         0x0000000020000428      0x400 
                0x0000000020000828                . = ALIGN (0x8)

/DISCARD/
 libc.a(*)
 libm.a(*)
 libgcc.a(*)

.ARM.attributes
                0x0000000000000000       0x2e
 *(.ARM.attributes)
 .ARM.attributes
                0x0000000000000000       0x20 c:/st/stm32cubeide_1.3.0/stm32cubeide/plugins/com.st.stm32cube.ide.mcu.externaltools.gnu-tools-for-stm32.7-2018-q2-update.win32_1.5.0.202011040924/tools/bin/../lib/gcc/arm-none-eabi/7.3.1/thumb/v7e-m/fpv5/hard/crti.o
 .ARM.attributes
                0x0000000000000020       0x32 c:/st/stm32cubeide_1.3.0/stm32cubeide/plugins/com.st.stm32cube.ide.mcu.externaltools.gnu-tools-for-stm32.7-2018-q2-update.win32_1.5.0.202011040924/tools/bin/../lib/gcc/arm-none-eabi/7.3.1/thumb/v7e-m/fpv5/hard/crtbegin.o
 .ARM.attributes
                0x0000000000000052       0x37 Core/Src/fonts.o
 .ARM.attributes
                0x0000000000000089       0x37 Core/Src/main.o
 .ARM.attributes
                0x00000000000000c0       0x37 Core/Src/stm32f7xx_hal_msp.o
 .ARM.attributes
                0x00000000000000f7       0x37 Core/Src/stm32f7xx_it.o
 .ARM.attributes
                0x000000000000012e       0x37 Core/Src/system_stm32f7xx.o
 .ARM.attributes
                0x0000000000000165       0x37 Core/Src/tft.o
 .ARM.attributes
                0x000000000000019c       0x21 Core/Startup/startup_stm32f767zitx.o
 .ARM.attributes
                0x00000000000001bd       0x37 Drivers/STM32F7xx_HAL_Driver/Src/stm32f7xx_hal.o
 .ARM.attributes
                0x00000000000001f4       0x37 Drivers/STM32F7xx_HAL_Driver/Src/stm32f7xx_hal_cortex.o
 .ARM.attributes
                0x000000000000022b       0x37 Drivers/STM32F7xx_HAL_Driver/Src/stm32f7xx_hal_gpio.o
 .ARM.attributes
                0x0000000000000262       0x37 Drivers/STM32F7xx_HAL_Driver/Src/stm32f7xx_hal_pwr.o
 .ARM.attributes
                0x0000000000000299       0x37 Drivers/STM32F7xx_HAL_Driver/Src/stm32f7xx_hal_rcc.o
 .ARM.attributes
                0x00000000000002d0       0x37 Drivers/STM32F7xx_HAL_Driver/Src/stm32f7xx_hal_rcc_ex.o
 .ARM.attributes
                0x0000000000000307       0x37 Drivers/STM32F7xx_HAL_Driver/Src/stm32f7xx_hal_tim.o
 .ARM.attributes
                0x000000000000033e       0x37 Drivers/STM32F7xx_HAL_Driver/Src/stm32f7xx_hal_tim_ex.o
 .ARM.attributes
                0x0000000000000375       0x37 Drivers/STM32F7xx_HAL_Driver/Src/stm32f7xx_hal_uart.o
 .ARM.attributes
                0x00000000000003ac       0x32 c:/st/stm32cubeide_1.3.0/stm32cubeide/plugins/com.st.stm32cube.ide.mcu.externaltools.gnu-tools-for-stm32.7-2018-q2-update.win32_1.5.0.202011040924/tools/bin/../lib/gcc/arm-none-eabi/7.3.1/../../../../arm-none-eabi/lib/thumb/v7e-m/fpv5/hard\libc_nano.a(lib_a-init.o)
 .ARM.attributes
                0x00000000000003de       0x32 c:/st/stm32cubeide_1.3.0/stm32cubeide/plugins/com.st.stm32cube.ide.mcu.externaltools.gnu-tools-for-stm32.7-2018-q2-update.win32_1.5.0.202011040924/tools/bin/../lib/gcc/arm-none-eabi/7.3.1/../../../../arm-none-eabi/lib/thumb/v7e-m/fpv5/hard\libc_nano.a(lib_a-memset.o)
 .ARM.attributes
                0x0000000000000410       0x20 c:/st/stm32cubeide_1.3.0/stm32cubeide/plugins/com.st.stm32cube.ide.mcu.externaltools.gnu-tools-for-stm32.7-2018-q2-update.win32_1.5.0.202011040924/tools/bin/../lib/gcc/arm-none-eabi/7.3.1/thumb/v7e-m/fpv5/hard\libgcc.a(_aeabi_uldivmod.o)
 .ARM.attributes
                0x0000000000000430       0x32 c:/st/stm32cubeide_1.3.0/stm32cubeide/plugins/com.st.stm32cube.ide.mcu.externaltools.gnu-tools-for-stm32.7-2018-q2-update.win32_1.5.0.202011040924/tools/bin/../lib/gcc/arm-none-eabi/7.3.1/thumb/v7e-m/fpv5/hard\libgcc.a(_udivmoddi4.o)
 .ARM.attributes
                0x0000000000000462       0x20 c:/st/stm32cubeide_1.3.0/stm32cubeide/plugins/com.st.stm32cube.ide.mcu.externaltools.gnu-tools-for-stm32.7-2018-q2-update.win32_1.5.0.202011040924/tools/bin/../lib/gcc/arm-none-eabi/7.3.1/thumb/v7e-m/fpv5/hard\libgcc.a(_dvmd_tls.o)
 .ARM.attributes
                0x0000000000000482       0x20 c:/st/stm32cubeide_1.3.0/stm32cubeide/plugins/com.st.stm32cube.ide.mcu.externaltools.gnu-tools-for-stm32.7-2018-q2-update.win32_1.5.0.202011040924/tools/bin/../lib/gcc/arm-none-eabi/7.3.1/thumb/v7e-m/fpv5/hard/crtn.o
OUTPUT(EmbSynth.elf elf32-littlearm)

.debug_info     0x0000000000000000    0x10161
 .debug_info    0x0000000000000000      0x392 Core/Src/fonts.o
 .debug_info    0x0000000000000392     0x1785 Core/Src/main.o
 .debug_info    0x0000000000001b17     0x10b6 Core/Src/stm32f7xx_hal_msp.o
 .debug_info    0x0000000000002bcd      0x770 Core/Src/stm32f7xx_it.o
 .debug_info    0x000000000000333d      0x73d Core/Src/system_stm32f7xx.o
 .debug_info    0x0000000000003a7a     0x3935 Core/Src/tft.o
 .debug_info    0x00000000000073af       0x22 Core/Startup/startup_stm32f767zitx.o
 .debug_info    0x00000000000073d1      0xa46 Drivers/STM32F7xx_HAL_Driver/Src/stm32f7xx_hal.o
 .debug_info    0x0000000000007e17     0x108c Drivers/STM32F7xx_HAL_Driver/Src/stm32f7xx_hal_cortex.o
 .debug_info    0x0000000000008ea3      0x7e9 Drivers/STM32F7xx_HAL_Driver/Src/stm32f7xx_hal_gpio.o
 .debug_info    0x000000000000968c      0x9b4 Drivers/STM32F7xx_HAL_Driver/Src/stm32f7xx_hal_pwr.o
 .debug_info    0x000000000000a040      0x996 Drivers/STM32F7xx_HAL_Driver/Src/stm32f7xx_hal_rcc.o
 .debug_info    0x000000000000a9d6      0x7d1 Drivers/STM32F7xx_HAL_Driver/Src/stm32f7xx_hal_rcc_ex.o
 .debug_info    0x000000000000b1a7     0x25bc Drivers/STM32F7xx_HAL_Driver/Src/stm32f7xx_hal_tim.o
 .debug_info    0x000000000000d763     0x1307 Drivers/STM32F7xx_HAL_Driver/Src/stm32f7xx_hal_tim_ex.o
 .debug_info    0x000000000000ea6a     0x16f7 Drivers/STM32F7xx_HAL_Driver/Src/stm32f7xx_hal_uart.o

.debug_abbrev   0x0000000000000000     0x1e21
 .debug_abbrev  0x0000000000000000       0xca Core/Src/fonts.o
 .debug_abbrev  0x00000000000000ca      0x251 Core/Src/main.o
 .debug_abbrev  0x000000000000031b      0x1a6 Core/Src/stm32f7xx_hal_msp.o
 .debug_abbrev  0x00000000000004c1      0x15a Core/Src/stm32f7xx_it.o
 .debug_abbrev  0x000000000000061b      0x147 Core/Src/system_stm32f7xx.o
 .debug_abbrev  0x0000000000000762      0x405 Core/Src/tft.o
 .debug_abbrev  0x0000000000000b67       0x12 Core/Startup/startup_stm32f767zitx.o
 .debug_abbrev  0x0000000000000b79      0x1c7 Drivers/STM32F7xx_HAL_Driver/Src/stm32f7xx_hal.o
 .debug_abbrev  0x0000000000000d40      0x2fa Drivers/STM32F7xx_HAL_Driver/Src/stm32f7xx_hal_cortex.o
 .debug_abbrev  0x000000000000103a      0x1c9 Drivers/STM32F7xx_HAL_Driver/Src/stm32f7xx_hal_gpio.o
 .debug_abbrev  0x0000000000001203      0x1b6 Drivers/STM32F7xx_HAL_Driver/Src/stm32f7xx_hal_pwr.o
 .debug_abbrev  0x00000000000013b9      0x268 Drivers/STM32F7xx_HAL_Driver/Src/stm32f7xx_hal_rcc.o
 .debug_abbrev  0x0000000000001621      0x1ad Drivers/STM32F7xx_HAL_Driver/Src/stm32f7xx_hal_rcc_ex.o
 .debug_abbrev  0x00000000000017ce      0x230 Drivers/STM32F7xx_HAL_Driver/Src/stm32f7xx_hal_tim.o
 .debug_abbrev  0x00000000000019fe      0x21e Drivers/STM32F7xx_HAL_Driver/Src/stm32f7xx_hal_tim_ex.o
 .debug_abbrev  0x0000000000001c1c      0x205 Drivers/STM32F7xx_HAL_Driver/Src/stm32f7xx_hal_uart.o

.debug_aranges  0x0000000000000000      0xf68
 .debug_aranges
                0x0000000000000000       0x18 Core/Src/fonts.o
 .debug_aranges
                0x0000000000000018       0x70 Core/Src/main.o
 .debug_aranges
                0x0000000000000088       0x40 Core/Src/stm32f7xx_hal_msp.o
 .debug_aranges
                0x00000000000000c8       0x78 Core/Src/stm32f7xx_it.o
 .debug_aranges
                0x0000000000000140       0x28 Core/Src/system_stm32f7xx.o
 .debug_aranges
                0x0000000000000168      0x2a8 Core/Src/tft.o
 .debug_aranges
                0x0000000000000410       0x28 Core/Startup/startup_stm32f767zitx.o
 .debug_aranges
                0x0000000000000438      0x110 Drivers/STM32F7xx_HAL_Driver/Src/stm32f7xx_hal.o
 .debug_aranges
                0x0000000000000548      0x118 Drivers/STM32F7xx_HAL_Driver/Src/stm32f7xx_hal_cortex.o
 .debug_aranges
                0x0000000000000660       0x58 Drivers/STM32F7xx_HAL_Driver/Src/stm32f7xx_hal_gpio.o
 .debug_aranges
                0x00000000000006b8       0xa0 Drivers/STM32F7xx_HAL_Driver/Src/stm32f7xx_hal_pwr.o
 .debug_aranges
                0x0000000000000758       0x88 Drivers/STM32F7xx_HAL_Driver/Src/stm32f7xx_hal_rcc.o
 .debug_aranges
                0x00000000000007e0       0x50 Drivers/STM32F7xx_HAL_Driver/Src/stm32f7xx_hal_rcc_ex.o
 .debug_aranges
                0x0000000000000830      0x3b8 Drivers/STM32F7xx_HAL_Driver/Src/stm32f7xx_hal_tim.o
 .debug_aranges
                0x0000000000000be8      0x168 Drivers/STM32F7xx_HAL_Driver/Src/stm32f7xx_hal_tim_ex.o
 .debug_aranges
                0x0000000000000d50      0x218 Drivers/STM32F7xx_HAL_Driver/Src/stm32f7xx_hal_uart.o

.debug_macro    0x0000000000000000    0x27736
 .debug_macro   0x0000000000000000       0x6d Core/Src/fonts.o
 .debug_macro   0x000000000000006d      0xa66 Core/Src/fonts.o
 .debug_macro   0x0000000000000ad3       0x22 Core/Src/fonts.o
 .debug_macro   0x0000000000000af5       0x8e Core/Src/fonts.o
 .debug_macro   0x0000000000000b83       0x51 Core/Src/fonts.o
 .debug_macro   0x0000000000000bd4       0xef Core/Src/fonts.o
 .debug_macro   0x0000000000000cc3       0x6a Core/Src/fonts.o
 .debug_macro   0x0000000000000d2d      0x1df Core/Src/fonts.o
 .debug_macro   0x0000000000000f0c      0x221 Core/Src/main.o
 .debug_macro   0x000000000000112d      0x293 Core/Src/main.o
 .debug_macro   0x00000000000013c0       0x2e Core/Src/main.o
 .debug_macro   0x00000000000013ee       0x3b Core/Src/main.o
 .debug_macro   0x0000000000001429       0x1c Core/Src/main.o
 .debug_macro   0x0000000000001445       0x22 Core/Src/main.o
 .debug_macro   0x0000000000001467       0xdf Core/Src/main.o
 .debug_macro   0x0000000000001546     0x12cd Core/Src/main.o
 .debug_macro   0x0000000000002813      0x11f Core/Src/main.o
 .debug_macro   0x0000000000002932       0x19 Core/Src/main.o
 .debug_macro   0x000000000000294b    0x1a9b4 Core/Src/main.o
 .debug_macro   0x000000000001d2ff       0x43 Core/Src/main.o
 .debug_macro   0x000000000001d342     0x36b4 Core/Src/main.o
 .debug_macro   0x00000000000209f6      0x174 Core/Src/main.o
 .debug_macro   0x0000000000020b6a       0x61 Core/Src/main.o
 .debug_macro   0x0000000000020bcb     0x1add Core/Src/main.o
 .debug_macro   0x00000000000226a8      0x6c4 Core/Src/main.o
 .debug_macro   0x0000000000022d6c      0x18b Core/Src/main.o
 .debug_macro   0x0000000000022ef7      0x117 Core/Src/main.o
 .debug_macro   0x000000000002300e      0x26f Core/Src/main.o
 .debug_macro   0x000000000002327d       0x27 Core/Src/main.o
 .debug_macro   0x00000000000232a4      0x24f Core/Src/main.o
 .debug_macro   0x00000000000234f3       0x71 Core/Src/main.o
 .debug_macro   0x0000000000023564       0x58 Core/Src/main.o
 .debug_macro   0x00000000000235bc      0x236 Core/Src/main.o
 .debug_macro   0x00000000000237f2      0x14f Core/Src/main.o
 .debug_macro   0x0000000000023941      0x3dc Core/Src/main.o
 .debug_macro   0x0000000000023d1d       0x12 Core/Src/main.o
 .debug_macro   0x0000000000023d2f      0x22c Core/Src/main.o
 .debug_macro   0x0000000000023f5b       0x61 Core/Src/main.o
 .debug_macro   0x0000000000023fbc       0xa5 Core/Src/main.o
 .debug_macro   0x0000000000024061      0x12f Core/Src/main.o
 .debug_macro   0x0000000000024190      0x108 Core/Src/main.o
 .debug_macro   0x0000000000024298       0x35 Core/Src/main.o
 .debug_macro   0x00000000000242cd      0xa3d Core/Src/main.o
 .debug_macro   0x0000000000024d0a       0xa9 Core/Src/main.o
 .debug_macro   0x0000000000024db3      0x589 Core/Src/main.o
 .debug_macro   0x000000000002533c       0x44 Core/Src/main.o
 .debug_macro   0x0000000000025380      0x15c Core/Src/main.o
 .debug_macro   0x00000000000254dc      0x178 Core/Src/main.o
 .debug_macro   0x0000000000025654       0x22 Core/Src/main.o
 .debug_macro   0x0000000000025676       0x64 Core/Src/main.o
 .debug_macro   0x00000000000256da       0x3a Core/Src/main.o
 .debug_macro   0x0000000000025714      0x1f2 Core/Src/stm32f7xx_hal_msp.o
 .debug_macro   0x0000000000025906      0x1fc Core/Src/stm32f7xx_it.o
 .debug_macro   0x0000000000025b02      0x1e9 Core/Src/system_stm32f7xx.o
 .debug_macro   0x0000000000025ceb      0x425 Core/Src/tft.o
 .debug_macro   0x0000000000026110       0x46 Core/Src/tft.o
 .debug_macro   0x0000000000026156      0x32a Core/Src/tft.o
 .debug_macro   0x0000000000026480       0x10 Core/Src/tft.o
 .debug_macro   0x0000000000026490       0x20 Core/Src/tft.o
 .debug_macro   0x00000000000264b0       0xd1 Core/Src/tft.o
 .debug_macro   0x0000000000026581      0x207 Drivers/STM32F7xx_HAL_Driver/Src/stm32f7xx_hal.o
 .debug_macro   0x0000000000026788      0x1e3 Drivers/STM32F7xx_HAL_Driver/Src/stm32f7xx_hal_cortex.o
 .debug_macro   0x000000000002696b      0x219 Drivers/STM32F7xx_HAL_Driver/Src/stm32f7xx_hal_gpio.o
 .debug_macro   0x0000000000026b84      0x201 Drivers/STM32F7xx_HAL_Driver/Src/stm32f7xx_hal_pwr.o
 .debug_macro   0x0000000000026d85      0x207 Drivers/STM32F7xx_HAL_Driver/Src/stm32f7xx_hal_rcc.o
 .debug_macro   0x0000000000026f8c      0x1e3 Drivers/STM32F7xx_HAL_Driver/Src/stm32f7xx_hal_rcc_ex.o
 .debug_macro   0x000000000002716f      0x1e4 Drivers/STM32F7xx_HAL_Driver/Src/stm32f7xx_hal_tim.o
 .debug_macro   0x0000000000027353      0x1e3 Drivers/STM32F7xx_HAL_Driver/Src/stm32f7xx_hal_tim_ex.o
 .debug_macro   0x0000000000027536      0x200 Drivers/STM32F7xx_HAL_Driver/Src/stm32f7xx_hal_uart.o

.debug_line     0x0000000000000000     0xae77
 .debug_line    0x0000000000000000      0x38a Core/Src/fonts.o
 .debug_line    0x000000000000038a      0x8c8 Core/Src/main.o
 .debug_line    0x0000000000000c52      0x77c Core/Src/stm32f7xx_hal_msp.o
 .debug_line    0x00000000000013ce      0x7c8 Core/Src/stm32f7xx_it.o
 .debug_line    0x0000000000001b96      0x705 Core/Src/system_stm32f7xx.o
 .debug_line    0x000000000000229b     0x1931 Core/Src/tft.o
 .debug_line    0x0000000000003bcc       0x85 Core/Startup/startup_stm32f767zitx.o
 .debug_line    0x0000000000003c51      0x938 Drivers/STM32F7xx_HAL_Driver/Src/stm32f7xx_hal.o
 .debug_line    0x0000000000004589      0xa15 Drivers/STM32F7xx_HAL_Driver/Src/stm32f7xx_hal_cortex.o
 .debug_line    0x0000000000004f9e      0x8f9 Drivers/STM32F7xx_HAL_Driver/Src/stm32f7xx_hal_gpio.o
 .debug_line    0x0000000000005897      0x859 Drivers/STM32F7xx_HAL_Driver/Src/stm32f7xx_hal_pwr.o
 .debug_line    0x00000000000060f0      0x99e Drivers/STM32F7xx_HAL_Driver/Src/stm32f7xx_hal_rcc.o
 .debug_line    0x0000000000006a8e      0x915 Drivers/STM32F7xx_HAL_Driver/Src/stm32f7xx_hal_rcc_ex.o
 .debug_line    0x00000000000073a3     0x1a31 Drivers/STM32F7xx_HAL_Driver/Src/stm32f7xx_hal_tim.o
 .debug_line    0x0000000000008dd4      0xdeb Drivers/STM32F7xx_HAL_Driver/Src/stm32f7xx_hal_tim_ex.o
 .debug_line    0x0000000000009bbf     0x12b8 Drivers/STM32F7xx_HAL_Driver/Src/stm32f7xx_hal_uart.o

.debug_str      0x0000000000000000    0xfa698
 .debug_str     0x0000000000000000     0x3c95 Core/Src/fonts.o
                                       0x3e25 (size before relaxing)
 .debug_str     0x0000000000003c95    0xef81c Core/Src/main.o
                                      0xf3bb7 (size before relaxing)
 .debug_str     0x00000000000f34b1       0x8c Core/Src/stm32f7xx_hal_msp.o
                                      0xf338e (size before relaxing)
 .debug_str     0x00000000000f353d       0xf5 Core/Src/stm32f7xx_it.o
                                      0xf2a5a (size before relaxing)
 .debug_str     0x00000000000f3632      0x18d Core/Src/system_stm32f7xx.o
                                      0xf2177 (size before relaxing)
 .debug_str     0x00000000000f37bf     0x43d9 Core/Src/tft.o
                                      0xf6ada (size before relaxing)
 .debug_str     0x00000000000f7b98       0x36 Core/Startup/startup_stm32f767zitx.o
                                         0x86 (size before relaxing)
 .debug_str     0x00000000000f7bce      0x3c7 Drivers/STM32F7xx_HAL_Driver/Src/stm32f7xx_hal.o
                                      0xf2b00 (size before relaxing)
 .debug_str     0x00000000000f7f95      0x38f Drivers/STM32F7xx_HAL_Driver/Src/stm32f7xx_hal_cortex.o
                                      0xf2b6c (size before relaxing)
 .debug_str     0x00000000000f8324      0x21e Drivers/STM32F7xx_HAL_Driver/Src/stm32f7xx_hal_gpio.o
                                      0xf234d (size before relaxing)
 .debug_str     0x00000000000f8542      0x2c5 Drivers/STM32F7xx_HAL_Driver/Src/stm32f7xx_hal_pwr.o
                                      0xf242f (size before relaxing)
 .debug_str     0x00000000000f8807      0x27f Drivers/STM32F7xx_HAL_Driver/Src/stm32f7xx_hal_rcc.o
                                      0xf24ab (size before relaxing)
 .debug_str     0x00000000000f8a86      0x169 Drivers/STM32F7xx_HAL_Driver/Src/stm32f7xx_hal_rcc_ex.o
                                      0xf2460 (size before relaxing)
 .debug_str     0x00000000000f8bef      0xd14 Drivers/STM32F7xx_HAL_Driver/Src/stm32f7xx_hal_tim.o
                                      0xf3203 (size before relaxing)
 .debug_str     0x00000000000f9903      0x5a2 Drivers/STM32F7xx_HAL_Driver/Src/stm32f7xx_hal_tim_ex.o
                                      0xf2b16 (size before relaxing)
 .debug_str     0x00000000000f9ea5      0x7f3 Drivers/STM32F7xx_HAL_Driver/Src/stm32f7xx_hal_uart.o
                                      0xf2cf0 (size before relaxing)

.comment        0x0000000000000000       0x7b
 .comment       0x0000000000000000       0x7b Core/Src/fonts.o
                                         0x7c (size before relaxing)
 .comment       0x000000000000007b       0x7c Core/Src/main.o
 .comment       0x000000000000007b       0x7c Core/Src/stm32f7xx_hal_msp.o
 .comment       0x000000000000007b       0x7c Core/Src/stm32f7xx_it.o
 .comment       0x000000000000007b       0x7c Core/Src/system_stm32f7xx.o
 .comment       0x000000000000007b       0x7c Core/Src/tft.o
 .comment       0x000000000000007b       0x7c Drivers/STM32F7xx_HAL_Driver/Src/stm32f7xx_hal.o
 .comment       0x000000000000007b       0x7c Drivers/STM32F7xx_HAL_Driver/Src/stm32f7xx_hal_cortex.o
 .comment       0x000000000000007b       0x7c Drivers/STM32F7xx_HAL_Driver/Src/stm32f7xx_hal_gpio.o
 .comment       0x000000000000007b       0x7c Drivers/STM32F7xx_HAL_Driver/Src/stm32f7xx_hal_pwr.o
 .comment       0x000000000000007b       0x7c Drivers/STM32F7xx_HAL_Driver/Src/stm32f7xx_hal_rcc.o
 .comment       0x000000000000007b       0x7c Drivers/STM32F7xx_HAL_Driver/Src/stm32f7xx_hal_rcc_ex.o
 .comment       0x000000000000007b       0x7c Drivers/STM32F7xx_HAL_Driver/Src/stm32f7xx_hal_tim.o
 .comment       0x000000000000007b       0x7c Drivers/STM32F7xx_HAL_Driver/Src/stm32f7xx_hal_tim_ex.o
 .comment       0x000000000000007b       0x7c Drivers/STM32F7xx_HAL_Driver/Src/stm32f7xx_hal_uart.o

.debug_ranges   0x0000000000000000      0xe80
 .debug_ranges  0x0000000000000000       0x60 Core/Src/main.o
 .debug_ranges  0x0000000000000060       0x30 Core/Src/stm32f7xx_hal_msp.o
 .debug_ranges  0x0000000000000090       0x68 Core/Src/stm32f7xx_it.o
 .debug_ranges  0x00000000000000f8       0x18 Core/Src/system_stm32f7xx.o
 .debug_ranges  0x0000000000000110      0x2b0 Core/Src/tft.o
 .debug_ranges  0x00000000000003c0       0x20 Core/Startup/startup_stm32f767zitx.o
 .debug_ranges  0x00000000000003e0      0x100 Drivers/STM32F7xx_HAL_Driver/Src/stm32f7xx_hal.o
 .debug_ranges  0x00000000000004e0      0x108 Drivers/STM32F7xx_HAL_Driver/Src/stm32f7xx_hal_cortex.o
 .debug_ranges  0x00000000000005e8       0x48 Drivers/STM32F7xx_HAL_Driver/Src/stm32f7xx_hal_gpio.o
 .debug_ranges  0x0000000000000630       0x90 Drivers/STM32F7xx_HAL_Driver/Src/stm32f7xx_hal_pwr.o
 .debug_ranges  0x00000000000006c0       0x78 Drivers/STM32F7xx_HAL_Driver/Src/stm32f7xx_hal_rcc.o
 .debug_ranges  0x0000000000000738       0x40 Drivers/STM32F7xx_HAL_Driver/Src/stm32f7xx_hal_rcc_ex.o
 .debug_ranges  0x0000000000000778      0x3a8 Drivers/STM32F7xx_HAL_Driver/Src/stm32f7xx_hal_tim.o
 .debug_ranges  0x0000000000000b20      0x158 Drivers/STM32F7xx_HAL_Driver/Src/stm32f7xx_hal_tim_ex.o
 .debug_ranges  0x0000000000000c78      0x208 Drivers/STM32F7xx_HAL_Driver/Src/stm32f7xx_hal_uart.o

.debug_frame    0x0000000000000000     0x4150
 .debug_frame   0x0000000000000000      0x180 Core/Src/main.o
 .debug_frame   0x0000000000000180       0xc8 Core/Src/stm32f7xx_hal_msp.o
 .debug_frame   0x0000000000000248      0x160 Core/Src/stm32f7xx_it.o
 .debug_frame   0x00000000000003a8       0x58 Core/Src/system_stm32f7xx.o
 .debug_frame   0x0000000000000400      0xc58 Core/Src/tft.o
 .debug_frame   0x0000000000001058      0x3f4 Drivers/STM32F7xx_HAL_Driver/Src/stm32f7xx_hal.o
 .debug_frame   0x000000000000144c      0x498 Drivers/STM32F7xx_HAL_Driver/Src/stm32f7xx_hal_cortex.o
 .debug_frame   0x00000000000018e4      0x14c Drivers/STM32F7xx_HAL_Driver/Src/stm32f7xx_hal_gpio.o
 .debug_frame   0x0000000000001a30      0x254 Drivers/STM32F7xx_HAL_Driver/Src/stm32f7xx_hal_pwr.o
 .debug_frame   0x0000000000001c84      0x1f4 Drivers/STM32F7xx_HAL_Driver/Src/stm32f7xx_hal_rcc.o
 .debug_frame   0x0000000000001e78      0x118 Drivers/STM32F7xx_HAL_Driver/Src/stm32f7xx_hal_rcc_ex.o
 .debug_frame   0x0000000000001f90     0x1144 Drivers/STM32F7xx_HAL_Driver/Src/stm32f7xx_hal_tim.o
 .debug_frame   0x00000000000030d4      0x638 Drivers/STM32F7xx_HAL_Driver/Src/stm32f7xx_hal_tim_ex.o
 .debug_frame   0x000000000000370c      0x998 Drivers/STM32F7xx_HAL_Driver/Src/stm32f7xx_hal_uart.o
 .debug_frame   0x00000000000040a4       0x2c c:/st/stm32cubeide_1.3.0/stm32cubeide/plugins/com.st.stm32cube.ide.mcu.externaltools.gnu-tools-for-stm32.7-2018-q2-update.win32_1.5.0.202011040924/tools/bin/../lib/gcc/arm-none-eabi/7.3.1/../../../../arm-none-eabi/lib/thumb/v7e-m/fpv5/hard\libc_nano.a(lib_a-init.o)
 .debug_frame   0x00000000000040d0       0x20 c:/st/stm32cubeide_1.3.0/stm32cubeide/plugins/com.st.stm32cube.ide.mcu.externaltools.gnu-tools-for-stm32.7-2018-q2-update.win32_1.5.0.202011040924/tools/bin/../lib/gcc/arm-none-eabi/7.3.1/../../../../arm-none-eabi/lib/thumb/v7e-m/fpv5/hard\libc_nano.a(lib_a-memset.o)
 .debug_frame   0x00000000000040f0       0x2c c:/st/stm32cubeide_1.3.0/stm32cubeide/plugins/com.st.stm32cube.ide.mcu.externaltools.gnu-tools-for-stm32.7-2018-q2-update.win32_1.5.0.202011040924/tools/bin/../lib/gcc/arm-none-eabi/7.3.1/thumb/v7e-m/fpv5/hard\libgcc.a(_aeabi_uldivmod.o)
 .debug_frame   0x000000000000411c       0x34 c:/st/stm32cubeide_1.3.0/stm32cubeide/plugins/com.st.stm32cube.ide.mcu.externaltools.gnu-tools-for-stm32.7-2018-q2-update.win32_1.5.0.202011040924/tools/bin/../lib/gcc/arm-none-eabi/7.3.1/thumb/v7e-m/fpv5/hard\libgcc.a(_udivmoddi4.o)
