main.c:161:5:main	24	static
main.c:327:6:SystemClock_Config	232	static
main.c:383:13:MX_DAC_Init	16	static
main.c:427:13:MX_TIM1_Init	40	static
main.c:474:13:MX_TIM2_Init	40	static
main.c:519:13:MX_TIM6_Init	24	static
main.c:557:13:MX_TIM14_Init	8	static
main.c:588:13:MX_UART4_Init	8	static
main.c:623:13:MX_USART3_UART_Init	8	static
main.c:656:13:MX_DMA_Init	16	static
main.c:680:13:MX_GPIO_Init	64	static
main.c:824:6:HAL_GPIO_EXTI_Callback	16	static
main.c:832:6:HAL_TIM_PeriodElapsedCallback	16	static
main.c:855:6:HAL_UART_RxCpltCallback	32	static
main.c:902:6:Error_Handler	4	static
