main.c:127:5:main	24	static
main.c:277:6:SystemClock_Config	232	static
main.c:333:13:MX_DAC_Init	16	static
main.c:377:13:MX_TIM1_Init	40	static
main.c:424:13:MX_TIM2_Init	40	static
main.c:469:13:MX_TIM6_Init	24	static
main.c:507:13:MX_TIM14_Init	8	static
main.c:538:13:MX_UART4_Init	8	static
main.c:573:13:MX_USART3_UART_Init	8	static
main.c:606:13:MX_DMA_Init	16	static
main.c:630:13:MX_GPIO_Init	64	static
main.c:774:6:HAL_GPIO_EXTI_Callback	16	static
main.c:782:6:HAL_TIM_PeriodElapsedCallback	16	static
main.c:810:6:HAL_UART_RxCpltCallback	24	static
main.c:822:6:get_sineval	16	static
main.c:833:6:Error_Handler	4	static
